Archive member included to satisfy reference by file (symbol)

c:/st/stm32cubeide_1.9.0/stm32cubeide/plugins/com.st.stm32cube.ide.mcu.externaltools.gnu-tools-for-stm32.10.3-2021.10.win32_1.0.0.202111181127/tools/bin/../lib/gcc/arm-none-eabi/10.3.1/../../../../arm-none-eabi/lib/thumb/v8-m.main+fp/hard\libc_nano.a(lib_a-errno.o)
                              ./Core/Src/syscalls.o (__errno)
c:/st/stm32cubeide_1.9.0/stm32cubeide/plugins/com.st.stm32cube.ide.mcu.externaltools.gnu-tools-for-stm32.10.3-2021.10.win32_1.0.0.202111181127/tools/bin/../lib/gcc/arm-none-eabi/10.3.1/../../../../arm-none-eabi/lib/thumb/v8-m.main+fp/hard\libc_nano.a(lib_a-exit.o)
                              c:/st/stm32cubeide_1.9.0/stm32cubeide/plugins/com.st.stm32cube.ide.mcu.externaltools.gnu-tools-for-stm32.10.3-2021.10.win32_1.0.0.202111181127/tools/bin/../lib/gcc/arm-none-eabi/10.3.1/../../../../arm-none-eabi/lib/thumb/v8-m.main+fp/hard/crt0.o (exit)
c:/st/stm32cubeide_1.9.0/stm32cubeide/plugins/com.st.stm32cube.ide.mcu.externaltools.gnu-tools-for-stm32.10.3-2021.10.win32_1.0.0.202111181127/tools/bin/../lib/gcc/arm-none-eabi/10.3.1/../../../../arm-none-eabi/lib/thumb/v8-m.main+fp/hard\libc_nano.a(lib_a-impure.o)
                              c:/st/stm32cubeide_1.9.0/stm32cubeide/plugins/com.st.stm32cube.ide.mcu.externaltools.gnu-tools-for-stm32.10.3-2021.10.win32_1.0.0.202111181127/tools/bin/../lib/gcc/arm-none-eabi/10.3.1/../../../../arm-none-eabi/lib/thumb/v8-m.main+fp/hard\libc_nano.a(lib_a-exit.o) (_global_impure_ptr)
c:/st/stm32cubeide_1.9.0/stm32cubeide/plugins/com.st.stm32cube.ide.mcu.externaltools.gnu-tools-for-stm32.10.3-2021.10.win32_1.0.0.202111181127/tools/bin/../lib/gcc/arm-none-eabi/10.3.1/../../../../arm-none-eabi/lib/thumb/v8-m.main+fp/hard\libc_nano.a(lib_a-init.o)
                              c:/st/stm32cubeide_1.9.0/stm32cubeide/plugins/com.st.stm32cube.ide.mcu.externaltools.gnu-tools-for-stm32.10.3-2021.10.win32_1.0.0.202111181127/tools/bin/../lib/gcc/arm-none-eabi/10.3.1/../../../../arm-none-eabi/lib/thumb/v8-m.main+fp/hard/crt0.o (__libc_init_array)
c:/st/stm32cubeide_1.9.0/stm32cubeide/plugins/com.st.stm32cube.ide.mcu.externaltools.gnu-tools-for-stm32.10.3-2021.10.win32_1.0.0.202111181127/tools/bin/../lib/gcc/arm-none-eabi/10.3.1/../../../../arm-none-eabi/lib/thumb/v8-m.main+fp/hard\libc_nano.a(lib_a-memset.o)
                              c:/st/stm32cubeide_1.9.0/stm32cubeide/plugins/com.st.stm32cube.ide.mcu.externaltools.gnu-tools-for-stm32.10.3-2021.10.win32_1.0.0.202111181127/tools/bin/../lib/gcc/arm-none-eabi/10.3.1/../../../../arm-none-eabi/lib/thumb/v8-m.main+fp/hard/crt0.o (memset)
c:/st/stm32cubeide_1.9.0/stm32cubeide/plugins/com.st.stm32cube.ide.mcu.externaltools.gnu-tools-for-stm32.10.3-2021.10.win32_1.0.0.202111181127/tools/bin/../lib/gcc/arm-none-eabi/10.3.1/thumb/v8-m.main+fp/hard\libgcc.a(_arm_addsubdf3.o)
                              ./Core/Src/fmc.o (__aeabi_dsub)
c:/st/stm32cubeide_1.9.0/stm32cubeide/plugins/com.st.stm32cube.ide.mcu.externaltools.gnu-tools-for-stm32.10.3-2021.10.win32_1.0.0.202111181127/tools/bin/../lib/gcc/arm-none-eabi/10.3.1/thumb/v8-m.main+fp/hard\libgcc.a(_arm_muldivdf3.o)
                              ./Core/Src/fmc.o (__aeabi_ddiv)
c:/st/stm32cubeide_1.9.0/stm32cubeide/plugins/com.st.stm32cube.ide.mcu.externaltools.gnu-tools-for-stm32.10.3-2021.10.win32_1.0.0.202111181127/tools/bin/../lib/gcc/arm-none-eabi/10.3.1/thumb/v8-m.main+fp/hard\libgcc.a(_arm_fixdfsi.o)
                              ./Core/Src/fmc.o (__aeabi_d2iz)
c:/st/stm32cubeide_1.9.0/stm32cubeide/plugins/com.st.stm32cube.ide.mcu.externaltools.gnu-tools-for-stm32.10.3-2021.10.win32_1.0.0.202111181127/tools/bin/../lib/gcc/arm-none-eabi/10.3.1/thumb/v8-m.main+fp/hard\libgcc.a(_aeabi_uldivmod.o)
                              ./Drivers/STM32U5xx_HAL_Driver/Src/stm32u5xx_hal_uart.o (__aeabi_uldivmod)
c:/st/stm32cubeide_1.9.0/stm32cubeide/plugins/com.st.stm32cube.ide.mcu.externaltools.gnu-tools-for-stm32.10.3-2021.10.win32_1.0.0.202111181127/tools/bin/../lib/gcc/arm-none-eabi/10.3.1/thumb/v8-m.main+fp/hard\libgcc.a(_udivmoddi4.o)
                              c:/st/stm32cubeide_1.9.0/stm32cubeide/plugins/com.st.stm32cube.ide.mcu.externaltools.gnu-tools-for-stm32.10.3-2021.10.win32_1.0.0.202111181127/tools/bin/../lib/gcc/arm-none-eabi/10.3.1/thumb/v8-m.main+fp/hard\libgcc.a(_aeabi_uldivmod.o) (__udivmoddi4)
c:/st/stm32cubeide_1.9.0/stm32cubeide/plugins/com.st.stm32cube.ide.mcu.externaltools.gnu-tools-for-stm32.10.3-2021.10.win32_1.0.0.202111181127/tools/bin/../lib/gcc/arm-none-eabi/10.3.1/thumb/v8-m.main+fp/hard\libgcc.a(_dvmd_tls.o)
                              c:/st/stm32cubeide_1.9.0/stm32cubeide/plugins/com.st.stm32cube.ide.mcu.externaltools.gnu-tools-for-stm32.10.3-2021.10.win32_1.0.0.202111181127/tools/bin/../lib/gcc/arm-none-eabi/10.3.1/thumb/v8-m.main+fp/hard\libgcc.a(_aeabi_uldivmod.o) (__aeabi_ldiv0)

Discarded input sections

[...]
Memory Configuration

Name             Origin             Length             Attributes
RAM              0x0000000020000000 0x00000000000c0000 xrw
SRAM4            0x0000000028000000 0x0000000000004000 xrw
FLASH            0x0000000008000000 0x0000000000200000 xr
*default*        0x0000000000000000 0xffffffffffffffff

Linker script and memory map

LOAD c:/st/stm32cubeide_1.9.0/stm32cubeide/plugins/com.st.stm32cube.ide.mcu.externaltools.gnu-tools-for-stm32.10.3-2021.10.win32_1.0.0.202111181127/tools/bin/../lib/gcc/arm-none-eabi/10.3.1/thumb/v8-m.main+fp/hard/crti.o
LOAD c:/st/stm32cubeide_1.9.0/stm32cubeide/plugins/com.st.stm32cube.ide.mcu.externaltools.gnu-tools-for-stm32.10.3-2021.10.win32_1.0.0.202111181127/tools/bin/../lib/gcc/arm-none-eabi/10.3.1/thumb/v8-m.main+fp/hard/crtbegin.o
LOAD c:/st/stm32cubeide_1.9.0/stm32cubeide/plugins/com.st.stm32cube.ide.mcu.externaltools.gnu-tools-for-stm32.10.3-2021.10.win32_1.0.0.202111181127/tools/bin/../lib/gcc/arm-none-eabi/10.3.1/../../../../arm-none-eabi/lib/thumb/v8-m.main+fp/hard/crt0.o
LOAD ./Core/Src/fmc.o
LOAD ./Core/Src/main.o
LOAD ./Core/Src/my_ST7789v.o
LOAD ./Core/Src/stm32u5xx_hal_msp.o
LOAD ./Core/Src/stm32u5xx_it.o
LOAD ./Core/Src/syscalls.o
LOAD ./Core/Src/sysmem.o
LOAD ./Core/Src/system_stm32u5xx.o
LOAD ./Core/Startup/startup_stm32u575zitxq.o
LOAD ./Drivers/STM32U5xx_HAL_Driver/Src/stm32u5xx_hal.o
LOAD ./Drivers/STM32U5xx_HAL_Driver/Src/stm32u5xx_hal_adc.o
LOAD ./Drivers/STM32U5xx_HAL_Driver/Src/stm32u5xx_hal_adc_ex.o
LOAD ./Drivers/STM32U5xx_HAL_Driver/Src/stm32u5xx_hal_cortex.o
LOAD ./Drivers/STM32U5xx_HAL_Driver/Src/stm32u5xx_hal_dma.o
LOAD ./Drivers/STM32U5xx_HAL_Driver/Src/stm32u5xx_hal_dma_ex.o
LOAD ./Drivers/STM32U5xx_HAL_Driver/Src/stm32u5xx_hal_exti.o
LOAD ./Drivers/STM32U5xx_HAL_Driver/Src/stm32u5xx_hal_flash.o
LOAD ./Drivers/STM32U5xx_HAL_Driver/Src/stm32u5xx_hal_flash_ex.o
LOAD ./Drivers/STM32U5xx_HAL_Driver/Src/stm32u5xx_hal_gpio.o
LOAD ./Drivers/STM32U5xx_HAL_Driver/Src/stm32u5xx_hal_gtzc.o
LOAD ./Drivers/STM32U5xx_HAL_Driver/Src/stm32u5xx_hal_i2c.o
LOAD ./Drivers/STM32U5xx_HAL_Driver/Src/stm32u5xx_hal_i2c_ex.o
LOAD ./Drivers/STM32U5xx_HAL_Driver/Src/stm32u5xx_hal_icache.o
LOAD ./Drivers/STM32U5xx_HAL_Driver/Src/stm32u5xx_hal_pcd.o
LOAD ./Drivers/STM32U5xx_HAL_Driver/Src/stm32u5xx_hal_pcd_ex.o
LOAD ./Drivers/STM32U5xx_HAL_Driver/Src/stm32u5xx_hal_pwr.o
LOAD ./Drivers/STM32U5xx_HAL_Driver/Src/stm32u5xx_hal_pwr_ex.o
LOAD ./Drivers/STM32U5xx_HAL_Driver/Src/stm32u5xx_hal_rcc.o
LOAD ./Drivers/STM32U5xx_HAL_Driver/Src/stm32u5xx_hal_rcc_ex.o
LOAD ./Drivers/STM32U5xx_HAL_Driver/Src/stm32u5xx_hal_sram.o
LOAD ./Drivers/STM32U5xx_HAL_Driver/Src/stm32u5xx_hal_tim.o
LOAD ./Drivers/STM32U5xx_HAL_Driver/Src/stm32u5xx_hal_tim_ex.o
LOAD ./Drivers/STM32U5xx_HAL_Driver/Src/stm32u5xx_hal_uart.o
LOAD ./Drivers/STM32U5xx_HAL_Driver/Src/stm32u5xx_hal_uart_ex.o
LOAD ./Drivers/STM32U5xx_HAL_Driver/Src/stm32u5xx_ll_dma.o
LOAD ./Drivers/STM32U5xx_HAL_Driver/Src/stm32u5xx_ll_exti.o
LOAD ./Drivers/STM32U5xx_HAL_Driver/Src/stm32u5xx_ll_fmc.o
LOAD ./Drivers/STM32U5xx_HAL_Driver/Src/stm32u5xx_ll_gpio.o
LOAD ./Drivers/STM32U5xx_HAL_Driver/Src/stm32u5xx_ll_lpgpio.o
LOAD ./Drivers/STM32U5xx_HAL_Driver/Src/stm32u5xx_ll_ucpd.o
LOAD ./Drivers/STM32U5xx_HAL_Driver/Src/stm32u5xx_ll_usb.o
LOAD ./Drivers/STM32U5xx_HAL_Driver/Src/stm32u5xx_ll_utils.o
START GROUP
LOAD c:/st/stm32cubeide_1.9.0/stm32cubeide/plugins/com.st.stm32cube.ide.mcu.externaltools.gnu-tools-for-stm32.10.3-2021.10.win32_1.0.0.202111181127/tools/bin/../lib/gcc/arm-none-eabi/10.3.1/../../../../arm-none-eabi/lib/thumb/v8-m.main+fp/hard\libstdc++_nano.a
LOAD c:/st/stm32cubeide_1.9.0/stm32cubeide/plugins/com.st.stm32cube.ide.mcu.externaltools.gnu-tools-for-stm32.10.3-2021.10.win32_1.0.0.202111181127/tools/bin/../lib/gcc/arm-none-eabi/10.3.1/../../../../arm-none-eabi/lib/thumb/v8-m.main+fp/hard\libsupc++_nano.a
END GROUP
LOAD c:/st/stm32cubeide_1.9.0/stm32cubeide/plugins/com.st.stm32cube.ide.mcu.externaltools.gnu-tools-for-stm32.10.3-2021.10.win32_1.0.0.202111181127/tools/bin/../lib/gcc/arm-none-eabi/10.3.1/../../../../arm-none-eabi/lib/thumb/v8-m.main+fp/hard\libstdc++_nano.a
LOAD c:/st/stm32cubeide_1.9.0/stm32cubeide/plugins/com.st.stm32cube.ide.mcu.externaltools.gnu-tools-for-stm32.10.3-2021.10.win32_1.0.0.202111181127/tools/bin/../lib/gcc/arm-none-eabi/10.3.1/../../../../arm-none-eabi/lib/thumb/v8-m.main+fp/hard\libm.a
LOAD c:/st/stm32cubeide_1.9.0/stm32cubeide/plugins/com.st.stm32cube.ide.mcu.externaltools.gnu-tools-for-stm32.10.3-2021.10.win32_1.0.0.202111181127/tools/bin/../lib/gcc/arm-none-eabi/10.3.1/../../../../arm-none-eabi/lib/thumb/v8-m.main+fp/hard\libc_nano.a
START GROUP
LOAD c:/st/stm32cubeide_1.9.0/stm32cubeide/plugins/com.st.stm32cube.ide.mcu.externaltools.gnu-tools-for-stm32.10.3-2021.10.win32_1.0.0.202111181127/tools/bin/../lib/gcc/arm-none-eabi/10.3.1/thumb/v8-m.main+fp/hard\libgcc.a
LOAD c:/st/stm32cubeide_1.9.0/stm32cubeide/plugins/com.st.stm32cube.ide.mcu.externaltools.gnu-tools-for-stm32.10.3-2021.10.win32_1.0.0.202111181127/tools/bin/../lib/gcc/arm-none-eabi/10.3.1/../../../../arm-none-eabi/lib/thumb/v8-m.main+fp/hard\libc_nano.a
END GROUP
START GROUP
LOAD c:/st/stm32cubeide_1.9.0/stm32cubeide/plugins/com.st.stm32cube.ide.mcu.externaltools.gnu-tools-for-stm32.10.3-2021.10.win32_1.0.0.202111181127/tools/bin/../lib/gcc/arm-none-eabi/10.3.1/thumb/v8-m.main+fp/hard\libgcc.a
LOAD c:/st/stm32cubeide_1.9.0/stm32cubeide/plugins/com.st.stm32cube.ide.mcu.externaltools.gnu-tools-for-stm32.10.3-2021.10.win32_1.0.0.202111181127/tools/bin/../lib/gcc/arm-none-eabi/10.3.1/../../../../arm-none-eabi/lib/thumb/v8-m.main+fp/hard\libc_nano.a
LOAD c:/st/stm32cubeide_1.9.0/stm32cubeide/plugins/com.st.stm32cube.ide.mcu.externaltools.gnu-tools-for-stm32.10.3-2021.10.win32_1.0.0.202111181127/tools/bin/../lib/gcc/arm-none-eabi/10.3.1/../../../../arm-none-eabi/lib/thumb/v8-m.main+fp/hard\libnosys.a
END GROUP
START GROUP
LOAD c:/st/stm32cubeide_1.9.0/stm32cubeide/plugins/com.st.stm32cube.ide.mcu.externaltools.gnu-tools-for-stm32.10.3-2021.10.win32_1.0.0.202111181127/tools/bin/../lib/gcc/arm-none-eabi/10.3.1/thumb/v8-m.main+fp/hard\libgcc.a
LOAD c:/st/stm32cubeide_1.9.0/stm32cubeide/plugins/com.st.stm32cube.ide.mcu.externaltools.gnu-tools-for-stm32.10.3-2021.10.win32_1.0.0.202111181127/tools/bin/../lib/gcc/arm-none-eabi/10.3.1/../../../../arm-none-eabi/lib/thumb/v8-m.main+fp/hard\libc_nano.a
LOAD c:/st/stm32cubeide_1.9.0/stm32cubeide/plugins/com.st.stm32cube.ide.mcu.externaltools.gnu-tools-for-stm32.10.3-2021.10.win32_1.0.0.202111181127/tools/bin/../lib/gcc/arm-none-eabi/10.3.1/../../../../arm-none-eabi/lib/thumb/v8-m.main+fp/hard\libnosys.a
END GROUP
LOAD c:/st/stm32cubeide_1.9.0/stm32cubeide/plugins/com.st.stm32cube.ide.mcu.externaltools.gnu-tools-for-stm32.10.3-2021.10.win32_1.0.0.202111181127/tools/bin/../lib/gcc/arm-none-eabi/10.3.1/thumb/v8-m.main+fp/hard/crtend.o
LOAD c:/st/stm32cubeide_1.9.0/stm32cubeide/plugins/com.st.stm32cube.ide.mcu.externaltools.gnu-tools-for-stm32.10.3-2021.10.win32_1.0.0.202111181127/tools/bin/../lib/gcc/arm-none-eabi/10.3.1/thumb/v8-m.main+fp/hard/crtn.o
                0x00000000200c0000                _estack = (ORIGIN (RAM) + LENGTH (RAM))
                0x0000000000000200                _Min_Heap_Size = 0x200
                0x0000000000000400                _Min_Stack_Size = 0x400

.isr_vector     0x0000000008000000      0x234
 *(.isr_vector)
 .isr_vector    0x0000000008000000      0x234 ./Core/Startup/startup_stm32u575zitxq.o
                0x0000000008000000                g_pfnVectors

.text           0x0000000008000234     0x93f8
 *(.text)
 .text          0x0000000008000234       0x40 c:/st/stm32cubeide_1.9.0/stm32cubeide/plugins/com.st.stm32cube.ide.mcu.externaltools.gnu-tools-for-stm32.10.3-2021.10.win32_1.0.0.202111181127/tools/bin/../lib/gcc/arm-none-eabi/10.3.1/thumb/v8-m.main+fp/hard/crtbegin.o
 .text          0x0000000008000274       0x30 c:/st/stm32cubeide_1.9.0/stm32cubeide/plugins/com.st.stm32cube.ide.mcu.externaltools.gnu-tools-for-stm32.10.3-2021.10.win32_1.0.0.202111181127/tools/bin/../lib/gcc/arm-none-eabi/10.3.1/thumb/v8-m.main+fp/hard\libgcc.a(_aeabi_uldivmod.o)
                0x0000000008000274                __aeabi_uldivmod
 .text          0x00000000080002a4      0x2ec c:/st/stm32cubeide_1.9.0/stm32cubeide/plugins/com.st.stm32cube.ide.mcu.externaltools.gnu-tools-for-stm32.10.3-2021.10.win32_1.0.0.202111181127/tools/bin/../lib/gcc/arm-none-eabi/10.3.1/thumb/v8-m.main+fp/hard\libgcc.a(_udivmoddi4.o)
                0x00000000080002a4                __udivmoddi4
 .text          0x0000000008000590        0x4 c:/st/stm32cubeide_1.9.0/stm32cubeide/plugins/com.st.stm32cube.ide.mcu.externaltools.gnu-tools-for-stm32.10.3-2021.10.win32_1.0.0.202111181127/tools/bin/../lib/gcc/arm-none-eabi/10.3.1/thumb/v8-m.main+fp/hard\libgcc.a(_dvmd_tls.o)
                0x0000000008000590                __aeabi_idiv0
                0x0000000008000590                __aeabi_ldiv0
 *(.text*)
 .text.FMCSRAMInit
                0x0000000008000594       0xcc ./Core/Src/fmc.o
                0x0000000008000594                FMCSRAMInit
 .text.FMC_Error_Handler
                0x0000000008000660        0xe ./Core/Src/fmc.o
                0x0000000008000660                FMC_Error_Handler
 *fill*         0x000000000800066e        0x2 
 .text.LL_AHB2_GRP1_EnableClock
                0x0000000008000670       0x38 ./Core/Src/main.o
 .text.LL_APB1_GRP2_EnableClock
                0x00000000080006a8       0x38 ./Core/Src/main.o
 .text.ST7789V_SEND_COMMAND
                0x00000000080006e0       0x1e ./Core/Src/main.o
 *fill*         0x00000000080006fe        0x2 
 .text.ST7789V_SEND_DATA
                0x0000000008000700       0x20 ./Core/Src/main.o
 .text.main     0x0000000008000720      0x744 ./Core/Src/main.o
                0x0000000008000720                main
 .text.SystemClock_Config
                0x0000000008000e64       0xc8 ./Core/Src/main.o
                0x0000000008000e64                SystemClock_Config
 .text.SystemPower_Config
                0x0000000008000f2c       0x1c ./Core/Src/main.o
 .text.MX_ADC1_Init
                0x0000000008000f48       0x88 ./Core/Src/main.o
 .text.MX_UCPD1_Init
                0x0000000008000fd0       0x6c ./Core/Src/main.o
 .text.MX_USART1_UART_Init
                0x000000000800103c       0x98 ./Core/Src/main.o
 .text.MX_USB_OTG_FS_PCD_Init
                0x00000000080010d4       0x58 ./Core/Src/main.o
 .text.MX_FMC_Init
                0x000000000800112c       0xd4 ./Core/Src/main.o
 .text.MX_GPIO_Init
                0x0000000008001200      0x1d4 ./Core/Src/main.o
 .text.Error_Handler
                0x00000000080013d4        0xa ./Core/Src/main.o
                0x00000000080013d4                Error_Handler
 .text.ST7789V_SEND_COMMAND
                0x00000000080013de       0x1e ./Core/Src/my_ST7789v.o
 .text.ST7789V_SEND_DATA
                0x00000000080013fc       0x20 ./Core/Src/my_ST7789v.o
 .text.ST7789V_writeRegister32
                0x000000000800141c       0x34 ./Core/Src/my_ST7789v.o
 .text.ST7789V_setCursorPosition
                0x0000000008001450       0x50 ./Core/Src/my_ST7789v.o
                0x0000000008001450                ST7789V_setCursorPosition
 .text.ST7789V_fill
                0x00000000080014a0       0x80 ./Core/Src/my_ST7789v.o
                0x00000000080014a0                ST7789V_fill
 .text.HAL_MspInit
                0x0000000008001520       0x38 ./Core/Src/stm32u5xx_hal_msp.o
                0x0000000008001520                HAL_MspInit
 .text.HAL_ADC_MspInit
                0x0000000008001558       0xc8 ./Core/Src/stm32u5xx_hal_msp.o
                0x0000000008001558                HAL_ADC_MspInit
 .text.HAL_UART_MspInit
                0x0000000008001620       0xd0 ./Core/Src/stm32u5xx_hal_msp.o
                0x0000000008001620                HAL_UART_MspInit
 .text.HAL_PCD_MspInit
                0x00000000080016f0      0x128 ./Core/Src/stm32u5xx_hal_msp.o
                0x00000000080016f0                HAL_PCD_MspInit
 .text.HAL_FMC_MspInit
                0x0000000008001818       0x9c ./Core/Src/stm32u5xx_hal_msp.o
 .text.HAL_SRAM_MspInit
                0x00000000080018b4       0x14 ./Core/Src/stm32u5xx_hal_msp.o
                0x00000000080018b4                HAL_SRAM_MspInit
 .text.NMI_Handler
                0x00000000080018c8        0x6 ./Core/Src/stm32u5xx_it.o
                0x00000000080018c8                NMI_Handler
 .text.HardFault_Handler
                0x00000000080018ce        0x6 ./Core/Src/stm32u5xx_it.o
                0x00000000080018ce                HardFault_Handler
 .text.MemManage_Handler
                0x00000000080018d4        0x6 ./Core/Src/stm32u5xx_it.o
                0x00000000080018d4                MemManage_Handler
 .text.BusFault_Handler
                0x00000000080018da        0x6 ./Core/Src/stm32u5xx_it.o
                0x00000000080018da                BusFault_Handler
 .text.UsageFault_Handler
                0x00000000080018e0        0x6 ./Core/Src/stm32u5xx_it.o
                0x00000000080018e0                UsageFault_Handler
 .text.SVC_Handler
                0x00000000080018e6        0xe ./Core/Src/stm32u5xx_it.o
                0x00000000080018e6                SVC_Handler
 .text.DebugMon_Handler
                0x00000000080018f4        0xe ./Core/Src/stm32u5xx_it.o
                0x00000000080018f4                DebugMon_Handler
 .text.PendSV_Handler
                0x0000000008001902        0xe ./Core/Src/stm32u5xx_it.o
                0x0000000008001902                PendSV_Handler
 .text.SysTick_Handler
                0x0000000008001910        0xc ./Core/Src/stm32u5xx_it.o
                0x0000000008001910                SysTick_Handler
 .text.OTG_FS_IRQHandler
                0x000000000800191c       0x14 ./Core/Src/stm32u5xx_it.o
                0x000000000800191c                OTG_FS_IRQHandler
 .text.SystemInit
                0x0000000008001930       0x70 ./Core/Src/system_stm32u5xx.o
                0x0000000008001930                SystemInit
 .text.Reset_Handler
                0x00000000080019a0       0x50 ./Core/Startup/startup_stm32u575zitxq.o
                0x00000000080019a0                Reset_Handler
 .text.Default_Handler
                0x00000000080019f0        0x2 ./Core/Startup/startup_stm32u575zitxq.o
                0x00000000080019f0                EXTI2_IRQHandler
                0x00000000080019f0                TIM8_TRG_COM_IRQHandler
                0x00000000080019f0                TIM8_CC_IRQHandler
                0x00000000080019f0                EXTI5_IRQHandler
                0x00000000080019f0                FLASH_S_IRQHandler
                0x00000000080019f0                EXTI13_IRQHandler
                0x00000000080019f0                TIM1_CC_IRQHandler
                0x00000000080019f0                TSC_IRQHandler
                0x00000000080019f0                TAMP_IRQHandler
                0x00000000080019f0                TIM6_IRQHandler
                0x00000000080019f0                EXTI12_IRQHandler
                0x00000000080019f0                CORDIC_IRQHandler
                0x00000000080019f0                EXTI3_IRQHandler
                0x00000000080019f0                LPTIM4_IRQHandler
                0x00000000080019f0                GPDMA1_Channel5_IRQHandler
                0x00000000080019f0                EXTI8_IRQHandler
                0x00000000080019f0                LPTIM2_IRQHandler
                0x00000000080019f0                I2C3_ER_IRQHandler
                0x00000000080019f0                PWR_S3WU_IRQHandler
                0x00000000080019f0                MDF1_FLT2_IRQHandler
                0x00000000080019f0                LPDMA1_Channel3_IRQHandler
                0x00000000080019f0                LPTIM3_IRQHandler
                0x00000000080019f0                EXTI0_IRQHandler
                0x00000000080019f0                I2C2_EV_IRQHandler
                0x00000000080019f0                FPU_IRQHandler
                0x00000000080019f0                GPDMA1_Channel3_IRQHandler
                0x00000000080019f0                GPDMA1_Channel7_IRQHandler
                0x00000000080019f0                MDF1_FLT4_IRQHandler
                0x00000000080019f0                FDCAN1_IT1_IRQHandler
                0x00000000080019f0                RAMCFG_IRQHandler
                0x00000000080019f0                GPDMA1_Channel9_IRQHandler
                0x00000000080019f0                DCACHE1_IRQHandler
                0x00000000080019f0                SPI1_IRQHandler
                0x00000000080019f0                OCTOSPI1_IRQHandler
                0x00000000080019f0                GPDMA1_Channel2_IRQHandler
                0x00000000080019f0                TIM8_UP_IRQHandler
                0x00000000080019f0                RCC_S_IRQHandler
                0x00000000080019f0                OCTOSPI2_IRQHandler
                0x00000000080019f0                SAI2_IRQHandler
                0x00000000080019f0                MDF1_FLT1_IRQHandler
                0x00000000080019f0                ADC1_IRQHandler
                0x00000000080019f0                MDF1_FLT5_IRQHandler
                0x00000000080019f0                EXTI15_IRQHandler
                0x00000000080019f0                TIM17_IRQHandler
                0x00000000080019f0                USART3_IRQHandler
                0x00000000080019f0                RTC_IRQHandler
                0x00000000080019f0                EXTI9_IRQHandler
                0x00000000080019f0                UART5_IRQHandler
                0x00000000080019f0                TIM4_IRQHandler
                0x00000000080019f0                I2C1_EV_IRQHandler
                0x00000000080019f0                GPDMA1_Channel12_IRQHandler
                0x00000000080019f0                GPDMA1_Channel1_IRQHandler
                0x00000000080019f0                TIM16_IRQHandler
                0x00000000080019f0                GPDMA1_Channel15_IRQHandler
                0x00000000080019f0                UART4_IRQHandler
                0x00000000080019f0                SecureFault_Handler
                0x00000000080019f0                TIM3_IRQHandler
                0x00000000080019f0                RCC_IRQHandler
                0x00000000080019f0                TIM1_TRG_COM_IRQHandler
                0x00000000080019f0                Default_Handler
                0x00000000080019f0                GPDMA1_Channel8_IRQHandler
                0x00000000080019f0                FMAC_IRQHandler
                0x00000000080019f0                GPDMA1_Channel11_IRQHandler
                0x00000000080019f0                TIM7_IRQHandler
                0x00000000080019f0                SDMMC1_IRQHandler
                0x00000000080019f0                TIM5_IRQHandler
                0x00000000080019f0                UCPD1_IRQHandler
                0x00000000080019f0                GPDMA1_Channel0_IRQHandler
                0x00000000080019f0                TIM15_IRQHandler
                0x00000000080019f0                I2C3_EV_IRQHandler
                0x00000000080019f0                LPDMA1_Channel0_IRQHandler
                0x00000000080019f0                PVD_PVM_IRQHandler
                0x00000000080019f0                SPI2_IRQHandler
                0x00000000080019f0                LPDMA1_Channel1_IRQHandler
                0x00000000080019f0                EXTI14_IRQHandler
                0x00000000080019f0                EXTI11_IRQHandler
                0x00000000080019f0                CRS_IRQHandler
                0x00000000080019f0                GPDMA1_Channel14_IRQHandler
                0x00000000080019f0                EXTI4_IRQHandler
                0x00000000080019f0                RTC_S_IRQHandler
                0x00000000080019f0                GPDMA1_Channel13_IRQHandler
                0x00000000080019f0                RNG_IRQHandler
                0x00000000080019f0                COMP_IRQHandler
                0x00000000080019f0                TIM1_UP_IRQHandler
                0x00000000080019f0                ADC4_IRQHandler
                0x00000000080019f0                WWDG_IRQHandler
                0x00000000080019f0                I2C4_EV_IRQHandler
                0x00000000080019f0                ADF1_IRQHandler
                0x00000000080019f0                IWDG_IRQHandler
                0x00000000080019f0                LPUART1_IRQHandler
                0x00000000080019f0                MDF1_FLT0_IRQHandler
                0x00000000080019f0                FDCAN1_IT0_IRQHandler
                0x00000000080019f0                TIM2_IRQHandler
                0x00000000080019f0                GPDMA1_Channel4_IRQHandler
                0x00000000080019f0                EXTI7_IRQHandler
                0x00000000080019f0                DMA2D_IRQHandler
                0x00000000080019f0                TIM1_BRK_IRQHandler
                0x00000000080019f0                EXTI1_IRQHandler
                0x00000000080019f0                SDMMC2_IRQHandler
                0x00000000080019f0                DAC1_IRQHandler
                0x00000000080019f0                GTZC_IRQHandler
                0x00000000080019f0                MDF1_FLT3_IRQHandler
                0x00000000080019f0                USART2_IRQHandler
                0x00000000080019f0                GPDMA1_Channel6_IRQHandler
                0x00000000080019f0                I2C2_ER_IRQHandler
                0x00000000080019f0                TIM8_BRK_IRQHandler
                0x00000000080019f0                FLASH_IRQHandler
                0x00000000080019f0                USART1_IRQHandler
                0x00000000080019f0                EXTI10_IRQHandler
                0x00000000080019f0                SPI3_IRQHandler
                0x00000000080019f0                LPDMA1_Channel2_IRQHandler
                0x00000000080019f0                I2C1_ER_IRQHandler
                0x00000000080019f0                FMC_IRQHandler
                0x00000000080019f0                EXTI6_IRQHandler
                0x00000000080019f0                LPTIM1_IRQHandler
                0x00000000080019f0                DCMI_PSSI_IRQHandler
                0x00000000080019f0                I2C4_ER_IRQHandler
                0x00000000080019f0                GPDMA1_Channel10_IRQHandler
                0x00000000080019f0                ICACHE_IRQHandler
                0x00000000080019f0                SAI1_IRQHandler
                0x00000000080019f0                HASH_IRQHandler
 *fill*         0x00000000080019f2        0x2 
 .text.HAL_Init
                0x00000000080019f4       0x5c ./Drivers/STM32U5xx_HAL_Driver/Src/stm32u5xx_hal.o
                0x00000000080019f4                HAL_Init
 .text.HAL_InitTick
                0x0000000008001a50       0x6c ./Drivers/STM32U5xx_HAL_Driver/Src/stm32u5xx_hal.o
                0x0000000008001a50                HAL_InitTick
 .text.HAL_IncTick
                0x0000000008001abc       0x28 ./Drivers/STM32U5xx_HAL_Driver/Src/stm32u5xx_hal.o
                0x0000000008001abc                HAL_IncTick
 .text.HAL_GetTick
                0x0000000008001ae4       0x18 ./Drivers/STM32U5xx_HAL_Driver/Src/stm32u5xx_hal.o
                0x0000000008001ae4                HAL_GetTick
 .text.HAL_Delay
                0x0000000008001afc       0x48 ./Drivers/STM32U5xx_HAL_Driver/Src/stm32u5xx_hal.o
                0x0000000008001afc                HAL_Delay
 .text.LL_ADC_SetCommonClock
                0x0000000008001b44       0x26 ./Drivers/STM32U5xx_HAL_Driver/Src/stm32u5xx_hal_adc.o
 .text.LL_ADC_SetGainCompensation
                0x0000000008001b6a       0x46 ./Drivers/STM32U5xx_HAL_Driver/Src/stm32u5xx_hal_adc.o
 .text.LL_ADC_SetSamplingTimeCommonChannels
                0x0000000008001bb0       0x3e ./Drivers/STM32U5xx_HAL_Driver/Src/stm32u5xx_hal_adc.o
 .text.LL_ADC_DisableDeepPowerDown
                0x0000000008001bee       0x24 ./Drivers/STM32U5xx_HAL_Driver/Src/stm32u5xx_hal_adc.o
 .text.LL_ADC_IsDeepPowerDownEnabled
                0x0000000008001c12       0x28 ./Drivers/STM32U5xx_HAL_Driver/Src/stm32u5xx_hal_adc.o
 .text.LL_ADC_EnableInternalRegulator
                0x0000000008001c3a       0x28 ./Drivers/STM32U5xx_HAL_Driver/Src/stm32u5xx_hal_adc.o
 .text.LL_ADC_IsInternalRegulatorEnabled
                0x0000000008001c62       0x28 ./Drivers/STM32U5xx_HAL_Driver/Src/stm32u5xx_hal_adc.o
 .text.LL_ADC_IsEnabled
                0x0000000008001c8a       0x26 ./Drivers/STM32U5xx_HAL_Driver/Src/stm32u5xx_hal_adc.o
 .text.LL_ADC_REG_IsConversionOngoing
                0x0000000008001cb0       0x26 ./Drivers/STM32U5xx_HAL_Driver/Src/stm32u5xx_hal_adc.o
 .text.LL_ADC_INJ_IsConversionOngoing
                0x0000000008001cd6       0x26 ./Drivers/STM32U5xx_HAL_Driver/Src/stm32u5xx_hal_adc.o
 .text.HAL_ADC_Init
                0x0000000008001cfc      0x5f4 ./Drivers/STM32U5xx_HAL_Driver/Src/stm32u5xx_hal_adc.o
                0x0000000008001cfc                HAL_ADC_Init
 .text.__NVIC_SetPriorityGrouping
                0x00000000080022f0       0x48 ./Drivers/STM32U5xx_HAL_Driver/Src/stm32u5xx_hal_cortex.o
 .text.__NVIC_GetPriorityGrouping
                0x0000000008002338       0x1c ./Drivers/STM32U5xx_HAL_Driver/Src/stm32u5xx_hal_cortex.o
 .text.__NVIC_EnableIRQ
                0x0000000008002354       0x3c ./Drivers/STM32U5xx_HAL_Driver/Src/stm32u5xx_hal_cortex.o
 .text.__NVIC_SetPriority
                0x0000000008002390       0x54 ./Drivers/STM32U5xx_HAL_Driver/Src/stm32u5xx_hal_cortex.o
 .text.NVIC_EncodePriority
                0x00000000080023e4       0x66 ./Drivers/STM32U5xx_HAL_Driver/Src/stm32u5xx_hal_cortex.o
 *fill*         0x000000000800244a        0x2 
 .text.SysTick_Config
                0x000000000800244c       0x44 ./Drivers/STM32U5xx_HAL_Driver/Src/stm32u5xx_hal_cortex.o
 .text.HAL_NVIC_SetPriorityGrouping
                0x0000000008002490       0x16 ./Drivers/STM32U5xx_HAL_Driver/Src/stm32u5xx_hal_cortex.o
                0x0000000008002490                HAL_NVIC_SetPriorityGrouping
 .text.HAL_NVIC_SetPriority
                0x00000000080024a6       0x34 ./Drivers/STM32U5xx_HAL_Driver/Src/stm32u5xx_hal_cortex.o
                0x00000000080024a6                HAL_NVIC_SetPriority
 .text.HAL_NVIC_EnableIRQ
                0x00000000080024da       0x1c ./Drivers/STM32U5xx_HAL_Driver/Src/stm32u5xx_hal_cortex.o
                0x00000000080024da                HAL_NVIC_EnableIRQ
 .text.HAL_SYSTICK_Config
                0x00000000080024f6       0x18 ./Drivers/STM32U5xx_HAL_Driver/Src/stm32u5xx_hal_cortex.o
                0x00000000080024f6                HAL_SYSTICK_Config
 *fill*         0x000000000800250e        0x2 
 .text.HAL_GPIO_Init
                0x0000000008002510      0x3b0 ./Drivers/STM32U5xx_HAL_Driver/Src/stm32u5xx_hal_gpio.o
                0x0000000008002510                HAL_GPIO_Init
 .text.HAL_GPIO_WritePin
                0x00000000080028c0       0x30 ./Drivers/STM32U5xx_HAL_Driver/Src/stm32u5xx_hal_gpio.o
                0x00000000080028c0                HAL_GPIO_WritePin
 .text.HAL_PCD_Init
                0x00000000080028f0      0x248 ./Drivers/STM32U5xx_HAL_Driver/Src/stm32u5xx_hal_pcd.o
                0x00000000080028f0                HAL_PCD_Init
 .text.HAL_PCD_IRQHandler
                0x0000000008002b38      0x998 ./Drivers/STM32U5xx_HAL_Driver/Src/stm32u5xx_hal_pcd.o
                0x0000000008002b38                HAL_PCD_IRQHandler
 .text.HAL_PCD_DataOutStageCallback
                0x00000000080034d0       0x18 ./Drivers/STM32U5xx_HAL_Driver/Src/stm32u5xx_hal_pcd.o
                0x00000000080034d0                HAL_PCD_DataOutStageCallback
 .text.HAL_PCD_DataInStageCallback
                0x00000000080034e8       0x18 ./Drivers/STM32U5xx_HAL_Driver/Src/stm32u5xx_hal_pcd.o
                0x00000000080034e8                HAL_PCD_DataInStageCallback
 .text.HAL_PCD_SetupStageCallback
                0x0000000008003500       0x14 ./Drivers/STM32U5xx_HAL_Driver/Src/stm32u5xx_hal_pcd.o
                0x0000000008003500                HAL_PCD_SetupStageCallback
 .text.HAL_PCD_SOFCallback
                0x0000000008003514       0x14 ./Drivers/STM32U5xx_HAL_Driver/Src/stm32u5xx_hal_pcd.o
                0x0000000008003514                HAL_PCD_SOFCallback
 .text.HAL_PCD_ResetCallback
                0x0000000008003528       0x14 ./Drivers/STM32U5xx_HAL_Driver/Src/stm32u5xx_hal_pcd.o
                0x0000000008003528                HAL_PCD_ResetCallback
 .text.HAL_PCD_SuspendCallback
                0x000000000800353c       0x14 ./Drivers/STM32U5xx_HAL_Driver/Src/stm32u5xx_hal_pcd.o
                0x000000000800353c                HAL_PCD_SuspendCallback
 .text.HAL_PCD_ResumeCallback
                0x0000000008003550       0x14 ./Drivers/STM32U5xx_HAL_Driver/Src/stm32u5xx_hal_pcd.o
                0x0000000008003550                HAL_PCD_ResumeCallback
 .text.HAL_PCD_ISOOUTIncompleteCallback
                0x0000000008003564       0x18 ./Drivers/STM32U5xx_HAL_Driver/Src/stm32u5xx_hal_pcd.o
                0x0000000008003564                HAL_PCD_ISOOUTIncompleteCallback
 .text.HAL_PCD_ISOINIncompleteCallback
                0x000000000800357c       0x18 ./Drivers/STM32U5xx_HAL_Driver/Src/stm32u5xx_hal_pcd.o
                0x000000000800357c                HAL_PCD_ISOINIncompleteCallback
 .text.HAL_PCD_ConnectCallback
                0x0000000008003594       0x14 ./Drivers/STM32U5xx_HAL_Driver/Src/stm32u5xx_hal_pcd.o
                0x0000000008003594                HAL_PCD_ConnectCallback
 .text.HAL_PCD_DisconnectCallback
                0x00000000080035a8       0x14 ./Drivers/STM32U5xx_HAL_Driver/Src/stm32u5xx_hal_pcd.o
                0x00000000080035a8                HAL_PCD_DisconnectCallback
 .text.HAL_PCD_EP_Abort
                0x00000000080035bc       0x62 ./Drivers/STM32U5xx_HAL_Driver/Src/stm32u5xx_hal_pcd.o
                0x00000000080035bc                HAL_PCD_EP_Abort
 .text.PCD_WriteEmptyTxFifo
                0x000000000800361e      0x11a ./Drivers/STM32U5xx_HAL_Driver/Src/stm32u5xx_hal_pcd.o
 .text.PCD_EP_OutXfrComplete_int
                0x0000000008003738      0x1d0 ./Drivers/STM32U5xx_HAL_Driver/Src/stm32u5xx_hal_pcd.o
 .text.PCD_EP_OutSetupPacket_int
                0x0000000008003908       0x8c ./Drivers/STM32U5xx_HAL_Driver/Src/stm32u5xx_hal_pcd.o
 .text.HAL_PCDEx_ActivateLPM
                0x0000000008003994       0x48 ./Drivers/STM32U5xx_HAL_Driver/Src/stm32u5xx_hal_pcd_ex.o
                0x0000000008003994                HAL_PCDEx_ActivateLPM
 .text.HAL_PCDEx_LPM_Callback
                0x00000000080039dc       0x18 ./Drivers/STM32U5xx_HAL_Driver/Src/stm32u5xx_hal_pcd_ex.o
                0x00000000080039dc                HAL_PCDEx_LPM_Callback
 .text.HAL_PWREx_ControlVoltageScaling
                0x00000000080039f4       0xe8 ./Drivers/STM32U5xx_HAL_Driver/Src/stm32u5xx_hal_pwr_ex.o
                0x00000000080039f4                HAL_PWREx_ControlVoltageScaling
 .text.HAL_PWREx_GetVoltageRange
                0x0000000008003adc       0x1c ./Drivers/STM32U5xx_HAL_Driver/Src/stm32u5xx_hal_pwr_ex.o
                0x0000000008003adc                HAL_PWREx_GetVoltageRange
 .text.HAL_PWREx_ConfigSupply
                0x0000000008003af8       0xa0 ./Drivers/STM32U5xx_HAL_Driver/Src/stm32u5xx_hal_pwr_ex.o
                0x0000000008003af8                HAL_PWREx_ConfigSupply
 .text.HAL_PWREx_EnableVddUSB
                0x0000000008003b98       0x20 ./Drivers/STM32U5xx_HAL_Driver/Src/stm32u5xx_hal_pwr_ex.o
                0x0000000008003b98                HAL_PWREx_EnableVddUSB
 .text.HAL_PWREx_EnableVddIO2
                0x0000000008003bb8       0x20 ./Drivers/STM32U5xx_HAL_Driver/Src/stm32u5xx_hal_pwr_ex.o
                0x0000000008003bb8                HAL_PWREx_EnableVddIO2
 .text.HAL_RCC_OscConfig
                0x0000000008003bd8      0xdac ./Drivers/STM32U5xx_HAL_Driver/Src/stm32u5xx_hal_rcc.o
                0x0000000008003bd8                HAL_RCC_OscConfig
 .text.HAL_RCC_ClockConfig
                0x0000000008004984      0x3e4 ./Drivers/STM32U5xx_HAL_Driver/Src/stm32u5xx_hal_rcc.o
                0x0000000008004984                HAL_RCC_ClockConfig
 .text.HAL_RCC_GetSysClockFreq
                0x0000000008004d68      0x210 ./Drivers/STM32U5xx_HAL_Driver/Src/stm32u5xx_hal_rcc.o
                0x0000000008004d68                HAL_RCC_GetSysClockFreq
 .text.HAL_RCC_GetHCLKFreq
                0x0000000008004f78       0x34 ./Drivers/STM32U5xx_HAL_Driver/Src/stm32u5xx_hal_rcc.o
                0x0000000008004f78                HAL_RCC_GetHCLKFreq
 .text.HAL_RCC_GetPCLK1Freq
                0x0000000008004fac       0x28 ./Drivers/STM32U5xx_HAL_Driver/Src/stm32u5xx_hal_rcc.o
                0x0000000008004fac                HAL_RCC_GetPCLK1Freq
 .text.HAL_RCC_GetPCLK2Freq
                0x0000000008004fd4       0x28 ./Drivers/STM32U5xx_HAL_Driver/Src/stm32u5xx_hal_rcc.o
                0x0000000008004fd4                HAL_RCC_GetPCLK2Freq
 .text.HAL_RCC_GetPCLK3Freq
                0x0000000008004ffc       0x28 ./Drivers/STM32U5xx_HAL_Driver/Src/stm32u5xx_hal_rcc.o
                0x0000000008004ffc                HAL_RCC_GetPCLK3Freq
 .text.RCC_SetFlashLatencyFromMSIRange
                0x0000000008005024      0x10c ./Drivers/STM32U5xx_HAL_Driver/Src/stm32u5xx_hal_rcc.o
 .text.HAL_RCCEx_PeriphCLKConfig
                0x0000000008005130      0xb80 ./Drivers/STM32U5xx_HAL_Driver/Src/stm32u5xx_hal_rcc_ex.o
                0x0000000008005130                HAL_RCCEx_PeriphCLKConfig
 .text.HAL_RCCEx_GetPLL1ClockFreq
                0x0000000008005cb0      0x2cc ./Drivers/STM32U5xx_HAL_Driver/Src/stm32u5xx_hal_rcc_ex.o
                0x0000000008005cb0                HAL_RCCEx_GetPLL1ClockFreq
 .text.HAL_RCCEx_GetPLL2ClockFreq
                0x0000000008005f7c      0x2cc ./Drivers/STM32U5xx_HAL_Driver/Src/stm32u5xx_hal_rcc_ex.o
                0x0000000008005f7c                HAL_RCCEx_GetPLL2ClockFreq
 .text.HAL_RCCEx_GetPLL3ClockFreq
                0x0000000008006248      0x2cc ./Drivers/STM32U5xx_HAL_Driver/Src/stm32u5xx_hal_rcc_ex.o
                0x0000000008006248                HAL_RCCEx_GetPLL3ClockFreq
 .text.HAL_RCCEx_GetPeriphCLKFreq
                0x0000000008006514     0x1250 ./Drivers/STM32U5xx_HAL_Driver/Src/stm32u5xx_hal_rcc_ex.o
                0x0000000008006514                HAL_RCCEx_GetPeriphCLKFreq
 .text.RCCEx_PLL2_Config
                0x0000000008007764      0x130 ./Drivers/STM32U5xx_HAL_Driver/Src/stm32u5xx_hal_rcc_ex.o
 .text.RCCEx_PLL3_Config
                0x0000000008007894      0x130 ./Drivers/STM32U5xx_HAL_Driver/Src/stm32u5xx_hal_rcc_ex.o
 .text.HAL_SRAM_Init
                0x00000000080079c4       0xa0 ./Drivers/STM32U5xx_HAL_Driver/Src/stm32u5xx_hal_sram.o
                0x00000000080079c4                HAL_SRAM_Init
 .text.HAL_UART_Init
                0x0000000008007a64       0xa0 ./Drivers/STM32U5xx_HAL_Driver/Src/stm32u5xx_hal_uart.o
                0x0000000008007a64                HAL_UART_Init
 .text.UART_SetConfig
                0x0000000008007b04      0x344 ./Drivers/STM32U5xx_HAL_Driver/Src/stm32u5xx_hal_uart.o
                0x0000000008007b04                UART_SetConfig
 .text.UART_AdvFeatureConfig
                0x0000000008007e48      0x144 ./Drivers/STM32U5xx_HAL_Driver/Src/stm32u5xx_hal_uart.o
                0x0000000008007e48                UART_AdvFeatureConfig
 .text.UART_CheckIdleState
                0x0000000008007f8c       0x96 ./Drivers/STM32U5xx_HAL_Driver/Src/stm32u5xx_hal_uart.o
                0x0000000008007f8c                UART_CheckIdleState
 .text.UART_WaitOnFlagUntilTimeout
                0x0000000008008022      0x190 ./Drivers/STM32U5xx_HAL_Driver/Src/stm32u5xx_hal_uart.o
                0x0000000008008022                UART_WaitOnFlagUntilTimeout
 .text.HAL_UARTEx_DisableFifoMode
                0x00000000080081b2       0x72 ./Drivers/STM32U5xx_HAL_Driver/Src/stm32u5xx_hal_uart_ex.o
                0x00000000080081b2                HAL_UARTEx_DisableFifoMode
 .text.HAL_UARTEx_SetTxFifoThreshold
                0x0000000008008224       0x7c ./Drivers/STM32U5xx_HAL_Driver/Src/stm32u5xx_hal_uart_ex.o
                0x0000000008008224                HAL_UARTEx_SetTxFifoThreshold
 .text.HAL_UARTEx_SetRxFifoThreshold
                0x00000000080082a0       0x7c ./Drivers/STM32U5xx_HAL_Driver/Src/stm32u5xx_hal_uart_ex.o
                0x00000000080082a0                HAL_UARTEx_SetRxFifoThreshold
 .text.UARTEx_SetNbDataToProcess
                0x000000000800831c       0x9c ./Drivers/STM32U5xx_HAL_Driver/Src/stm32u5xx_hal_uart_ex.o
 .text.FMC_NORSRAM_Init
                0x00000000080083b8      0x1a0 ./Drivers/STM32U5xx_HAL_Driver/Src/stm32u5xx_ll_fmc.o
                0x00000000080083b8                FMC_NORSRAM_Init
 .text.FMC_NORSRAM_Timing_Init
                0x0000000008008558       0xa4 ./Drivers/STM32U5xx_HAL_Driver/Src/stm32u5xx_ll_fmc.o
                0x0000000008008558                FMC_NORSRAM_Timing_Init
 .text.FMC_NORSRAM_Extended_Timing_Init
                0x00000000080085fc       0x74 ./Drivers/STM32U5xx_HAL_Driver/Src/stm32u5xx_ll_fmc.o
                0x00000000080085fc                FMC_NORSRAM_Extended_Timing_Init
 .text.LL_GPIO_SetPinMode
                0x0000000008008670       0x7a ./Drivers/STM32U5xx_HAL_Driver/Src/stm32u5xx_ll_gpio.o
 .text.LL_GPIO_SetPinOutputType
                0x00000000080086ea       0x30 ./Drivers/STM32U5xx_HAL_Driver/Src/stm32u5xx_ll_gpio.o
 .text.LL_GPIO_SetPinSpeed
                0x000000000800871a       0x7a ./Drivers/STM32U5xx_HAL_Driver/Src/stm32u5xx_ll_gpio.o
 .text.LL_GPIO_SetPinPull
                0x0000000008008794       0x7a ./Drivers/STM32U5xx_HAL_Driver/Src/stm32u5xx_ll_gpio.o
 .text.LL_GPIO_SetAFPin_0_7
                0x000000000800880e       0x7a ./Drivers/STM32U5xx_HAL_Driver/Src/stm32u5xx_ll_gpio.o
 .text.LL_GPIO_SetAFPin_8_15
                0x0000000008008888       0x7e ./Drivers/STM32U5xx_HAL_Driver/Src/stm32u5xx_ll_gpio.o
 .text.LL_GPIO_Init
                0x0000000008008906      0x10c ./Drivers/STM32U5xx_HAL_Driver/Src/stm32u5xx_ll_gpio.o
                0x0000000008008906                LL_GPIO_Init
 .text.USB_CoreInit
                0x0000000008008a12       0x58 ./Drivers/STM32U5xx_HAL_Driver/Src/stm32u5xx_ll_usb.o
                0x0000000008008a12                USB_CoreInit
 *fill*         0x0000000008008a6a        0x2 
 .text.USB_SetTurnaroundTime
                0x0000000008008a6c      0x144 ./Drivers/STM32U5xx_HAL_Driver/Src/stm32u5xx_ll_usb.o
                0x0000000008008a6c                USB_SetTurnaroundTime
 .text.USB_DisableGlobalInt
                0x0000000008008bb0       0x22 ./Drivers/STM32U5xx_HAL_Driver/Src/stm32u5xx_ll_usb.o
                0x0000000008008bb0                USB_DisableGlobalInt
 .text.USB_SetCurrentMode
                0x0000000008008bd2       0x98 ./Drivers/STM32U5xx_HAL_Driver/Src/stm32u5xx_ll_usb.o
                0x0000000008008bd2                USB_SetCurrentMode
 *fill*         0x0000000008008c6a        0x2 
 .text.USB_DevInit
                0x0000000008008c6c      0x29c ./Drivers/STM32U5xx_HAL_Driver/Src/stm32u5xx_ll_usb.o
                0x0000000008008c6c                USB_DevInit
 .text.USB_FlushTxFifo
                0x0000000008008f08       0x68 ./Drivers/STM32U5xx_HAL_Driver/Src/stm32u5xx_ll_usb.o
                0x0000000008008f08                USB_FlushTxFifo
 .text.USB_FlushRxFifo
                0x0000000008008f70       0x60 ./Drivers/STM32U5xx_HAL_Driver/Src/stm32u5xx_ll_usb.o
                0x0000000008008f70                USB_FlushRxFifo
 .text.USB_SetDevSpeed
                0x0000000008008fd0       0x32 ./Drivers/STM32U5xx_HAL_Driver/Src/stm32u5xx_ll_usb.o
                0x0000000008008fd0                USB_SetDevSpeed
 .text.USB_GetDevSpeed
                0x0000000008009002       0x4a ./Drivers/STM32U5xx_HAL_Driver/Src/stm32u5xx_ll_usb.o
                0x0000000008009002                USB_GetDevSpeed
 .text.USB_EPStopXfer
                0x000000000800904c      0x154 ./Drivers/STM32U5xx_HAL_Driver/Src/stm32u5xx_ll_usb.o
                0x000000000800904c                USB_EPStopXfer
 .text.USB_WritePacket
                0x00000000080091a0       0x7c ./Drivers/STM32U5xx_HAL_Driver/Src/stm32u5xx_ll_usb.o
                0x00000000080091a0                USB_WritePacket
 .text.USB_ReadPacket
                0x000000000800921c       0xb0 ./Drivers/STM32U5xx_HAL_Driver/Src/stm32u5xx_ll_usb.o
                0x000000000800921c                USB_ReadPacket
 .text.USB_DevDisconnect
                0x00000000080092cc       0x42 ./Drivers/STM32U5xx_HAL_Driver/Src/stm32u5xx_ll_usb.o
                0x00000000080092cc                USB_DevDisconnect
 .text.USB_ReadInterrupts
                0x000000000800930e       0x26 ./Drivers/STM32U5xx_HAL_Driver/Src/stm32u5xx_ll_usb.o
                0x000000000800930e                USB_ReadInterrupts
 .text.USB_ReadDevAllOutEpInterrupt
                0x0000000008009334       0x34 ./Drivers/STM32U5xx_HAL_Driver/Src/stm32u5xx_ll_usb.o
                0x0000000008009334                USB_ReadDevAllOutEpInterrupt
 .text.USB_ReadDevAllInEpInterrupt
                0x0000000008009368       0x34 ./Drivers/STM32U5xx_HAL_Driver/Src/stm32u5xx_ll_usb.o
                0x0000000008009368                USB_ReadDevAllInEpInterrupt
 .text.USB_ReadDevOutEPInterrupt
                0x000000000800939c       0x3c ./Drivers/STM32U5xx_HAL_Driver/Src/stm32u5xx_ll_usb.o
                0x000000000800939c                USB_ReadDevOutEPInterrupt
 .text.USB_ReadDevInEPInterrupt
                0x00000000080093d8       0x5c ./Drivers/STM32U5xx_HAL_Driver/Src/stm32u5xx_ll_usb.o
                0x00000000080093d8                USB_ReadDevInEPInterrupt
 .text.USB_GetMode
                0x0000000008009434       0x1c ./Drivers/STM32U5xx_HAL_Driver/Src/stm32u5xx_ll_usb.o
                0x0000000008009434                USB_GetMode
 .text.USB_ActivateSetup
                0x0000000008009450       0x46 ./Drivers/STM32U5xx_HAL_Driver/Src/stm32u5xx_ll_usb.o
                0x0000000008009450                USB_ActivateSetup
 *fill*         0x0000000008009496        0x2 
 .text.USB_EP0_OutStart
                0x0000000008009498       0xbc ./Drivers/STM32U5xx_HAL_Driver/Src/stm32u5xx_ll_usb.o
                0x0000000008009498                USB_EP0_OutStart
 .text.USB_CoreReset
                0x0000000008009554       0x68 ./Drivers/STM32U5xx_HAL_Driver/Src/stm32u5xx_ll_usb.o
 .text.__libc_init_array
                0x00000000080095bc       0x48 c:/st/stm32cubeide_1.9.0/stm32cubeide/plugins/com.st.stm32cube.ide.mcu.externaltools.gnu-tools-for-stm32.10.3-2021.10.win32_1.0.0.202111181127/tools/bin/../lib/gcc/arm-none-eabi/10.3.1/../../../../arm-none-eabi/lib/thumb/v8-m.main+fp/hard\libc_nano.a(lib_a-init.o)
                0x00000000080095bc                __libc_init_array
 .text.memset   0x0000000008009604       0x10 c:/st/stm32cubeide_1.9.0/stm32cubeide/plugins/com.st.stm32cube.ide.mcu.externaltools.gnu-tools-for-stm32.10.3-2021.10.win32_1.0.0.202111181127/tools/bin/../lib/gcc/arm-none-eabi/10.3.1/../../../../arm-none-eabi/lib/thumb/v8-m.main+fp/hard\libc_nano.a(lib_a-memset.o)
                0x0000000008009604                memset
 *(.glue_7)
 .glue_7        0x0000000008009614        0x0 linker stubs
 *(.glue_7t)
 .glue_7t       0x0000000008009614        0x0 linker stubs
 *(.eh_frame)
 .eh_frame      0x0000000008009614        0x0 c:/st/stm32cubeide_1.9.0/stm32cubeide/plugins/com.st.stm32cube.ide.mcu.externaltools.gnu-tools-for-stm32.10.3-2021.10.win32_1.0.0.202111181127/tools/bin/../lib/gcc/arm-none-eabi/10.3.1/thumb/v8-m.main+fp/hard/crtbegin.o
 *(.init)
 .init          0x0000000008009614        0x4 c:/st/stm32cubeide_1.9.0/stm32cubeide/plugins/com.st.stm32cube.ide.mcu.externaltools.gnu-tools-for-stm32.10.3-2021.10.win32_1.0.0.202111181127/tools/bin/../lib/gcc/arm-none-eabi/10.3.1/thumb/v8-m.main+fp/hard/crti.o
                0x0000000008009614                _init
 .init          0x0000000008009618        0x8 c:/st/stm32cubeide_1.9.0/stm32cubeide/plugins/com.st.stm32cube.ide.mcu.externaltools.gnu-tools-for-stm32.10.3-2021.10.win32_1.0.0.202111181127/tools/bin/../lib/gcc/arm-none-eabi/10.3.1/thumb/v8-m.main+fp/hard/crtn.o
 *(.fini)
 .fini          0x0000000008009620        0x4 c:/st/stm32cubeide_1.9.0/stm32cubeide/plugins/com.st.stm32cube.ide.mcu.externaltools.gnu-tools-for-stm32.10.3-2021.10.win32_1.0.0.202111181127/tools/bin/../lib/gcc/arm-none-eabi/10.3.1/thumb/v8-m.main+fp/hard/crti.o
                0x0000000008009620                _fini
 .fini          0x0000000008009624        0x8 c:/st/stm32cubeide_1.9.0/stm32cubeide/plugins/com.st.stm32cube.ide.mcu.externaltools.gnu-tools-for-stm32.10.3-2021.10.win32_1.0.0.202111181127/tools/bin/../lib/gcc/arm-none-eabi/10.3.1/thumb/v8-m.main+fp/hard/crtn.o
                0x000000000800962c                _etext = .

.vfp11_veneer   0x000000000800962c        0x0
 .vfp11_veneer  0x000000000800962c        0x0 linker stubs

.v4_bx          0x000000000800962c        0x0
 .v4_bx         0x000000000800962c        0x0 linker stubs

.iplt           0x000000000800962c        0x0
 .iplt          0x000000000800962c        0x0 c:/st/stm32cubeide_1.9.0/stm32cubeide/plugins/com.st.stm32cube.ide.mcu.externaltools.gnu-tools-for-stm32.10.3-2021.10.win32_1.0.0.202111181127/tools/bin/../lib/gcc/arm-none-eabi/10.3.1/thumb/v8-m.main+fp/hard/crtbegin.o

.rodata         0x000000000800962c      0x100
 *(.rodata)
 *(.rodata*)
 .rodata.AHBPrescTable
                0x000000000800962c       0x10 ./Core/Src/system_stm32u5xx.o
                0x000000000800962c                AHBPrescTable
 .rodata.APBPrescTable
                0x000000000800963c        0x8 ./Core/Src/system_stm32u5xx.o
                0x000000000800963c                APBPrescTable
 .rodata.MSIRangeTable
                0x0000000008009644       0x40 ./Core/Src/system_stm32u5xx.o
                0x0000000008009644                MSIRangeTable
 .rodata.LPGPIO_Map
                0x0000000008009684       0x80 ./Drivers/STM32U5xx_HAL_Driver/Src/stm32u5xx_hal_gpio.o
 .rodata.UARTPrescTable
                0x0000000008009704       0x18 ./Drivers/STM32U5xx_HAL_Driver/Src/stm32u5xx_hal_uart.o
                0x0000000008009704                UARTPrescTable
 .rodata.numerator.1
                0x000000000800971c        0x8 ./Drivers/STM32U5xx_HAL_Driver/Src/stm32u5xx_hal_uart_ex.o
 .rodata.denominator.0
                0x0000000008009724        0x8 ./Drivers/STM32U5xx_HAL_Driver/Src/stm32u5xx_hal_uart_ex.o

.ARM.extab
 *(.ARM.extab* .gnu.linkonce.armextab.*)

.ARM            0x000000000800972c        0x8
                0x000000000800972c                __exidx_start = .
 *(.ARM.exidx*)
 .ARM.exidx     0x000000000800972c        0x8 c:/st/stm32cubeide_1.9.0/stm32cubeide/plugins/com.st.stm32cube.ide.mcu.externaltools.gnu-tools-for-stm32.10.3-2021.10.win32_1.0.0.202111181127/tools/bin/../lib/gcc/arm-none-eabi/10.3.1/thumb/v8-m.main+fp/hard\libgcc.a(_udivmoddi4.o)
                0x0000000008009734                __exidx_end = .

.rel.dyn        0x0000000008009734        0x0
 .rel.iplt      0x0000000008009734        0x0 c:/st/stm32cubeide_1.9.0/stm32cubeide/plugins/com.st.stm32cube.ide.mcu.externaltools.gnu-tools-for-stm32.10.3-2021.10.win32_1.0.0.202111181127/tools/bin/../lib/gcc/arm-none-eabi/10.3.1/thumb/v8-m.main+fp/hard/crtbegin.o

.preinit_array  0x0000000008009734        0x0
                0x0000000008009734                PROVIDE (__preinit_array_start = .)
 *(.preinit_array*)
                0x0000000008009734                PROVIDE (__preinit_array_end = .)

.init_array     0x0000000008009734        0x4
                0x0000000008009734                PROVIDE (__init_array_start = .)
 *(SORT_BY_NAME(.init_array.*))
 *(.init_array*)
 .init_array    0x0000000008009734        0x4 c:/st/stm32cubeide_1.9.0/stm32cubeide/plugins/com.st.stm32cube.ide.mcu.externaltools.gnu-tools-for-stm32.10.3-2021.10.win32_1.0.0.202111181127/tools/bin/../lib/gcc/arm-none-eabi/10.3.1/thumb/v8-m.main+fp/hard/crtbegin.o
                0x0000000008009738                PROVIDE (__init_array_end = .)

.fini_array     0x0000000008009738        0x4
                [!provide]                        PROVIDE (__fini_array_start = .)
 *(SORT_BY_NAME(.fini_array.*))
 *(.fini_array*)
 .fini_array    0x0000000008009738        0x4 c:/st/stm32cubeide_1.9.0/stm32cubeide/plugins/com.st.stm32cube.ide.mcu.externaltools.gnu-tools-for-stm32.10.3-2021.10.win32_1.0.0.202111181127/tools/bin/../lib/gcc/arm-none-eabi/10.3.1/thumb/v8-m.main+fp/hard/crtbegin.o
                [!provide]                        PROVIDE (__fini_array_end = .)
                0x000000000800973c                _sidata = LOADADDR (.data)

.data           0x0000000020000000        0xd load address 0x000000000800973c
                0x0000000020000000                _sdata = .
 *(.data)
 *(.data*)
 .data._ZL11rotationNum
                0x0000000020000000        0x1 ./Core/Src/my_ST7789v.o
 *fill*         0x0000000020000001        0x3 
 .data.SystemCoreClock
                0x0000000020000004        0x4 ./Core/Src/system_stm32u5xx.o
                0x0000000020000004                SystemCoreClock
 .data.uwTickPrio
                0x0000000020000008        0x4 ./Drivers/STM32U5xx_HAL_Driver/Src/stm32u5xx_hal.o
                0x0000000020000008                uwTickPrio
 .data.uwTickFreq
                0x000000002000000c        0x1 ./Drivers/STM32U5xx_HAL_Driver/Src/stm32u5xx_hal.o
                0x000000002000000c                uwTickFreq
 *(.RamFunc)
 *(.RamFunc*)
                0x000000002000000d                _edata = .

.igot.plt       0x0000000020000010        0x0 load address 0x0000000008009749
 .igot.plt      0x0000000020000010        0x0 c:/st/stm32cubeide_1.9.0/stm32cubeide/plugins/com.st.stm32cube.ide.mcu.externaltools.gnu-tools-for-stm32.10.3-2021.10.win32_1.0.0.202111181127/tools/bin/../lib/gcc/arm-none-eabi/10.3.1/thumb/v8-m.main+fp/hard/crtbegin.o

.bss            0x0000000020000010      0x6a4 load address 0x0000000008009749
                0x0000000020000010                _sbss = .
                0x0000000020000010                __bss_start__ = _sbss
 *(.bss)
 .bss           0x0000000020000010       0x1c c:/st/stm32cubeide_1.9.0/stm32cubeide/plugins/com.st.stm32cube.ide.mcu.externaltools.gnu-tools-for-stm32.10.3-2021.10.win32_1.0.0.202111181127/tools/bin/../lib/gcc/arm-none-eabi/10.3.1/thumb/v8-m.main+fp/hard/crtbegin.o
 *(.bss*)
 .bss.hadc1     0x000000002000002c       0x8c ./Core/Src/main.o
                0x000000002000002c                hadc1
 .bss.huart1    0x00000000200000b8       0x90 ./Core/Src/main.o
                0x00000000200000b8                huart1
 .bss.hpcd_USB_OTG_FS
                0x0000000020000148      0x50c ./Core/Src/main.o
                0x0000000020000148                hpcd_USB_OTG_FS
 .bss.hsram1    0x0000000020000654       0x58 ./Core/Src/main.o
                0x0000000020000654                hsram1
 .bss.FMC_Initialized
                0x00000000200006ac        0x4 ./Core/Src/stm32u5xx_hal_msp.o
 .bss.uwTick    0x00000000200006b0        0x4 ./Drivers/STM32U5xx_HAL_Driver/Src/stm32u5xx_hal.o
                0x00000000200006b0                uwTick
 *(COMMON)
                0x00000000200006b4                _ebss = .
                0x00000000200006b4                __bss_end__ = _ebss

._user_heap_stack
                0x00000000200006b4      0x604 load address 0x0000000008009749
                0x00000000200006b8                . = ALIGN (0x8)
 *fill*         0x00000000200006b4        0x4 
                [!provide]                        PROVIDE (end = .)
                0x00000000200006b8                PROVIDE (_end = .)
                0x00000000200008b8                . = (. + _Min_Heap_Size)
 *fill*         0x00000000200006b8      0x200 
                0x0000000020000cb8                . = (. + _Min_Stack_Size)
 *fill*         0x00000000200008b8      0x400 
                0x0000000020000cb8                . = ALIGN (0x8)

/DISCARD/
 libc.a(*)
 libm.a(*)
 libgcc.a(*)

.ARM.attributes
                0x0000000000000000       0x36
 *(.ARM.attributes)
 .ARM.attributes
                0x0000000000000000       0x22 c:/st/stm32cubeide_1.9.0/stm32cubeide/plugins/com.st.stm32cube.ide.mcu.externaltools.gnu-tools-for-stm32.10.3-2021.10.win32_1.0.0.202111181127/tools/bin/../lib/gcc/arm-none-eabi/10.3.1/thumb/v8-m.main+fp/hard/crti.o
 .ARM.attributes
                0x0000000000000022       0x38 c:/st/stm32cubeide_1.9.0/stm32cubeide/plugins/com.st.stm32cube.ide.mcu.externaltools.gnu-tools-for-stm32.10.3-2021.10.win32_1.0.0.202111181127/tools/bin/../lib/gcc/arm-none-eabi/10.3.1/thumb/v8-m.main+fp/hard/crtbegin.o
 .ARM.attributes
                0x000000000000005a       0x3a ./Core/Src/fmc.o
 .ARM.attributes
                0x0000000000000094       0x3a ./Core/Src/main.o
 .ARM.attributes
                0x00000000000000ce       0x3a ./Core/Src/my_ST7789v.o
 .ARM.attributes
                0x0000000000000108       0x3a ./Core/Src/stm32u5xx_hal_msp.o
 .ARM.attributes
                0x0000000000000142       0x3a ./Core/Src/stm32u5xx_it.o
 .ARM.attributes
                0x000000000000017c       0x3a ./Core/Src/system_stm32u5xx.o
 .ARM.attributes
                0x00000000000001b6       0x24 ./Core/Startup/startup_stm32u575zitxq.o
 .ARM.attributes
                0x00000000000001da       0x3a ./Drivers/STM32U5xx_HAL_Driver/Src/stm32u5xx_hal.o
 .ARM.attributes
                0x0000000000000214       0x3a ./Drivers/STM32U5xx_HAL_Driver/Src/stm32u5xx_hal_adc.o
 .ARM.attributes
                0x000000000000024e       0x3a ./Drivers/STM32U5xx_HAL_Driver/Src/stm32u5xx_hal_cortex.o
 .ARM.attributes
                0x0000000000000288       0x3a ./Drivers/STM32U5xx_HAL_Driver/Src/stm32u5xx_hal_gpio.o
 .ARM.attributes
                0x00000000000002c2       0x3a ./Drivers/STM32U5xx_HAL_Driver/Src/stm32u5xx_hal_pcd.o
 .ARM.attributes
                0x00000000000002fc       0x3a ./Drivers/STM32U5xx_HAL_Driver/Src/stm32u5xx_hal_pcd_ex.o
 .ARM.attributes
                0x0000000000000336       0x3a ./Drivers/STM32U5xx_HAL_Driver/Src/stm32u5xx_hal_pwr_ex.o
 .ARM.attributes
                0x0000000000000370       0x3a ./Drivers/STM32U5xx_HAL_Driver/Src/stm32u5xx_hal_rcc.o
 .ARM.attributes
                0x00000000000003aa       0x3a ./Drivers/STM32U5xx_HAL_Driver/Src/stm32u5xx_hal_rcc_ex.o
 .ARM.attributes
                0x00000000000003e4       0x3a ./Drivers/STM32U5xx_HAL_Driver/Src/stm32u5xx_hal_sram.o
 .ARM.attributes
                0x000000000000041e       0x3a ./Drivers/STM32U5xx_HAL_Driver/Src/stm32u5xx_hal_uart.o
 .ARM.attributes
                0x0000000000000458       0x3a ./Drivers/STM32U5xx_HAL_Driver/Src/stm32u5xx_hal_uart_ex.o
 .ARM.attributes
                0x0000000000000492       0x3a ./Drivers/STM32U5xx_HAL_Driver/Src/stm32u5xx_ll_fmc.o
 .ARM.attributes
                0x00000000000004cc       0x3a ./Drivers/STM32U5xx_HAL_Driver/Src/stm32u5xx_ll_gpio.o
 .ARM.attributes
                0x0000000000000506       0x3a ./Drivers/STM32U5xx_HAL_Driver/Src/stm32u5xx_ll_usb.o
 .ARM.attributes
                0x0000000000000540       0x38 c:/st/stm32cubeide_1.9.0/stm32cubeide/plugins/com.st.stm32cube.ide.mcu.externaltools.gnu-tools-for-stm32.10.3-2021.10.win32_1.0.0.202111181127/tools/bin/../lib/gcc/arm-none-eabi/10.3.1/../../../../arm-none-eabi/lib/thumb/v8-m.main+fp/hard\libc_nano.a(lib_a-init.o)
 .ARM.attributes
                0x0000000000000578       0x38 c:/st/stm32cubeide_1.9.0/stm32cubeide/plugins/com.st.stm32cube.ide.mcu.externaltools.gnu-tools-for-stm32.10.3-2021.10.win32_1.0.0.202111181127/tools/bin/../lib/gcc/arm-none-eabi/10.3.1/../../../../arm-none-eabi/lib/thumb/v8-m.main+fp/hard\libc_nano.a(lib_a-memset.o)
 .ARM.attributes
                0x00000000000005b0       0x22 c:/st/stm32cubeide_1.9.0/stm32cubeide/plugins/com.st.stm32cube.ide.mcu.externaltools.gnu-tools-for-stm32.10.3-2021.10.win32_1.0.0.202111181127/tools/bin/../lib/gcc/arm-none-eabi/10.3.1/thumb/v8-m.main+fp/hard\libgcc.a(_aeabi_uldivmod.o)
 .ARM.attributes
                0x00000000000005d2       0x38 c:/st/stm32cubeide_1.9.0/stm32cubeide/plugins/com.st.stm32cube.ide.mcu.externaltools.gnu-tools-for-stm32.10.3-2021.10.win32_1.0.0.202111181127/tools/bin/../lib/gcc/arm-none-eabi/10.3.1/thumb/v8-m.main+fp/hard\libgcc.a(_udivmoddi4.o)
 .ARM.attributes
                0x000000000000060a       0x22 c:/st/stm32cubeide_1.9.0/stm32cubeide/plugins/com.st.stm32cube.ide.mcu.externaltools.gnu-tools-for-stm32.10.3-2021.10.win32_1.0.0.202111181127/tools/bin/../lib/gcc/arm-none-eabi/10.3.1/thumb/v8-m.main+fp/hard\libgcc.a(_dvmd_tls.o)
 .ARM.attributes
                0x000000000000062c       0x22 c:/st/stm32cubeide_1.9.0/stm32cubeide/plugins/com.st.stm32cube.ide.mcu.externaltools.gnu-tools-for-stm32.10.3-2021.10.win32_1.0.0.202111181127/tools/bin/../lib/gcc/arm-none-eabi/10.3.1/thumb/v8-m.main+fp/hard/crtn.o
OUTPUT(Nucleo_U575_TFT16bit.elf elf32-littlearm)
LOAD linker stubs
LOAD c:/st/stm32cubeide_1.9.0/stm32cubeide/plugins/com.st.stm32cube.ide.mcu.externaltools.gnu-tools-for-stm32.10.3-2021.10.win32_1.0.0.202111181127/tools/bin/../lib/gcc/arm-none-eabi/10.3.1/../../../../arm-none-eabi/lib/thumb/v8-m.main+fp/hard\libc.a
LOAD c:/st/stm32cubeide_1.9.0/stm32cubeide/plugins/com.st.stm32cube.ide.mcu.externaltools.gnu-tools-for-stm32.10.3-2021.10.win32_1.0.0.202111181127/tools/bin/../lib/gcc/arm-none-eabi/10.3.1/../../../../arm-none-eabi/lib/thumb/v8-m.main+fp/hard\libm.a
LOAD c:/st/stm32cubeide_1.9.0/stm32cubeide/plugins/com.st.stm32cube.ide.mcu.externaltools.gnu-tools-for-stm32.10.3-2021.10.win32_1.0.0.202111181127/tools/bin/../lib/gcc/arm-none-eabi/10.3.1/thumb/v8-m.main+fp/hard\libgcc.a

.debug_info     0x0000000000000000    0x1d3ca
 .debug_info    0x0000000000000000      0x9cb ./Core/Src/fmc.o
 .debug_info    0x00000000000009cb     0x2393 ./Core/Src/main.o
 .debug_info    0x0000000000002d5e     0x309d ./Core/Src/my_ST7789v.o
 .debug_info    0x0000000000005dfb     0x253f ./Core/Src/stm32u5xx_hal_msp.o
 .debug_info    0x000000000000833a      0x817 ./Core/Src/stm32u5xx_it.o
 .debug_info    0x0000000000008b51      0x8f2 ./Core/Src/system_stm32u5xx.o
 .debug_info    0x0000000000009443       0x22 ./Core/Startup/startup_stm32u575zitxq.o
 .debug_info    0x0000000000009465     0x11b5 ./Drivers/STM32U5xx_HAL_Driver/Src/stm32u5xx_hal.o
 .debug_info    0x000000000000a61a     0x2407 ./Drivers/STM32U5xx_HAL_Driver/Src/stm32u5xx_hal_adc.o
 .debug_info    0x000000000000ca21     0x15b9 ./Drivers/STM32U5xx_HAL_Driver/Src/stm32u5xx_hal_cortex.o
 .debug_info    0x000000000000dfda      0x880 ./Drivers/STM32U5xx_HAL_Driver/Src/stm32u5xx_hal_gpio.o
 .debug_info    0x000000000000e85a     0x16a5 ./Drivers/STM32U5xx_HAL_Driver/Src/stm32u5xx_hal_pcd.o
 .debug_info    0x000000000000feff      0x908 ./Drivers/STM32U5xx_HAL_Driver/Src/stm32u5xx_hal_pcd_ex.o
 .debug_info    0x0000000000010807      0xe83 ./Drivers/STM32U5xx_HAL_Driver/Src/stm32u5xx_hal_pwr_ex.o
 .debug_info    0x000000000001168a     0x1392 ./Drivers/STM32U5xx_HAL_Driver/Src/stm32u5xx_hal_rcc.o
 .debug_info    0x0000000000012a1c     0x163d ./Drivers/STM32U5xx_HAL_Driver/Src/stm32u5xx_hal_rcc_ex.o
 .debug_info    0x0000000000014059     0x106c ./Drivers/STM32U5xx_HAL_Driver/Src/stm32u5xx_hal_sram.o
 .debug_info    0x00000000000150c5     0x4112 ./Drivers/STM32U5xx_HAL_Driver/Src/stm32u5xx_hal_uart.o
 .debug_info    0x00000000000191d7     0x124a ./Drivers/STM32U5xx_HAL_Driver/Src/stm32u5xx_hal_uart_ex.o
 .debug_info    0x000000000001a421      0x86a ./Drivers/STM32U5xx_HAL_Driver/Src/stm32u5xx_ll_fmc.o
 .debug_info    0x000000000001ac8b      0xbfa ./Drivers/STM32U5xx_HAL_Driver/Src/stm32u5xx_ll_gpio.o
 .debug_info    0x000000000001b885     0x1b45 ./Drivers/STM32U5xx_HAL_Driver/Src/stm32u5xx_ll_usb.o

.debug_abbrev   0x0000000000000000     0x3693
 .debug_abbrev  0x0000000000000000      0x19a ./Core/Src/fmc.o
 .debug_abbrev  0x000000000000019a      0x384 ./Core/Src/main.o
 .debug_abbrev  0x000000000000051e      0x5a2 ./Core/Src/my_ST7789v.o
 .debug_abbrev  0x0000000000000ac0      0x31f ./Core/Src/stm32u5xx_hal_msp.o
 .debug_abbrev  0x0000000000000ddf      0x25e ./Core/Src/stm32u5xx_it.o
 .debug_abbrev  0x000000000000103d      0x127 ./Core/Src/system_stm32u5xx.o
 .debug_abbrev  0x0000000000001164       0x12 ./Core/Startup/startup_stm32u575zitxq.o
 .debug_abbrev  0x0000000000001176      0x285 ./Drivers/STM32U5xx_HAL_Driver/Src/stm32u5xx_hal.o
 .debug_abbrev  0x00000000000013fb      0x2b9 ./Drivers/STM32U5xx_HAL_Driver/Src/stm32u5xx_hal_adc.o
 .debug_abbrev  0x00000000000016b4      0x303 ./Drivers/STM32U5xx_HAL_Driver/Src/stm32u5xx_hal_cortex.o
 .debug_abbrev  0x00000000000019b7      0x246 ./Drivers/STM32U5xx_HAL_Driver/Src/stm32u5xx_hal_gpio.o
 .debug_abbrev  0x0000000000001bfd      0x2d2 ./Drivers/STM32U5xx_HAL_Driver/Src/stm32u5xx_hal_pcd.o
 .debug_abbrev  0x0000000000001ecf      0x24a ./Drivers/STM32U5xx_HAL_Driver/Src/stm32u5xx_hal_pcd_ex.o
 .debug_abbrev  0x0000000000002119      0x20d ./Drivers/STM32U5xx_HAL_Driver/Src/stm32u5xx_hal_pwr_ex.o
 .debug_abbrev  0x0000000000002326      0x2b9 ./Drivers/STM32U5xx_HAL_Driver/Src/stm32u5xx_hal_rcc.o
 .debug_abbrev  0x00000000000025df      0x299 ./Drivers/STM32U5xx_HAL_Driver/Src/stm32u5xx_hal_rcc_ex.o
 .debug_abbrev  0x0000000000002878      0x1ff ./Drivers/STM32U5xx_HAL_Driver/Src/stm32u5xx_hal_sram.o
 .debug_abbrev  0x0000000000002a77      0x2f0 ./Drivers/STM32U5xx_HAL_Driver/Src/stm32u5xx_hal_uart.o
 .debug_abbrev  0x0000000000002d67      0x2bd ./Drivers/STM32U5xx_HAL_Driver/Src/stm32u5xx_hal_uart_ex.o
 .debug_abbrev  0x0000000000003024      0x196 ./Drivers/STM32U5xx_HAL_Driver/Src/stm32u5xx_ll_fmc.o
 .debug_abbrev  0x00000000000031ba      0x243 ./Drivers/STM32U5xx_HAL_Driver/Src/stm32u5xx_ll_gpio.o
 .debug_abbrev  0x00000000000033fd      0x296 ./Drivers/STM32U5xx_HAL_Driver/Src/stm32u5xx_ll_usb.o

.debug_aranges  0x0000000000000000     0x13f8
 .debug_aranges
                0x0000000000000000       0x30 ./Core/Src/fmc.o
 .debug_aranges
                0x0000000000000030       0x98 ./Core/Src/main.o
 .debug_aranges
                0x00000000000000c8      0x108 ./Core/Src/my_ST7789v.o
 .debug_aranges
                0x00000000000001d0       0x90 ./Core/Src/stm32u5xx_hal_msp.o
 .debug_aranges
                0x0000000000000260       0x88 ./Core/Src/stm32u5xx_it.o
 .debug_aranges
                0x00000000000002e8       0x28 ./Core/Src/system_stm32u5xx.o
 .debug_aranges
                0x0000000000000310       0x28 ./Core/Startup/startup_stm32u575zitxq.o
 .debug_aranges
                0x0000000000000338      0x120 ./Drivers/STM32U5xx_HAL_Driver/Src/stm32u5xx_hal.o
 .debug_aranges
                0x0000000000000458      0x240 ./Drivers/STM32U5xx_HAL_Driver/Src/stm32u5xx_hal_adc.o
 .debug_aranges
                0x0000000000000698      0x130 ./Drivers/STM32U5xx_HAL_Driver/Src/stm32u5xx_hal_cortex.o
 .debug_aranges
                0x00000000000007c8       0x70 ./Drivers/STM32U5xx_HAL_Driver/Src/stm32u5xx_hal_gpio.o
 .debug_aranges
                0x0000000000000838      0x140 ./Drivers/STM32U5xx_HAL_Driver/Src/stm32u5xx_hal_pcd.o
 .debug_aranges
                0x0000000000000978       0x60 ./Drivers/STM32U5xx_HAL_Driver/Src/stm32u5xx_hal_pcd_ex.o
 .debug_aranges
                0x00000000000009d8      0x200 ./Drivers/STM32U5xx_HAL_Driver/Src/stm32u5xx_hal_pwr_ex.o
 .debug_aranges
                0x0000000000000bd8       0xa8 ./Drivers/STM32U5xx_HAL_Driver/Src/stm32u5xx_hal_rcc.o
 .debug_aranges
                0x0000000000000c80      0x138 ./Drivers/STM32U5xx_HAL_Driver/Src/stm32u5xx_hal_rcc_ex.o
 .debug_aranges
                0x0000000000000db8       0xb8 ./Drivers/STM32U5xx_HAL_Driver/Src/stm32u5xx_hal_sram.o
 .debug_aranges
                0x0000000000000e70      0x248 ./Drivers/STM32U5xx_HAL_Driver/Src/stm32u5xx_hal_uart.o
 .debug_aranges
                0x00000000000010b8       0xb0 ./Drivers/STM32U5xx_HAL_Driver/Src/stm32u5xx_hal_uart_ex.o
 .debug_aranges
                0x0000000000001168       0x80 ./Drivers/STM32U5xx_HAL_Driver/Src/stm32u5xx_ll_fmc.o
 .debug_aranges
                0x00000000000011e8       0x70 ./Drivers/STM32U5xx_HAL_Driver/Src/stm32u5xx_ll_gpio.o
 .debug_aranges
                0x0000000000001258      0x1a0 ./Drivers/STM32U5xx_HAL_Driver/Src/stm32u5xx_ll_usb.o

.debug_ranges   0x0000000000000000     0x12d0
 .debug_ranges  0x0000000000000000       0x20 ./Core/Src/fmc.o
 .debug_ranges  0x0000000000000020       0x88 ./Core/Src/main.o
 .debug_ranges  0x00000000000000a8       0xf8 ./Core/Src/my_ST7789v.o
 .debug_ranges  0x00000000000001a0       0x80 ./Core/Src/stm32u5xx_hal_msp.o
 .debug_ranges  0x0000000000000220       0x78 ./Core/Src/stm32u5xx_it.o
 .debug_ranges  0x0000000000000298       0x18 ./Core/Src/system_stm32u5xx.o
 .debug_ranges  0x00000000000002b0       0x20 ./Core/Startup/startup_stm32u575zitxq.o
 .debug_ranges  0x00000000000002d0      0x110 ./Drivers/STM32U5xx_HAL_Driver/Src/stm32u5xx_hal.o
 .debug_ranges  0x00000000000003e0      0x230 ./Drivers/STM32U5xx_HAL_Driver/Src/stm32u5xx_hal_adc.o
 .debug_ranges  0x0000000000000610      0x120 ./Drivers/STM32U5xx_HAL_Driver/Src/stm32u5xx_hal_cortex.o
 .debug_ranges  0x0000000000000730       0x60 ./Drivers/STM32U5xx_HAL_Driver/Src/stm32u5xx_hal_gpio.o
 .debug_ranges  0x0000000000000790      0x130 ./Drivers/STM32U5xx_HAL_Driver/Src/stm32u5xx_hal_pcd.o
 .debug_ranges  0x00000000000008c0       0x50 ./Drivers/STM32U5xx_HAL_Driver/Src/stm32u5xx_hal_pcd_ex.o
 .debug_ranges  0x0000000000000910      0x1f0 ./Drivers/STM32U5xx_HAL_Driver/Src/stm32u5xx_hal_pwr_ex.o
 .debug_ranges  0x0000000000000b00       0x98 ./Drivers/STM32U5xx_HAL_Driver/Src/stm32u5xx_hal_rcc.o
 .debug_ranges  0x0000000000000b98      0x128 ./Drivers/STM32U5xx_HAL_Driver/Src/stm32u5xx_hal_rcc_ex.o
 .debug_ranges  0x0000000000000cc0       0xa8 ./Drivers/STM32U5xx_HAL_Driver/Src/stm32u5xx_hal_sram.o
 .debug_ranges  0x0000000000000d68      0x268 ./Drivers/STM32U5xx_HAL_Driver/Src/stm32u5xx_hal_uart.o
 .debug_ranges  0x0000000000000fd0       0xa0 ./Drivers/STM32U5xx_HAL_Driver/Src/stm32u5xx_hal_uart_ex.o
 .debug_ranges  0x0000000000001070       0x70 ./Drivers/STM32U5xx_HAL_Driver/Src/stm32u5xx_ll_fmc.o
 .debug_ranges  0x00000000000010e0       0x60 ./Drivers/STM32U5xx_HAL_Driver/Src/stm32u5xx_ll_gpio.o
 .debug_ranges  0x0000000000001140      0x190 ./Drivers/STM32U5xx_HAL_Driver/Src/stm32u5xx_ll_usb.o

.debug_macro    0x0000000000000000    0x3af74
 .debug_macro   0x0000000000000000      0x2c9 ./Core/Src/fmc.o
 .debug_macro   0x00000000000002c9      0xa84 ./Core/Src/fmc.o
 .debug_macro   0x0000000000000d4d      0x1eb ./Core/Src/fmc.o
 .debug_macro   0x0000000000000f38       0x2e ./Core/Src/fmc.o
 .debug_macro   0x0000000000000f66       0x42 ./Core/Src/fmc.o
 .debug_macro   0x0000000000000fa8       0x22 ./Core/Src/fmc.o
 .debug_macro   0x0000000000000fca       0x8e ./Core/Src/fmc.o
 .debug_macro   0x0000000000001058       0x51 ./Core/Src/fmc.o
 .debug_macro   0x00000000000010a9      0x103 ./Core/Src/fmc.o
 .debug_macro   0x00000000000011ac       0x6a ./Core/Src/fmc.o
 .debug_macro   0x0000000000001216      0x1df ./Core/Src/fmc.o
 .debug_macro   0x00000000000013f5       0x1c ./Core/Src/fmc.o
 .debug_macro   0x0000000000001411       0x29 ./Core/Src/fmc.o
 .debug_macro   0x000000000000143a       0xfb ./Core/Src/fmc.o
 .debug_macro   0x0000000000001535     0x1336 ./Core/Src/fmc.o
 .debug_macro   0x000000000000286b       0x5e ./Core/Src/fmc.o
 .debug_macro   0x00000000000028c9    0x226bd ./Core/Src/fmc.o
 .debug_macro   0x0000000000024f86       0x6d ./Core/Src/fmc.o
 .debug_macro   0x0000000000024ff3     0x3794 ./Core/Src/fmc.o
 .debug_macro   0x0000000000028787      0x174 ./Core/Src/fmc.o
 .debug_macro   0x00000000000288fb       0x52 ./Core/Src/fmc.o
 .debug_macro   0x000000000002894d       0x1e ./Core/Src/fmc.o
 .debug_macro   0x000000000002896b       0x3c ./Core/Src/fmc.o
 .debug_macro   0x00000000000289a7       0x34 ./Core/Src/fmc.o
 .debug_macro   0x00000000000289db       0x16 ./Core/Src/fmc.o
 .debug_macro   0x00000000000289f1       0x43 ./Core/Src/fmc.o
 .debug_macro   0x0000000000028a34       0x34 ./Core/Src/fmc.o
 .debug_macro   0x0000000000028a68       0x10 ./Core/Src/fmc.o
 .debug_macro   0x0000000000028a78       0x58 ./Core/Src/fmc.o
 .debug_macro   0x0000000000028ad0       0x71 ./Core/Src/fmc.o
 .debug_macro   0x0000000000028b41       0x1c ./Core/Src/fmc.o
 .debug_macro   0x0000000000028b5d      0x12a ./Core/Src/fmc.o
 .debug_macro   0x0000000000028c87      0x341 ./Core/Src/fmc.o
 .debug_macro   0x0000000000028fc8      0x19b ./Core/Src/fmc.o
 .debug_macro   0x0000000000029163       0x5d ./Core/Src/fmc.o
 .debug_macro   0x00000000000291c0     0x1bb7 ./Core/Src/fmc.o
 .debug_macro   0x000000000002ad77      0x7ff ./Core/Src/fmc.o
 .debug_macro   0x000000000002b576      0x158 ./Core/Src/fmc.o
 .debug_macro   0x000000000002b6ce      0x2aa ./Core/Src/fmc.o
 .debug_macro   0x000000000002b978      0x5a5 ./Core/Src/fmc.o
 .debug_macro   0x000000000002bf1d      0x432 ./Core/Src/fmc.o
 .debug_macro   0x000000000002c34f       0xd6 ./Core/Src/fmc.o
 .debug_macro   0x000000000002c425      0x1cd ./Core/Src/fmc.o
 .debug_macro   0x000000000002c5f2     0x1406 ./Core/Src/fmc.o
 .debug_macro   0x000000000002d9f8      0x92d ./Core/Src/fmc.o
 .debug_macro   0x000000000002e325      0x2bf ./Core/Src/fmc.o
 .debug_macro   0x000000000002e5e4      0x432 ./Core/Src/fmc.o
 .debug_macro   0x000000000002ea16       0x95 ./Core/Src/fmc.o
 .debug_macro   0x000000000002eaab      0x11c ./Core/Src/fmc.o
 .debug_macro   0x000000000002ebc7      0x340 ./Core/Src/fmc.o
 .debug_macro   0x000000000002ef07      0x517 ./Core/Src/fmc.o
 .debug_macro   0x000000000002f41e      0x4d4 ./Core/Src/fmc.o
 .debug_macro   0x000000000002f8f2      0x662 ./Core/Src/fmc.o
 .debug_macro   0x000000000002ff54      0x1a1 ./Core/Src/fmc.o
 .debug_macro   0x00000000000300f5      0x248 ./Core/Src/fmc.o
 .debug_macro   0x000000000003033d       0x90 ./Core/Src/fmc.o
 .debug_macro   0x00000000000303cd      0x1b7 ./Core/Src/fmc.o
 .debug_macro   0x0000000000030584      0x361 ./Core/Src/fmc.o
 .debug_macro   0x00000000000308e5       0x76 ./Core/Src/fmc.o
 .debug_macro   0x000000000003095b      0x439 ./Core/Src/main.o
 .debug_macro   0x0000000000030d94      0x2b6 ./Core/Src/main.o
 .debug_macro   0x000000000003104a      0x2f8 ./Core/Src/main.o
 .debug_macro   0x0000000000031342      0x157 ./Core/Src/main.o
 .debug_macro   0x0000000000031499      0xaaf ./Core/Src/main.o
 .debug_macro   0x0000000000031f48      0x284 ./Core/Src/main.o
 .debug_macro   0x00000000000321cc       0xca ./Core/Src/main.o
 .debug_macro   0x0000000000032296      0x44e ./Core/Src/main.o
 .debug_macro   0x00000000000326e4      0x167 ./Core/Src/main.o
 .debug_macro   0x000000000003284b      0x8cf ./Core/Src/main.o
 .debug_macro   0x000000000003311a      0x18c ./Core/Src/main.o
 .debug_macro   0x00000000000332a6       0x7c ./Core/Src/main.o
 .debug_macro   0x0000000000033322       0x22 ./Core/Src/main.o
 .debug_macro   0x0000000000033344       0x16 ./Core/Src/main.o
 .debug_macro   0x000000000003335a       0x35 ./Core/Src/main.o
 .debug_macro   0x000000000003338f       0x16 ./Core/Src/main.o
 .debug_macro   0x00000000000333a5       0x29 ./Core/Src/main.o
 .debug_macro   0x00000000000333ce       0x1c ./Core/Src/main.o
 .debug_macro   0x00000000000333ea       0x10 ./Core/Src/main.o
 .debug_macro   0x00000000000333fa       0x10 ./Core/Src/main.o
 .debug_macro   0x000000000003340a       0x1c ./Core/Src/main.o
 .debug_macro   0x0000000000033426       0x52 ./Core/Src/main.o
 .debug_macro   0x0000000000033478       0x22 ./Core/Src/main.o
 .debug_macro   0x000000000003349a       0x10 ./Core/Src/main.o
 .debug_macro   0x00000000000334aa       0x52 ./Core/Src/main.o
 .debug_macro   0x00000000000334fc       0xd5 ./Core/Src/main.o
 .debug_macro   0x00000000000335d1       0x1c ./Core/Src/main.o
 .debug_macro   0x00000000000335ed       0x3d ./Core/Src/main.o
 .debug_macro   0x000000000003362a       0x16 ./Core/Src/main.o
 .debug_macro   0x0000000000033640      0x145 ./Core/Src/main.o
 .debug_macro   0x0000000000033785      0x357 ./Core/Src/main.o
 .debug_macro   0x0000000000033adc       0xac ./Core/Src/main.o
 .debug_macro   0x0000000000033b88      0x63b ./Core/Src/my_ST7789v.o
 .debug_macro   0x00000000000341c3      0xb5c ./Core/Src/my_ST7789v.o
 .debug_macro   0x0000000000034d1f       0x1c ./Core/Src/my_ST7789v.o
 .debug_macro   0x0000000000034d3b     0x1336 ./Core/Src/my_ST7789v.o
 .debug_macro   0x0000000000036071      0x17b ./Core/Src/my_ST7789v.o
 .debug_macro   0x00000000000361ec      0x18a ./Core/Src/my_ST7789v.o
 .debug_macro   0x0000000000036376       0x10 ./Core/Src/my_ST7789v.o
 .debug_macro   0x0000000000036386      0x3d1 ./Core/Src/my_ST7789v.o
 .debug_macro   0x0000000000036757       0x18 ./Core/Src/my_ST7789v.o
 .debug_macro   0x000000000003676f       0x34 ./Core/Src/my_ST7789v.o
 .debug_macro   0x00000000000367a3       0x43 ./Core/Src/my_ST7789v.o
 .debug_macro   0x00000000000367e6       0x16 ./Core/Src/my_ST7789v.o
 .debug_macro   0x00000000000367fc      0x364 ./Core/Src/my_ST7789v.o
 .debug_macro   0x0000000000036b60      0x194 ./Core/Src/my_ST7789v.o
 .debug_macro   0x0000000000036cf4       0x10 ./Core/Src/my_ST7789v.o
 .debug_macro   0x0000000000036d04       0x35 ./Core/Src/my_ST7789v.o
 .debug_macro   0x0000000000036d39       0x10 ./Core/Src/my_ST7789v.o
 .debug_macro   0x0000000000036d49      0x3c7 ./Core/Src/my_ST7789v.o
 .debug_macro   0x0000000000037110       0x16 ./Core/Src/my_ST7789v.o
 .debug_macro   0x0000000000037126       0xf0 ./Core/Src/my_ST7789v.o
 .debug_macro   0x0000000000037216      0x137 ./Core/Src/my_ST7789v.o
 .debug_macro   0x000000000003734d       0x41 ./Core/Src/my_ST7789v.o
 .debug_macro   0x000000000003738e       0x12 ./Core/Src/my_ST7789v.o
 .debug_macro   0x00000000000373a0       0x27 ./Core/Src/my_ST7789v.o
 .debug_macro   0x00000000000373c7       0x1c ./Core/Src/my_ST7789v.o
 .debug_macro   0x00000000000373e3       0x4f ./Core/Src/my_ST7789v.o
 .debug_macro   0x0000000000037432       0x28 ./Core/Src/my_ST7789v.o
 .debug_macro   0x000000000003745a       0x2e ./Core/Src/my_ST7789v.o
 .debug_macro   0x0000000000037488       0x19 ./Core/Src/my_ST7789v.o
 .debug_macro   0x00000000000374a1       0x88 ./Core/Src/my_ST7789v.o
 .debug_macro   0x0000000000037529       0x19 ./Core/Src/my_ST7789v.o
 .debug_macro   0x0000000000037542       0x10 ./Core/Src/my_ST7789v.o
 .debug_macro   0x0000000000037552      0x120 ./Core/Src/my_ST7789v.o
 .debug_macro   0x0000000000037672      0x439 ./Core/Src/stm32u5xx_hal_msp.o
 .debug_macro   0x0000000000037aab      0x443 ./Core/Src/stm32u5xx_it.o
 .debug_macro   0x0000000000037eee      0x2c1 ./Core/Src/system_stm32u5xx.o
 .debug_macro   0x00000000000381af      0x2de ./Drivers/STM32U5xx_HAL_Driver/Src/stm32u5xx_hal.o
 .debug_macro   0x000000000003848d      0x2de ./Drivers/STM32U5xx_HAL_Driver/Src/stm32u5xx_hal_adc.o
 .debug_macro   0x000000000003876b      0x2ba ./Drivers/STM32U5xx_HAL_Driver/Src/stm32u5xx_hal_cortex.o
 .debug_macro   0x0000000000038a25      0x2ec ./Drivers/STM32U5xx_HAL_Driver/Src/stm32u5xx_hal_gpio.o
 .debug_macro   0x0000000000038d11      0x2c6 ./Drivers/STM32U5xx_HAL_Driver/Src/stm32u5xx_hal_pcd.o
 .debug_macro   0x0000000000038fd7      0x2ba ./Drivers/STM32U5xx_HAL_Driver/Src/stm32u5xx_hal_pcd_ex.o
 .debug_macro   0x0000000000039291      0x2e5 ./Drivers/STM32U5xx_HAL_Driver/Src/stm32u5xx_hal_pwr_ex.o
 .debug_macro   0x0000000000039576      0x3ba ./Drivers/STM32U5xx_HAL_Driver/Src/stm32u5xx_hal_rcc.o
 .debug_macro   0x0000000000039930      0x3f0 ./Drivers/STM32U5xx_HAL_Driver/Src/stm32u5xx_hal_rcc_ex.o
 .debug_macro   0x0000000000039d20      0x2ba ./Drivers/STM32U5xx_HAL_Driver/Src/stm32u5xx_hal_sram.o
 .debug_macro   0x0000000000039fda      0x2e5 ./Drivers/STM32U5xx_HAL_Driver/Src/stm32u5xx_hal_uart.o
 .debug_macro   0x000000000003a2bf      0x2c6 ./Drivers/STM32U5xx_HAL_Driver/Src/stm32u5xx_hal_uart_ex.o
 .debug_macro   0x000000000003a585      0x2d8 ./Drivers/STM32U5xx_HAL_Driver/Src/stm32u5xx_ll_fmc.o
 .debug_macro   0x000000000003a85d      0x2fc ./Drivers/STM32U5xx_HAL_Driver/Src/stm32u5xx_ll_gpio.o
 .debug_macro   0x000000000003ab59      0x161 ./Drivers/STM32U5xx_HAL_Driver/Src/stm32u5xx_ll_gpio.o
 .debug_macro   0x000000000003acba      0x2ba ./Drivers/STM32U5xx_HAL_Driver/Src/stm32u5xx_ll_usb.o

.debug_line     0x0000000000000000    0x19993
 .debug_line    0x0000000000000000      0x943 ./Core/Src/fmc.o
 .debug_line    0x0000000000000943      0xf1b ./Core/Src/main.o
 .debug_line    0x000000000000185e     0x1aaf ./Core/Src/my_ST7789v.o
 .debug_line    0x000000000000330d      0xcca ./Core/Src/stm32u5xx_hal_msp.o
 .debug_line    0x0000000000003fd7      0xbd2 ./Core/Src/stm32u5xx_it.o
 .debug_line    0x0000000000004ba9      0x96a ./Core/Src/system_stm32u5xx.o
 .debug_line    0x0000000000005513       0x86 ./Core/Startup/startup_stm32u575zitxq.o
 .debug_line    0x0000000000005599      0xc34 ./Drivers/STM32U5xx_HAL_Driver/Src/stm32u5xx_hal.o
 .debug_line    0x00000000000061cd     0x25b5 ./Drivers/STM32U5xx_HAL_Driver/Src/stm32u5xx_hal_adc.o
 .debug_line    0x0000000000008782      0xe79 ./Drivers/STM32U5xx_HAL_Driver/Src/stm32u5xx_hal_cortex.o
 .debug_line    0x00000000000095fb      0xdbe ./Drivers/STM32U5xx_HAL_Driver/Src/stm32u5xx_hal_gpio.o
 .debug_line    0x000000000000a3b9     0x15c1 ./Drivers/STM32U5xx_HAL_Driver/Src/stm32u5xx_hal_pcd.o
 .debug_line    0x000000000000b97a      0xa45 ./Drivers/STM32U5xx_HAL_Driver/Src/stm32u5xx_hal_pcd_ex.o
 .debug_line    0x000000000000c3bf     0x11f7 ./Drivers/STM32U5xx_HAL_Driver/Src/stm32u5xx_hal_pwr_ex.o
 .debug_line    0x000000000000d5b6     0x160c ./Drivers/STM32U5xx_HAL_Driver/Src/stm32u5xx_hal_rcc.o
 .debug_line    0x000000000000ebc2     0x221c ./Drivers/STM32U5xx_HAL_Driver/Src/stm32u5xx_hal_rcc_ex.o
 .debug_line    0x0000000000010dde      0xfbd ./Drivers/STM32U5xx_HAL_Driver/Src/stm32u5xx_hal_sram.o
 .debug_line    0x0000000000011d9b     0x391b ./Drivers/STM32U5xx_HAL_Driver/Src/stm32u5xx_hal_uart.o
 .debug_line    0x00000000000156b6     0x102b ./Drivers/STM32U5xx_HAL_Driver/Src/stm32u5xx_hal_uart_ex.o
 .debug_line    0x00000000000166e1      0xafb ./Drivers/STM32U5xx_HAL_Driver/Src/stm32u5xx_ll_fmc.o
 .debug_line    0x00000000000171dc      0xbd0 ./Drivers/STM32U5xx_HAL_Driver/Src/stm32u5xx_ll_gpio.o
 .debug_line    0x0000000000017dac     0x1be7 ./Drivers/STM32U5xx_HAL_Driver/Src/stm32u5xx_ll_usb.o

.debug_str      0x0000000000000000   0x164250
 .debug_str     0x0000000000000000   0x140ff4 ./Core/Src/fmc.o
                                     0x142de3 (size before relaxing)
 .debug_str     0x0000000000140ff4    0x14385 ./Core/Src/main.o
                                     0x157257 (size before relaxing)
 .debug_str     0x0000000000155379     0x5e4e ./Core/Src/my_ST7789v.o
                                     0x15b90b (size before relaxing)
 .debug_str     0x000000000015b1c7      0xb8c ./Core/Src/stm32u5xx_hal_msp.o
                                     0x15790f (size before relaxing)
 .debug_str     0x000000000015bd53       0xee ./Core/Src/stm32u5xx_it.o
                                     0x156057 (size before relaxing)
 .debug_str     0x000000000015be41      0x1b0 ./Core/Src/system_stm32u5xx.o
                                     0x1424e6 (size before relaxing)
 .debug_str     0x000000000015bff1       0x37 ./Core/Startup/startup_stm32u575zitxq.o
                                         0x7e (size before relaxing)
 .debug_str     0x000000000015c028      0x6a6 ./Drivers/STM32U5xx_HAL_Driver/Src/stm32u5xx_hal.o
                                     0x143293 (size before relaxing)
 .debug_str     0x000000000015c6ce      0xdce ./Drivers/STM32U5xx_HAL_Driver/Src/stm32u5xx_hal_adc.o
                                     0x143733 (size before relaxing)
 .debug_str     0x000000000015d49c      0x398 ./Drivers/STM32U5xx_HAL_Driver/Src/stm32u5xx_hal_cortex.o
                                     0x1430ba (size before relaxing)
 .debug_str     0x000000000015d834      0x2a8 ./Drivers/STM32U5xx_HAL_Driver/Src/stm32u5xx_hal_gpio.o
                                     0x1424ed (size before relaxing)
 .debug_str     0x000000000015dadc      0x807 ./Drivers/STM32U5xx_HAL_Driver/Src/stm32u5xx_hal_pcd.o
                                     0x142dc4 (size before relaxing)
 .debug_str     0x000000000015e2e3      0x174 ./Drivers/STM32U5xx_HAL_Driver/Src/stm32u5xx_hal_pcd_ex.o
                                     0x142761 (size before relaxing)
 .debug_str     0x000000000015e457      0x828 ./Drivers/STM32U5xx_HAL_Driver/Src/stm32u5xx_hal_pwr_ex.o
                                     0x142c1c (size before relaxing)
 .debug_str     0x000000000015ec7f     0x12b3 ./Drivers/STM32U5xx_HAL_Driver/Src/stm32u5xx_hal_rcc.o
                                     0x143bbd (size before relaxing)
 .debug_str     0x000000000015ff32     0x253e ./Drivers/STM32U5xx_HAL_Driver/Src/stm32u5xx_hal_rcc_ex.o
                                     0x144e64 (size before relaxing)
 .debug_str     0x0000000000162470      0x29c ./Drivers/STM32U5xx_HAL_Driver/Src/stm32u5xx_hal_sram.o
                                     0x142a9a (size before relaxing)
 .debug_str     0x000000000016270c      0x95e ./Drivers/STM32U5xx_HAL_Driver/Src/stm32u5xx_hal_uart.o
                                     0x143196 (size before relaxing)
 .debug_str     0x000000000016306a      0x2f9 ./Drivers/STM32U5xx_HAL_Driver/Src/stm32u5xx_hal_uart_ex.o
                                     0x142c2e (size before relaxing)
 .debug_str     0x0000000000163363      0x451 ./Drivers/STM32U5xx_HAL_Driver/Src/stm32u5xx_ll_fmc.o
                                     0x142873 (size before relaxing)
 .debug_str     0x00000000001637b4      0x658 ./Drivers/STM32U5xx_HAL_Driver/Src/stm32u5xx_ll_gpio.o
                                     0x1446a5 (size before relaxing)
 .debug_str     0x0000000000163e0c      0x444 ./Drivers/STM32U5xx_HAL_Driver/Src/stm32u5xx_ll_usb.o
                                     0x142c4b (size before relaxing)

.comment        0x0000000000000000       0x50
 .comment       0x0000000000000000       0x50 ./Core/Src/fmc.o
                                         0x51 (size before relaxing)
 .comment       0x0000000000000050       0x51 ./Core/Src/main.o
 .comment       0x0000000000000050       0x51 ./Core/Src/my_ST7789v.o
 .comment       0x0000000000000050       0x51 ./Core/Src/stm32u5xx_hal_msp.o
 .comment       0x0000000000000050       0x51 ./Core/Src/stm32u5xx_it.o
 .comment       0x0000000000000050       0x51 ./Core/Src/system_stm32u5xx.o
 .comment       0x0000000000000050       0x51 ./Drivers/STM32U5xx_HAL_Driver/Src/stm32u5xx_hal.o
 .comment       0x0000000000000050       0x51 ./Drivers/STM32U5xx_HAL_Driver/Src/stm32u5xx_hal_adc.o
 .comment       0x0000000000000050       0x51 ./Drivers/STM32U5xx_HAL_Driver/Src/stm32u5xx_hal_cortex.o
 .comment       0x0000000000000050       0x51 ./Drivers/STM32U5xx_HAL_Driver/Src/stm32u5xx_hal_gpio.o
 .comment       0x0000000000000050       0x51 ./Drivers/STM32U5xx_HAL_Driver/Src/stm32u5xx_hal_pcd.o
 .comment       0x0000000000000050       0x51 ./Drivers/STM32U5xx_HAL_Driver/Src/stm32u5xx_hal_pcd_ex.o
 .comment       0x0000000000000050       0x51 ./Drivers/STM32U5xx_HAL_Driver/Src/stm32u5xx_hal_pwr_ex.o
 .comment       0x0000000000000050       0x51 ./Drivers/STM32U5xx_HAL_Driver/Src/stm32u5xx_hal_rcc.o
 .comment       0x0000000000000050       0x51 ./Drivers/STM32U5xx_HAL_Driver/Src/stm32u5xx_hal_rcc_ex.o
 .comment       0x0000000000000050       0x51 ./Drivers/STM32U5xx_HAL_Driver/Src/stm32u5xx_hal_sram.o
 .comment       0x0000000000000050       0x51 ./Drivers/STM32U5xx_HAL_Driver/Src/stm32u5xx_hal_uart.o
 .comment       0x0000000000000050       0x51 ./Drivers/STM32U5xx_HAL_Driver/Src/stm32u5xx_hal_uart_ex.o
 .comment       0x0000000000000050       0x51 ./Drivers/STM32U5xx_HAL_Driver/Src/stm32u5xx_ll_fmc.o
 .comment       0x0000000000000050       0x51 ./Drivers/STM32U5xx_HAL_Driver/Src/stm32u5xx_ll_gpio.o
 .comment       0x0000000000000050       0x51 ./Drivers/STM32U5xx_HAL_Driver/Src/stm32u5xx_ll_usb.o

.debug_frame    0x0000000000000000     0x5554
 .debug_frame   0x0000000000000000       0x80 ./Core/Src/fmc.o
 .debug_frame   0x0000000000000080      0x238 ./Core/Src/main.o
 .debug_frame   0x00000000000002b8      0x4a0 ./Core/Src/my_ST7789v.o
 .debug_frame   0x0000000000000758      0x23c ./Core/Src/stm32u5xx_hal_msp.o
 .debug_frame   0x0000000000000994      0x1bc ./Core/Src/stm32u5xx_it.o
 .debug_frame   0x0000000000000b50       0x58 ./Core/Src/system_stm32u5xx.o
 .debug_frame   0x0000000000000ba8      0x460 ./Drivers/STM32U5xx_HAL_Driver/Src/stm32u5xx_hal.o
 .debug_frame   0x0000000000001008      0xaa4 ./Drivers/STM32U5xx_HAL_Driver/Src/stm32u5xx_hal_adc.o
 .debug_frame   0x0000000000001aac      0x508 ./Drivers/STM32U5xx_HAL_Driver/Src/stm32u5xx_hal_cortex.o
 .debug_frame   0x0000000000001fb4      0x1c4 ./Drivers/STM32U5xx_HAL_Driver/Src/stm32u5xx_hal_gpio.o
 .debug_frame   0x0000000000002178      0x594 ./Drivers/STM32U5xx_HAL_Driver/Src/stm32u5xx_hal_pcd.o
 .debug_frame   0x000000000000270c      0x174 ./Drivers/STM32U5xx_HAL_Driver/Src/stm32u5xx_hal_pcd_ex.o
 .debug_frame   0x0000000000002880      0x84c ./Drivers/STM32U5xx_HAL_Driver/Src/stm32u5xx_hal_pwr_ex.o
 .debug_frame   0x00000000000030cc      0x28c ./Drivers/STM32U5xx_HAL_Driver/Src/stm32u5xx_hal_rcc.o
 .debug_frame   0x0000000000003358      0x53c ./Drivers/STM32U5xx_HAL_Driver/Src/stm32u5xx_hal_rcc_ex.o
 .debug_frame   0x0000000000003894      0x30c ./Drivers/STM32U5xx_HAL_Driver/Src/stm32u5xx_hal_sram.o
 .debug_frame   0x0000000000003ba0      0xa84 ./Drivers/STM32U5xx_HAL_Driver/Src/stm32u5xx_hal_uart.o
 .debug_frame   0x0000000000004624      0x2ec ./Drivers/STM32U5xx_HAL_Driver/Src/stm32u5xx_hal_uart_ex.o
 .debug_frame   0x0000000000004910      0x214 ./Drivers/STM32U5xx_HAL_Driver/Src/stm32u5xx_ll_fmc.o
 .debug_frame   0x0000000000004b24      0x1c0 ./Drivers/STM32U5xx_HAL_Driver/Src/stm32u5xx_ll_gpio.o
 .debug_frame   0x0000000000004ce4      0x7c0 ./Drivers/STM32U5xx_HAL_Driver/Src/stm32u5xx_ll_usb.o
 .debug_frame   0x00000000000054a4       0x2c c:/st/stm32cubeide_1.9.0/stm32cubeide/plugins/com.st.stm32cube.ide.mcu.externaltools.gnu-tools-for-stm32.10.3-2021.10.win32_1.0.0.202111181127/tools/bin/../lib/gcc/arm-none-eabi/10.3.1/../../../../arm-none-eabi/lib/thumb/v8-m.main+fp/hard\libc_nano.a(lib_a-init.o)
 .debug_frame   0x00000000000054d0       0x20 c:/st/stm32cubeide_1.9.0/stm32cubeide/plugins/com.st.stm32cube.ide.mcu.externaltools.gnu-tools-for-stm32.10.3-2021.10.win32_1.0.0.202111181127/tools/bin/../lib/gcc/arm-none-eabi/10.3.1/../../../../arm-none-eabi/lib/thumb/v8-m.main+fp/hard\libc_nano.a(lib_a-memset.o)
 .debug_frame   0x00000000000054f0       0x2c c:/st/stm32cubeide_1.9.0/stm32cubeide/plugins/com.st.stm32cube.ide.mcu.externaltools.gnu-tools-for-stm32.10.3-2021.10.win32_1.0.0.202111181127/tools/bin/../lib/gcc/arm-none-eabi/10.3.1/thumb/v8-m.main+fp/hard\libgcc.a(_aeabi_uldivmod.o)
 .debug_frame   0x000000000000551c       0x38 c:/st/stm32cubeide_1.9.0/stm32cubeide/plugins/com.st.stm32cube.ide.mcu.externaltools.gnu-tools-for-stm32.10.3-2021.10.win32_1.0.0.202111181127/tools/bin/../lib/gcc/arm-none-eabi/10.3.1/thumb/v8-m.main+fp/hard\libgcc.a(_udivmoddi4.o)
