Archive member included to satisfy reference by file (symbol)

c:/st/stm32cubeide_1.10.0/stm32cubeide/plugins/com.st.stm32cube.ide.mcu.externaltools.gnu-tools-for-stm32.10.3-2021.10.win32_1.0.0.202111181127/tools/bin/../lib/gcc/arm-none-eabi/10.3.1/../../../../arm-none-eabi/lib/thumb/v8-m.main+fp/hard\libc_nano.a(lib_a-errno.o)
                              ./Core/Src/syscalls.o (__errno)
c:/st/stm32cubeide_1.10.0/stm32cubeide/plugins/com.st.stm32cube.ide.mcu.externaltools.gnu-tools-for-stm32.10.3-2021.10.win32_1.0.0.202111181127/tools/bin/../lib/gcc/arm-none-eabi/10.3.1/../../../../arm-none-eabi/lib/thumb/v8-m.main+fp/hard\libc_nano.a(lib_a-exit.o)
                              c:/st/stm32cubeide_1.10.0/stm32cubeide/plugins/com.st.stm32cube.ide.mcu.externaltools.gnu-tools-for-stm32.10.3-2021.10.win32_1.0.0.202111181127/tools/bin/../lib/gcc/arm-none-eabi/10.3.1/../../../../arm-none-eabi/lib/thumb/v8-m.main+fp/hard/crt0.o (exit)
c:/st/stm32cubeide_1.10.0/stm32cubeide/plugins/com.st.stm32cube.ide.mcu.externaltools.gnu-tools-for-stm32.10.3-2021.10.win32_1.0.0.202111181127/tools/bin/../lib/gcc/arm-none-eabi/10.3.1/../../../../arm-none-eabi/lib/thumb/v8-m.main+fp/hard\libc_nano.a(lib_a-impure.o)
                              c:/st/stm32cubeide_1.10.0/stm32cubeide/plugins/com.st.stm32cube.ide.mcu.externaltools.gnu-tools-for-stm32.10.3-2021.10.win32_1.0.0.202111181127/tools/bin/../lib/gcc/arm-none-eabi/10.3.1/../../../../arm-none-eabi/lib/thumb/v8-m.main+fp/hard\libc_nano.a(lib_a-exit.o) (_global_impure_ptr)
c:/st/stm32cubeide_1.10.0/stm32cubeide/plugins/com.st.stm32cube.ide.mcu.externaltools.gnu-tools-for-stm32.10.3-2021.10.win32_1.0.0.202111181127/tools/bin/../lib/gcc/arm-none-eabi/10.3.1/../../../../arm-none-eabi/lib/thumb/v8-m.main+fp/hard\libc_nano.a(lib_a-init.o)
                              c:/st/stm32cubeide_1.10.0/stm32cubeide/plugins/com.st.stm32cube.ide.mcu.externaltools.gnu-tools-for-stm32.10.3-2021.10.win32_1.0.0.202111181127/tools/bin/../lib/gcc/arm-none-eabi/10.3.1/../../../../arm-none-eabi/lib/thumb/v8-m.main+fp/hard/crt0.o (__libc_init_array)
c:/st/stm32cubeide_1.10.0/stm32cubeide/plugins/com.st.stm32cube.ide.mcu.externaltools.gnu-tools-for-stm32.10.3-2021.10.win32_1.0.0.202111181127/tools/bin/../lib/gcc/arm-none-eabi/10.3.1/../../../../arm-none-eabi/lib/thumb/v8-m.main+fp/hard\libc_nano.a(lib_a-memset.o)
                              c:/st/stm32cubeide_1.10.0/stm32cubeide/plugins/com.st.stm32cube.ide.mcu.externaltools.gnu-tools-for-stm32.10.3-2021.10.win32_1.0.0.202111181127/tools/bin/../lib/gcc/arm-none-eabi/10.3.1/../../../../arm-none-eabi/lib/thumb/v8-m.main+fp/hard/crt0.o (memset)
c:/st/stm32cubeide_1.10.0/stm32cubeide/plugins/com.st.stm32cube.ide.mcu.externaltools.gnu-tools-for-stm32.10.3-2021.10.win32_1.0.0.202111181127/tools/bin/../lib/gcc/arm-none-eabi/10.3.1/thumb/v8-m.main+fp/hard\libgcc.a(_arm_addsubdf3.o)
                              ./Core/Src/fmc.o (__aeabi_dsub)
c:/st/stm32cubeide_1.10.0/stm32cubeide/plugins/com.st.stm32cube.ide.mcu.externaltools.gnu-tools-for-stm32.10.3-2021.10.win32_1.0.0.202111181127/tools/bin/../lib/gcc/arm-none-eabi/10.3.1/thumb/v8-m.main+fp/hard\libgcc.a(_arm_muldivdf3.o)
                              ./Core/Src/fmc.o (__aeabi_ddiv)
c:/st/stm32cubeide_1.10.0/stm32cubeide/plugins/com.st.stm32cube.ide.mcu.externaltools.gnu-tools-for-stm32.10.3-2021.10.win32_1.0.0.202111181127/tools/bin/../lib/gcc/arm-none-eabi/10.3.1/thumb/v8-m.main+fp/hard\libgcc.a(_arm_fixdfsi.o)
                              ./Core/Src/fmc.o (__aeabi_d2iz)
c:/st/stm32cubeide_1.10.0/stm32cubeide/plugins/com.st.stm32cube.ide.mcu.externaltools.gnu-tools-for-stm32.10.3-2021.10.win32_1.0.0.202111181127/tools/bin/../lib/gcc/arm-none-eabi/10.3.1/thumb/v8-m.main+fp/hard\libgcc.a(_aeabi_uldivmod.o)
                              ./Drivers/STM32U5xx_HAL_Driver/Src/stm32u5xx_hal_uart.o (__aeabi_uldivmod)
c:/st/stm32cubeide_1.10.0/stm32cubeide/plugins/com.st.stm32cube.ide.mcu.externaltools.gnu-tools-for-stm32.10.3-2021.10.win32_1.0.0.202111181127/tools/bin/../lib/gcc/arm-none-eabi/10.3.1/thumb/v8-m.main+fp/hard\libgcc.a(_udivmoddi4.o)
                              c:/st/stm32cubeide_1.10.0/stm32cubeide/plugins/com.st.stm32cube.ide.mcu.externaltools.gnu-tools-for-stm32.10.3-2021.10.win32_1.0.0.202111181127/tools/bin/../lib/gcc/arm-none-eabi/10.3.1/thumb/v8-m.main+fp/hard\libgcc.a(_aeabi_uldivmod.o) (__udivmoddi4)
c:/st/stm32cubeide_1.10.0/stm32cubeide/plugins/com.st.stm32cube.ide.mcu.externaltools.gnu-tools-for-stm32.10.3-2021.10.win32_1.0.0.202111181127/tools/bin/../lib/gcc/arm-none-eabi/10.3.1/thumb/v8-m.main+fp/hard\libgcc.a(_dvmd_tls.o)
                              c:/st/stm32cubeide_1.10.0/stm32cubeide/plugins/com.st.stm32cube.ide.mcu.externaltools.gnu-tools-for-stm32.10.3-2021.10.win32_1.0.0.202111181127/tools/bin/../lib/gcc/arm-none-eabi/10.3.1/thumb/v8-m.main+fp/hard\libgcc.a(_aeabi_uldivmod.o) (__aeabi_ldiv0)

Discarded input sections

[...]
Memory Configuration

Name             Origin             Length             Attributes
RAM              0x0000000020000000 0x00000000000c0000 xrw
SRAM4            0x0000000028000000 0x0000000000004000 xrw
FLASH            0x0000000008000000 0x0000000000200000 xr
*default*        0x0000000000000000 0xffffffffffffffff

Linker script and memory map

LOAD c:/st/stm32cubeide_1.10.0/stm32cubeide/plugins/com.st.stm32cube.ide.mcu.externaltools.gnu-tools-for-stm32.10.3-2021.10.win32_1.0.0.202111181127/tools/bin/../lib/gcc/arm-none-eabi/10.3.1/thumb/v8-m.main+fp/hard/crti.o
LOAD c:/st/stm32cubeide_1.10.0/stm32cubeide/plugins/com.st.stm32cube.ide.mcu.externaltools.gnu-tools-for-stm32.10.3-2021.10.win32_1.0.0.202111181127/tools/bin/../lib/gcc/arm-none-eabi/10.3.1/thumb/v8-m.main+fp/hard/crtbegin.o
LOAD c:/st/stm32cubeide_1.10.0/stm32cubeide/plugins/com.st.stm32cube.ide.mcu.externaltools.gnu-tools-for-stm32.10.3-2021.10.win32_1.0.0.202111181127/tools/bin/../lib/gcc/arm-none-eabi/10.3.1/../../../../arm-none-eabi/lib/thumb/v8-m.main+fp/hard/crt0.o
LOAD ./Core/Src/ST7789v.o
LOAD ./Core/Src/fmc.o
LOAD ./Core/Src/main.o
LOAD ./Core/Src/stm32u5xx_hal_msp.o
LOAD ./Core/Src/stm32u5xx_it.o
LOAD ./Core/Src/syscalls.o
LOAD ./Core/Src/sysmem.o
LOAD ./Core/Src/system_stm32u5xx.o
LOAD ./Core/Startup/startup_stm32u575zitxq.o
LOAD ./Drivers/STM32U5xx_HAL_Driver/Src/stm32u5xx_hal.o
LOAD ./Drivers/STM32U5xx_HAL_Driver/Src/stm32u5xx_hal_adc.o
LOAD ./Drivers/STM32U5xx_HAL_Driver/Src/stm32u5xx_hal_adc_ex.o
LOAD ./Drivers/STM32U5xx_HAL_Driver/Src/stm32u5xx_hal_cortex.o
LOAD ./Drivers/STM32U5xx_HAL_Driver/Src/stm32u5xx_hal_dma.o
LOAD ./Drivers/STM32U5xx_HAL_Driver/Src/stm32u5xx_hal_dma_ex.o
LOAD ./Drivers/STM32U5xx_HAL_Driver/Src/stm32u5xx_hal_exti.o
LOAD ./Drivers/STM32U5xx_HAL_Driver/Src/stm32u5xx_hal_flash.o
LOAD ./Drivers/STM32U5xx_HAL_Driver/Src/stm32u5xx_hal_flash_ex.o
LOAD ./Drivers/STM32U5xx_HAL_Driver/Src/stm32u5xx_hal_gpio.o
LOAD ./Drivers/STM32U5xx_HAL_Driver/Src/stm32u5xx_hal_gtzc.o
LOAD ./Drivers/STM32U5xx_HAL_Driver/Src/stm32u5xx_hal_i2c.o
LOAD ./Drivers/STM32U5xx_HAL_Driver/Src/stm32u5xx_hal_i2c_ex.o
LOAD ./Drivers/STM32U5xx_HAL_Driver/Src/stm32u5xx_hal_icache.o
LOAD ./Drivers/STM32U5xx_HAL_Driver/Src/stm32u5xx_hal_pcd.o
LOAD ./Drivers/STM32U5xx_HAL_Driver/Src/stm32u5xx_hal_pcd_ex.o
LOAD ./Drivers/STM32U5xx_HAL_Driver/Src/stm32u5xx_hal_pwr.o
LOAD ./Drivers/STM32U5xx_HAL_Driver/Src/stm32u5xx_hal_pwr_ex.o
LOAD ./Drivers/STM32U5xx_HAL_Driver/Src/stm32u5xx_hal_rcc.o
LOAD ./Drivers/STM32U5xx_HAL_Driver/Src/stm32u5xx_hal_rcc_ex.o
LOAD ./Drivers/STM32U5xx_HAL_Driver/Src/stm32u5xx_hal_sram.o
LOAD ./Drivers/STM32U5xx_HAL_Driver/Src/stm32u5xx_hal_tim.o
LOAD ./Drivers/STM32U5xx_HAL_Driver/Src/stm32u5xx_hal_tim_ex.o
LOAD ./Drivers/STM32U5xx_HAL_Driver/Src/stm32u5xx_hal_uart.o
LOAD ./Drivers/STM32U5xx_HAL_Driver/Src/stm32u5xx_hal_uart_ex.o
LOAD ./Drivers/STM32U5xx_HAL_Driver/Src/stm32u5xx_ll_dma.o
LOAD ./Drivers/STM32U5xx_HAL_Driver/Src/stm32u5xx_ll_exti.o
LOAD ./Drivers/STM32U5xx_HAL_Driver/Src/stm32u5xx_ll_fmc.o
LOAD ./Drivers/STM32U5xx_HAL_Driver/Src/stm32u5xx_ll_gpio.o
LOAD ./Drivers/STM32U5xx_HAL_Driver/Src/stm32u5xx_ll_lpgpio.o
LOAD ./Drivers/STM32U5xx_HAL_Driver/Src/stm32u5xx_ll_ucpd.o
LOAD ./Drivers/STM32U5xx_HAL_Driver/Src/stm32u5xx_ll_usb.o
LOAD ./Drivers/STM32U5xx_HAL_Driver/Src/stm32u5xx_ll_utils.o
START GROUP
LOAD c:/st/stm32cubeide_1.10.0/stm32cubeide/plugins/com.st.stm32cube.ide.mcu.externaltools.gnu-tools-for-stm32.10.3-2021.10.win32_1.0.0.202111181127/tools/bin/../lib/gcc/arm-none-eabi/10.3.1/../../../../arm-none-eabi/lib/thumb/v8-m.main+fp/hard\libstdc++_nano.a
LOAD c:/st/stm32cubeide_1.10.0/stm32cubeide/plugins/com.st.stm32cube.ide.mcu.externaltools.gnu-tools-for-stm32.10.3-2021.10.win32_1.0.0.202111181127/tools/bin/../lib/gcc/arm-none-eabi/10.3.1/../../../../arm-none-eabi/lib/thumb/v8-m.main+fp/hard\libsupc++_nano.a
END GROUP
LOAD c:/st/stm32cubeide_1.10.0/stm32cubeide/plugins/com.st.stm32cube.ide.mcu.externaltools.gnu-tools-for-stm32.10.3-2021.10.win32_1.0.0.202111181127/tools/bin/../lib/gcc/arm-none-eabi/10.3.1/../../../../arm-none-eabi/lib/thumb/v8-m.main+fp/hard\libstdc++_nano.a
LOAD c:/st/stm32cubeide_1.10.0/stm32cubeide/plugins/com.st.stm32cube.ide.mcu.externaltools.gnu-tools-for-stm32.10.3-2021.10.win32_1.0.0.202111181127/tools/bin/../lib/gcc/arm-none-eabi/10.3.1/../../../../arm-none-eabi/lib/thumb/v8-m.main+fp/hard\libm.a
LOAD c:/st/stm32cubeide_1.10.0/stm32cubeide/plugins/com.st.stm32cube.ide.mcu.externaltools.gnu-tools-for-stm32.10.3-2021.10.win32_1.0.0.202111181127/tools/bin/../lib/gcc/arm-none-eabi/10.3.1/../../../../arm-none-eabi/lib/thumb/v8-m.main+fp/hard\libc_nano.a
START GROUP
LOAD c:/st/stm32cubeide_1.10.0/stm32cubeide/plugins/com.st.stm32cube.ide.mcu.externaltools.gnu-tools-for-stm32.10.3-2021.10.win32_1.0.0.202111181127/tools/bin/../lib/gcc/arm-none-eabi/10.3.1/thumb/v8-m.main+fp/hard\libgcc.a
LOAD c:/st/stm32cubeide_1.10.0/stm32cubeide/plugins/com.st.stm32cube.ide.mcu.externaltools.gnu-tools-for-stm32.10.3-2021.10.win32_1.0.0.202111181127/tools/bin/../lib/gcc/arm-none-eabi/10.3.1/../../../../arm-none-eabi/lib/thumb/v8-m.main+fp/hard\libc_nano.a
END GROUP
START GROUP
LOAD c:/st/stm32cubeide_1.10.0/stm32cubeide/plugins/com.st.stm32cube.ide.mcu.externaltools.gnu-tools-for-stm32.10.3-2021.10.win32_1.0.0.202111181127/tools/bin/../lib/gcc/arm-none-eabi/10.3.1/thumb/v8-m.main+fp/hard\libgcc.a
LOAD c:/st/stm32cubeide_1.10.0/stm32cubeide/plugins/com.st.stm32cube.ide.mcu.externaltools.gnu-tools-for-stm32.10.3-2021.10.win32_1.0.0.202111181127/tools/bin/../lib/gcc/arm-none-eabi/10.3.1/../../../../arm-none-eabi/lib/thumb/v8-m.main+fp/hard\libc_nano.a
LOAD c:/st/stm32cubeide_1.10.0/stm32cubeide/plugins/com.st.stm32cube.ide.mcu.externaltools.gnu-tools-for-stm32.10.3-2021.10.win32_1.0.0.202111181127/tools/bin/../lib/gcc/arm-none-eabi/10.3.1/../../../../arm-none-eabi/lib/thumb/v8-m.main+fp/hard\libnosys.a
END GROUP
START GROUP
LOAD c:/st/stm32cubeide_1.10.0/stm32cubeide/plugins/com.st.stm32cube.ide.mcu.externaltools.gnu-tools-for-stm32.10.3-2021.10.win32_1.0.0.202111181127/tools/bin/../lib/gcc/arm-none-eabi/10.3.1/thumb/v8-m.main+fp/hard\libgcc.a
LOAD c:/st/stm32cubeide_1.10.0/stm32cubeide/plugins/com.st.stm32cube.ide.mcu.externaltools.gnu-tools-for-stm32.10.3-2021.10.win32_1.0.0.202111181127/tools/bin/../lib/gcc/arm-none-eabi/10.3.1/../../../../arm-none-eabi/lib/thumb/v8-m.main+fp/hard\libc_nano.a
LOAD c:/st/stm32cubeide_1.10.0/stm32cubeide/plugins/com.st.stm32cube.ide.mcu.externaltools.gnu-tools-for-stm32.10.3-2021.10.win32_1.0.0.202111181127/tools/bin/../lib/gcc/arm-none-eabi/10.3.1/../../../../arm-none-eabi/lib/thumb/v8-m.main+fp/hard\libnosys.a
END GROUP
LOAD c:/st/stm32cubeide_1.10.0/stm32cubeide/plugins/com.st.stm32cube.ide.mcu.externaltools.gnu-tools-for-stm32.10.3-2021.10.win32_1.0.0.202111181127/tools/bin/../lib/gcc/arm-none-eabi/10.3.1/thumb/v8-m.main+fp/hard/crtend.o
LOAD c:/st/stm32cubeide_1.10.0/stm32cubeide/plugins/com.st.stm32cube.ide.mcu.externaltools.gnu-tools-for-stm32.10.3-2021.10.win32_1.0.0.202111181127/tools/bin/../lib/gcc/arm-none-eabi/10.3.1/thumb/v8-m.main+fp/hard/crtn.o
                0x00000000200c0000                _estack = (ORIGIN (RAM) + LENGTH (RAM))
                0x0000000000000200                _Min_Heap_Size = 0x200
                0x0000000000000400                _Min_Stack_Size = 0x400

.isr_vector     0x0000000008000000      0x234
 *(.isr_vector)
 .isr_vector    0x0000000008000000      0x234 ./Core/Startup/startup_stm32u575zitxq.o
                0x0000000008000000                g_pfnVectors

.text           0x0000000008000234     0x92dc
 *(.text)
 .text          0x0000000008000234       0x40 c:/st/stm32cubeide_1.10.0/stm32cubeide/plugins/com.st.stm32cube.ide.mcu.externaltools.gnu-tools-for-stm32.10.3-2021.10.win32_1.0.0.202111181127/tools/bin/../lib/gcc/arm-none-eabi/10.3.1/thumb/v8-m.main+fp/hard/crtbegin.o
 .text          0x0000000008000274       0x30 c:/st/stm32cubeide_1.10.0/stm32cubeide/plugins/com.st.stm32cube.ide.mcu.externaltools.gnu-tools-for-stm32.10.3-2021.10.win32_1.0.0.202111181127/tools/bin/../lib/gcc/arm-none-eabi/10.3.1/thumb/v8-m.main+fp/hard\libgcc.a(_aeabi_uldivmod.o)
                0x0000000008000274                __aeabi_uldivmod
 .text          0x00000000080002a4      0x2ec c:/st/stm32cubeide_1.10.0/stm32cubeide/plugins/com.st.stm32cube.ide.mcu.externaltools.gnu-tools-for-stm32.10.3-2021.10.win32_1.0.0.202111181127/tools/bin/../lib/gcc/arm-none-eabi/10.3.1/thumb/v8-m.main+fp/hard\libgcc.a(_udivmoddi4.o)
                0x00000000080002a4                __udivmoddi4
 .text          0x0000000008000590        0x4 c:/st/stm32cubeide_1.10.0/stm32cubeide/plugins/com.st.stm32cube.ide.mcu.externaltools.gnu-tools-for-stm32.10.3-2021.10.win32_1.0.0.202111181127/tools/bin/../lib/gcc/arm-none-eabi/10.3.1/thumb/v8-m.main+fp/hard\libgcc.a(_dvmd_tls.o)
                0x0000000008000590                __aeabi_idiv0
                0x0000000008000590                __aeabi_ldiv0
 *(.text*)
 .text.ST7789V_SEND_COMMAND
                0x0000000008000594       0x1e ./Core/Src/ST7789v.o
                0x0000000008000594                ST7789V_SEND_COMMAND
 *fill*         0x00000000080005b2        0x2 
 .text.ST7789V_SEND_DATA
                0x00000000080005b4       0x20 ./Core/Src/ST7789v.o
                0x00000000080005b4                ST7789V_SEND_DATA
 .text.ST7789V_writeRegister32
                0x00000000080005d4       0x4c ./Core/Src/ST7789v.o
                0x00000000080005d4                ST7789V_writeRegister32
 .text.ST7789V_setCursorPosition
                0x0000000008000620       0x5c ./Core/Src/ST7789v.o
                0x0000000008000620                ST7789V_setCursorPosition
 .text.ST7789V_init
                0x000000000800067c      0x20c ./Core/Src/ST7789v.o
                0x000000000800067c                ST7789V_init
 .text.ST7789V_drawPixel
                0x0000000008000888       0x2e ./Core/Src/ST7789v.o
                0x0000000008000888                ST7789V_drawPixel
 *fill*         0x00000000080008b6        0x2 
 .text.ST7789V_fill
                0x00000000080008b8       0x70 ./Core/Src/ST7789v.o
                0x00000000080008b8                ST7789V_fill
 .text.ST7789V_drawCircle
                0x0000000008000928      0x1a6 ./Core/Src/ST7789v.o
                0x0000000008000928                ST7789V_drawCircle
 .text.ST7789V_drawLine
                0x0000000008000ace      0x11e ./Core/Src/ST7789v.o
                0x0000000008000ace                ST7789V_drawLine
 .text.ST7789V_drawFastVLine
                0x0000000008000bec       0x42 ./Core/Src/ST7789v.o
                0x0000000008000bec                ST7789V_drawFastVLine
 .text._ZSt4moveIRtEONSt16remove_referenceIT_E4typeEOS2_
                0x0000000008000c2e       0x16 ./Core/Src/ST7789v.o
                0x0000000008000c2e                std::remove_reference<unsigned short&>::type&& std::move<unsigned short&>(unsigned short&)
 .text._ZSt4swapItENSt9enable_ifIXsrSt6__and_IJSt6__not_ISt15__is_tuple_likeIT_EESt21is_move_constructibleIS4_ESt18is_move_assignableIS4_EEE5valueEvE4typeERS4_SE_
                0x0000000008000c44       0x3e ./Core/Src/ST7789v.o
                0x0000000008000c44                std::enable_if<std::__and_<std::__not_<std::__is_tuple_like<unsigned short> >, std::is_move_constructible<unsigned short>, std::is_move_assignable<unsigned short> >::value, void>::type std::swap<unsigned short>(unsigned short&, unsigned short&)
 *fill*         0x0000000008000c82        0x2 
 .text.FMCSRAMInit
                0x0000000008000c84       0xcc ./Core/Src/fmc.o
                0x0000000008000c84                FMCSRAMInit
 .text.FMC_Error_Handler
                0x0000000008000d50        0xe ./Core/Src/fmc.o
                0x0000000008000d50                FMC_Error_Handler
 *fill*         0x0000000008000d5e        0x2 
 .text.LL_AHB2_GRP1_EnableClock
                0x0000000008000d60       0x38 ./Core/Src/main.o
 .text.LL_APB1_GRP2_EnableClock
                0x0000000008000d98       0x38 ./Core/Src/main.o
 .text.main     0x0000000008000dd0       0xb8 ./Core/Src/main.o
                0x0000000008000dd0                main
 .text.SystemClock_Config
                0x0000000008000e88       0xc8 ./Core/Src/main.o
                0x0000000008000e88                SystemClock_Config
 .text.SystemPower_Config
                0x0000000008000f50       0x1c ./Core/Src/main.o
 .text.MX_ADC1_Init
                0x0000000008000f6c       0x88 ./Core/Src/main.o
 .text.MX_UCPD1_Init
                0x0000000008000ff4       0x6c ./Core/Src/main.o
 .text.MX_USART1_UART_Init
                0x0000000008001060       0x98 ./Core/Src/main.o
 .text.MX_USB_OTG_FS_PCD_Init
                0x00000000080010f8       0x58 ./Core/Src/main.o
 .text.MX_FMC_Init
                0x0000000008001150       0xd4 ./Core/Src/main.o
 .text.MX_GPIO_Init
                0x0000000008001224      0x1d4 ./Core/Src/main.o
 .text.Error_Handler
                0x00000000080013f8        0xa ./Core/Src/main.o
                0x00000000080013f8                Error_Handler
 *fill*         0x0000000008001402        0x2 
 .text.HAL_MspInit
                0x0000000008001404       0x38 ./Core/Src/stm32u5xx_hal_msp.o
                0x0000000008001404                HAL_MspInit
 .text.HAL_ADC_MspInit
                0x000000000800143c       0xc8 ./Core/Src/stm32u5xx_hal_msp.o
                0x000000000800143c                HAL_ADC_MspInit
 .text.HAL_UART_MspInit
                0x0000000008001504       0xd0 ./Core/Src/stm32u5xx_hal_msp.o
                0x0000000008001504                HAL_UART_MspInit
 .text.HAL_PCD_MspInit
                0x00000000080015d4      0x128 ./Core/Src/stm32u5xx_hal_msp.o
                0x00000000080015d4                HAL_PCD_MspInit
 .text.HAL_FMC_MspInit
                0x00000000080016fc       0x9c ./Core/Src/stm32u5xx_hal_msp.o
 .text.HAL_SRAM_MspInit
                0x0000000008001798       0x14 ./Core/Src/stm32u5xx_hal_msp.o
                0x0000000008001798                HAL_SRAM_MspInit
 .text.NMI_Handler
                0x00000000080017ac        0x6 ./Core/Src/stm32u5xx_it.o
                0x00000000080017ac                NMI_Handler
 .text.HardFault_Handler
                0x00000000080017b2        0x6 ./Core/Src/stm32u5xx_it.o
                0x00000000080017b2                HardFault_Handler
 .text.MemManage_Handler
                0x00000000080017b8        0x6 ./Core/Src/stm32u5xx_it.o
                0x00000000080017b8                MemManage_Handler
 .text.BusFault_Handler
                0x00000000080017be        0x6 ./Core/Src/stm32u5xx_it.o
                0x00000000080017be                BusFault_Handler
 .text.UsageFault_Handler
                0x00000000080017c4        0x6 ./Core/Src/stm32u5xx_it.o
                0x00000000080017c4                UsageFault_Handler
 .text.SVC_Handler
                0x00000000080017ca        0xe ./Core/Src/stm32u5xx_it.o
                0x00000000080017ca                SVC_Handler
 .text.DebugMon_Handler
                0x00000000080017d8        0xe ./Core/Src/stm32u5xx_it.o
                0x00000000080017d8                DebugMon_Handler
 .text.PendSV_Handler
                0x00000000080017e6        0xe ./Core/Src/stm32u5xx_it.o
                0x00000000080017e6                PendSV_Handler
 .text.SysTick_Handler
                0x00000000080017f4        0xc ./Core/Src/stm32u5xx_it.o
                0x00000000080017f4                SysTick_Handler
 .text.OTG_FS_IRQHandler
                0x0000000008001800       0x14 ./Core/Src/stm32u5xx_it.o
                0x0000000008001800                OTG_FS_IRQHandler
 .text.SystemInit
                0x0000000008001814       0x70 ./Core/Src/system_stm32u5xx.o
                0x0000000008001814                SystemInit
 .text.Reset_Handler
                0x0000000008001884       0x50 ./Core/Startup/startup_stm32u575zitxq.o
                0x0000000008001884                Reset_Handler
 .text.Default_Handler
                0x00000000080018d4        0x2 ./Core/Startup/startup_stm32u575zitxq.o
                0x00000000080018d4                EXTI2_IRQHandler
                0x00000000080018d4                TIM8_TRG_COM_IRQHandler
                0x00000000080018d4                TIM8_CC_IRQHandler
                0x00000000080018d4                EXTI5_IRQHandler
                0x00000000080018d4                FLASH_S_IRQHandler
                0x00000000080018d4                EXTI13_IRQHandler
                0x00000000080018d4                TIM1_CC_IRQHandler
                0x00000000080018d4                TSC_IRQHandler
                0x00000000080018d4                TAMP_IRQHandler
                0x00000000080018d4                TIM6_IRQHandler
                0x00000000080018d4                EXTI12_IRQHandler
                0x00000000080018d4                CORDIC_IRQHandler
                0x00000000080018d4                EXTI3_IRQHandler
                0x00000000080018d4                LPTIM4_IRQHandler
                0x00000000080018d4                GPDMA1_Channel5_IRQHandler
                0x00000000080018d4                EXTI8_IRQHandler
                0x00000000080018d4                LPTIM2_IRQHandler
                0x00000000080018d4                I2C3_ER_IRQHandler
                0x00000000080018d4                PWR_S3WU_IRQHandler
                0x00000000080018d4                MDF1_FLT2_IRQHandler
                0x00000000080018d4                LPDMA1_Channel3_IRQHandler
                0x00000000080018d4                LPTIM3_IRQHandler
                0x00000000080018d4                EXTI0_IRQHandler
                0x00000000080018d4                I2C2_EV_IRQHandler
                0x00000000080018d4                FPU_IRQHandler
                0x00000000080018d4                GPDMA1_Channel3_IRQHandler
                0x00000000080018d4                GPDMA1_Channel7_IRQHandler
                0x00000000080018d4                MDF1_FLT4_IRQHandler
                0x00000000080018d4                FDCAN1_IT1_IRQHandler
                0x00000000080018d4                RAMCFG_IRQHandler
                0x00000000080018d4                GPDMA1_Channel9_IRQHandler
                0x00000000080018d4                DCACHE1_IRQHandler
                0x00000000080018d4                SPI1_IRQHandler
                0x00000000080018d4                OCTOSPI1_IRQHandler
                0x00000000080018d4                GPDMA1_Channel2_IRQHandler
                0x00000000080018d4                TIM8_UP_IRQHandler
                0x00000000080018d4                RCC_S_IRQHandler
                0x00000000080018d4                OCTOSPI2_IRQHandler
                0x00000000080018d4                SAI2_IRQHandler
                0x00000000080018d4                MDF1_FLT1_IRQHandler
                0x00000000080018d4                ADC1_IRQHandler
                0x00000000080018d4                MDF1_FLT5_IRQHandler
                0x00000000080018d4                EXTI15_IRQHandler
                0x00000000080018d4                TIM17_IRQHandler
                0x00000000080018d4                USART3_IRQHandler
                0x00000000080018d4                RTC_IRQHandler
                0x00000000080018d4                EXTI9_IRQHandler
                0x00000000080018d4                UART5_IRQHandler
                0x00000000080018d4                TIM4_IRQHandler
                0x00000000080018d4                I2C1_EV_IRQHandler
                0x00000000080018d4                GPDMA1_Channel12_IRQHandler
                0x00000000080018d4                GPDMA1_Channel1_IRQHandler
                0x00000000080018d4                TIM16_IRQHandler
                0x00000000080018d4                GPDMA1_Channel15_IRQHandler
                0x00000000080018d4                UART4_IRQHandler
                0x00000000080018d4                SecureFault_Handler
                0x00000000080018d4                TIM3_IRQHandler
                0x00000000080018d4                RCC_IRQHandler
                0x00000000080018d4                TIM1_TRG_COM_IRQHandler
                0x00000000080018d4                Default_Handler
                0x00000000080018d4                GPDMA1_Channel8_IRQHandler
                0x00000000080018d4                FMAC_IRQHandler
                0x00000000080018d4                GPDMA1_Channel11_IRQHandler
                0x00000000080018d4                TIM7_IRQHandler
                0x00000000080018d4                SDMMC1_IRQHandler
                0x00000000080018d4                TIM5_IRQHandler
                0x00000000080018d4                UCPD1_IRQHandler
                0x00000000080018d4                GPDMA1_Channel0_IRQHandler
                0x00000000080018d4                TIM15_IRQHandler
                0x00000000080018d4                I2C3_EV_IRQHandler
                0x00000000080018d4                LPDMA1_Channel0_IRQHandler
                0x00000000080018d4                PVD_PVM_IRQHandler
                0x00000000080018d4                SPI2_IRQHandler
                0x00000000080018d4                LPDMA1_Channel1_IRQHandler
                0x00000000080018d4                EXTI14_IRQHandler
                0x00000000080018d4                EXTI11_IRQHandler
                0x00000000080018d4                CRS_IRQHandler
                0x00000000080018d4                GPDMA1_Channel14_IRQHandler
                0x00000000080018d4                EXTI4_IRQHandler
                0x00000000080018d4                RTC_S_IRQHandler
                0x00000000080018d4                GPDMA1_Channel13_IRQHandler
                0x00000000080018d4                RNG_IRQHandler
                0x00000000080018d4                COMP_IRQHandler
                0x00000000080018d4                TIM1_UP_IRQHandler
                0x00000000080018d4                ADC4_IRQHandler
                0x00000000080018d4                WWDG_IRQHandler
                0x00000000080018d4                I2C4_EV_IRQHandler
                0x00000000080018d4                ADF1_IRQHandler
                0x00000000080018d4                IWDG_IRQHandler
                0x00000000080018d4                LPUART1_IRQHandler
                0x00000000080018d4                MDF1_FLT0_IRQHandler
                0x00000000080018d4                FDCAN1_IT0_IRQHandler
                0x00000000080018d4                TIM2_IRQHandler
                0x00000000080018d4                GPDMA1_Channel4_IRQHandler
                0x00000000080018d4                EXTI7_IRQHandler
                0x00000000080018d4                DMA2D_IRQHandler
                0x00000000080018d4                TIM1_BRK_IRQHandler
                0x00000000080018d4                EXTI1_IRQHandler
                0x00000000080018d4                SDMMC2_IRQHandler
                0x00000000080018d4                DAC1_IRQHandler
                0x00000000080018d4                GTZC_IRQHandler
                0x00000000080018d4                MDF1_FLT3_IRQHandler
                0x00000000080018d4                USART2_IRQHandler
                0x00000000080018d4                GPDMA1_Channel6_IRQHandler
                0x00000000080018d4                I2C2_ER_IRQHandler
                0x00000000080018d4                TIM8_BRK_IRQHandler
                0x00000000080018d4                FLASH_IRQHandler
                0x00000000080018d4                USART1_IRQHandler
                0x00000000080018d4                EXTI10_IRQHandler
                0x00000000080018d4                SPI3_IRQHandler
                0x00000000080018d4                LPDMA1_Channel2_IRQHandler
                0x00000000080018d4                I2C1_ER_IRQHandler
                0x00000000080018d4                FMC_IRQHandler
                0x00000000080018d4                EXTI6_IRQHandler
                0x00000000080018d4                LPTIM1_IRQHandler
                0x00000000080018d4                DCMI_PSSI_IRQHandler
                0x00000000080018d4                I2C4_ER_IRQHandler
                0x00000000080018d4                GPDMA1_Channel10_IRQHandler
                0x00000000080018d4                ICACHE_IRQHandler
                0x00000000080018d4                SAI1_IRQHandler
                0x00000000080018d4                HASH_IRQHandler
 *fill*         0x00000000080018d6        0x2 
 .text.HAL_Init
                0x00000000080018d8       0x5c ./Drivers/STM32U5xx_HAL_Driver/Src/stm32u5xx_hal.o
                0x00000000080018d8                HAL_Init
 .text.HAL_InitTick
                0x0000000008001934       0x6c ./Drivers/STM32U5xx_HAL_Driver/Src/stm32u5xx_hal.o
                0x0000000008001934                HAL_InitTick
 .text.HAL_IncTick
                0x00000000080019a0       0x28 ./Drivers/STM32U5xx_HAL_Driver/Src/stm32u5xx_hal.o
                0x00000000080019a0                HAL_IncTick
 .text.HAL_GetTick
                0x00000000080019c8       0x18 ./Drivers/STM32U5xx_HAL_Driver/Src/stm32u5xx_hal.o
                0x00000000080019c8                HAL_GetTick
 .text.HAL_Delay
                0x00000000080019e0       0x48 ./Drivers/STM32U5xx_HAL_Driver/Src/stm32u5xx_hal.o
                0x00000000080019e0                HAL_Delay
 .text.LL_ADC_SetCommonClock
                0x0000000008001a28       0x26 ./Drivers/STM32U5xx_HAL_Driver/Src/stm32u5xx_hal_adc.o
 .text.LL_ADC_SetGainCompensation
                0x0000000008001a4e       0x46 ./Drivers/STM32U5xx_HAL_Driver/Src/stm32u5xx_hal_adc.o
 .text.LL_ADC_SetSamplingTimeCommonChannels
                0x0000000008001a94       0x3e ./Drivers/STM32U5xx_HAL_Driver/Src/stm32u5xx_hal_adc.o
 .text.LL_ADC_DisableDeepPowerDown
                0x0000000008001ad2       0x24 ./Drivers/STM32U5xx_HAL_Driver/Src/stm32u5xx_hal_adc.o
 .text.LL_ADC_IsDeepPowerDownEnabled
                0x0000000008001af6       0x28 ./Drivers/STM32U5xx_HAL_Driver/Src/stm32u5xx_hal_adc.o
 .text.LL_ADC_EnableInternalRegulator
                0x0000000008001b1e       0x28 ./Drivers/STM32U5xx_HAL_Driver/Src/stm32u5xx_hal_adc.o
 .text.LL_ADC_IsInternalRegulatorEnabled
                0x0000000008001b46       0x28 ./Drivers/STM32U5xx_HAL_Driver/Src/stm32u5xx_hal_adc.o
 .text.LL_ADC_IsEnabled
                0x0000000008001b6e       0x26 ./Drivers/STM32U5xx_HAL_Driver/Src/stm32u5xx_hal_adc.o
 .text.LL_ADC_REG_IsConversionOngoing
                0x0000000008001b94       0x26 ./Drivers/STM32U5xx_HAL_Driver/Src/stm32u5xx_hal_adc.o
 .text.LL_ADC_INJ_IsConversionOngoing
                0x0000000008001bba       0x26 ./Drivers/STM32U5xx_HAL_Driver/Src/stm32u5xx_hal_adc.o
 .text.HAL_ADC_Init
                0x0000000008001be0      0x5f4 ./Drivers/STM32U5xx_HAL_Driver/Src/stm32u5xx_hal_adc.o
                0x0000000008001be0                HAL_ADC_Init
 .text.__NVIC_SetPriorityGrouping
                0x00000000080021d4       0x48 ./Drivers/STM32U5xx_HAL_Driver/Src/stm32u5xx_hal_cortex.o
 .text.__NVIC_GetPriorityGrouping
                0x000000000800221c       0x1c ./Drivers/STM32U5xx_HAL_Driver/Src/stm32u5xx_hal_cortex.o
 .text.__NVIC_EnableIRQ
                0x0000000008002238       0x3c ./Drivers/STM32U5xx_HAL_Driver/Src/stm32u5xx_hal_cortex.o
 .text.__NVIC_SetPriority
                0x0000000008002274       0x54 ./Drivers/STM32U5xx_HAL_Driver/Src/stm32u5xx_hal_cortex.o
 .text.NVIC_EncodePriority
                0x00000000080022c8       0x66 ./Drivers/STM32U5xx_HAL_Driver/Src/stm32u5xx_hal_cortex.o
 *fill*         0x000000000800232e        0x2 
 .text.SysTick_Config
                0x0000000008002330       0x44 ./Drivers/STM32U5xx_HAL_Driver/Src/stm32u5xx_hal_cortex.o
 .text.HAL_NVIC_SetPriorityGrouping
                0x0000000008002374       0x16 ./Drivers/STM32U5xx_HAL_Driver/Src/stm32u5xx_hal_cortex.o
                0x0000000008002374                HAL_NVIC_SetPriorityGrouping
 .text.HAL_NVIC_SetPriority
                0x000000000800238a       0x34 ./Drivers/STM32U5xx_HAL_Driver/Src/stm32u5xx_hal_cortex.o
                0x000000000800238a                HAL_NVIC_SetPriority
 .text.HAL_NVIC_EnableIRQ
                0x00000000080023be       0x1c ./Drivers/STM32U5xx_HAL_Driver/Src/stm32u5xx_hal_cortex.o
                0x00000000080023be                HAL_NVIC_EnableIRQ
 .text.HAL_SYSTICK_Config
                0x00000000080023da       0x18 ./Drivers/STM32U5xx_HAL_Driver/Src/stm32u5xx_hal_cortex.o
                0x00000000080023da                HAL_SYSTICK_Config
 *fill*         0x00000000080023f2        0x2 
 .text.HAL_GPIO_Init
                0x00000000080023f4      0x3b0 ./Drivers/STM32U5xx_HAL_Driver/Src/stm32u5xx_hal_gpio.o
                0x00000000080023f4                HAL_GPIO_Init
 .text.HAL_GPIO_WritePin
                0x00000000080027a4       0x30 ./Drivers/STM32U5xx_HAL_Driver/Src/stm32u5xx_hal_gpio.o
                0x00000000080027a4                HAL_GPIO_WritePin
 .text.HAL_PCD_Init
                0x00000000080027d4      0x248 ./Drivers/STM32U5xx_HAL_Driver/Src/stm32u5xx_hal_pcd.o
                0x00000000080027d4                HAL_PCD_Init
 .text.HAL_PCD_IRQHandler
                0x0000000008002a1c      0x998 ./Drivers/STM32U5xx_HAL_Driver/Src/stm32u5xx_hal_pcd.o
                0x0000000008002a1c                HAL_PCD_IRQHandler
 .text.HAL_PCD_DataOutStageCallback
                0x00000000080033b4       0x18 ./Drivers/STM32U5xx_HAL_Driver/Src/stm32u5xx_hal_pcd.o
                0x00000000080033b4                HAL_PCD_DataOutStageCallback
 .text.HAL_PCD_DataInStageCallback
                0x00000000080033cc       0x18 ./Drivers/STM32U5xx_HAL_Driver/Src/stm32u5xx_hal_pcd.o
                0x00000000080033cc                HAL_PCD_DataInStageCallback
 .text.HAL_PCD_SetupStageCallback
                0x00000000080033e4       0x14 ./Drivers/STM32U5xx_HAL_Driver/Src/stm32u5xx_hal_pcd.o
                0x00000000080033e4                HAL_PCD_SetupStageCallback
 .text.HAL_PCD_SOFCallback
                0x00000000080033f8       0x14 ./Drivers/STM32U5xx_HAL_Driver/Src/stm32u5xx_hal_pcd.o
                0x00000000080033f8                HAL_PCD_SOFCallback
 .text.HAL_PCD_ResetCallback
                0x000000000800340c       0x14 ./Drivers/STM32U5xx_HAL_Driver/Src/stm32u5xx_hal_pcd.o
                0x000000000800340c                HAL_PCD_ResetCallback
 .text.HAL_PCD_SuspendCallback
                0x0000000008003420       0x14 ./Drivers/STM32U5xx_HAL_Driver/Src/stm32u5xx_hal_pcd.o
                0x0000000008003420                HAL_PCD_SuspendCallback
 .text.HAL_PCD_ResumeCallback
                0x0000000008003434       0x14 ./Drivers/STM32U5xx_HAL_Driver/Src/stm32u5xx_hal_pcd.o
                0x0000000008003434                HAL_PCD_ResumeCallback
 .text.HAL_PCD_ISOOUTIncompleteCallback
                0x0000000008003448       0x18 ./Drivers/STM32U5xx_HAL_Driver/Src/stm32u5xx_hal_pcd.o
                0x0000000008003448                HAL_PCD_ISOOUTIncompleteCallback
 .text.HAL_PCD_ISOINIncompleteCallback
                0x0000000008003460       0x18 ./Drivers/STM32U5xx_HAL_Driver/Src/stm32u5xx_hal_pcd.o
                0x0000000008003460                HAL_PCD_ISOINIncompleteCallback
 .text.HAL_PCD_ConnectCallback
                0x0000000008003478       0x14 ./Drivers/STM32U5xx_HAL_Driver/Src/stm32u5xx_hal_pcd.o
                0x0000000008003478                HAL_PCD_ConnectCallback
 .text.HAL_PCD_DisconnectCallback
                0x000000000800348c       0x14 ./Drivers/STM32U5xx_HAL_Driver/Src/stm32u5xx_hal_pcd.o
                0x000000000800348c                HAL_PCD_DisconnectCallback
 .text.HAL_PCD_EP_Abort
                0x00000000080034a0       0x62 ./Drivers/STM32U5xx_HAL_Driver/Src/stm32u5xx_hal_pcd.o
                0x00000000080034a0                HAL_PCD_EP_Abort
 .text.PCD_WriteEmptyTxFifo
                0x0000000008003502      0x11a ./Drivers/STM32U5xx_HAL_Driver/Src/stm32u5xx_hal_pcd.o
 .text.PCD_EP_OutXfrComplete_int
                0x000000000800361c      0x1d0 ./Drivers/STM32U5xx_HAL_Driver/Src/stm32u5xx_hal_pcd.o
 .text.PCD_EP_OutSetupPacket_int
                0x00000000080037ec       0x8c ./Drivers/STM32U5xx_HAL_Driver/Src/stm32u5xx_hal_pcd.o
 .text.HAL_PCDEx_ActivateLPM
                0x0000000008003878       0x48 ./Drivers/STM32U5xx_HAL_Driver/Src/stm32u5xx_hal_pcd_ex.o
                0x0000000008003878                HAL_PCDEx_ActivateLPM
 .text.HAL_PCDEx_LPM_Callback
                0x00000000080038c0       0x18 ./Drivers/STM32U5xx_HAL_Driver/Src/stm32u5xx_hal_pcd_ex.o
                0x00000000080038c0                HAL_PCDEx_LPM_Callback
 .text.HAL_PWREx_ControlVoltageScaling
                0x00000000080038d8       0xe8 ./Drivers/STM32U5xx_HAL_Driver/Src/stm32u5xx_hal_pwr_ex.o
                0x00000000080038d8                HAL_PWREx_ControlVoltageScaling
 .text.HAL_PWREx_GetVoltageRange
                0x00000000080039c0       0x1c ./Drivers/STM32U5xx_HAL_Driver/Src/stm32u5xx_hal_pwr_ex.o
                0x00000000080039c0                HAL_PWREx_GetVoltageRange
 .text.HAL_PWREx_ConfigSupply
                0x00000000080039dc       0xa0 ./Drivers/STM32U5xx_HAL_Driver/Src/stm32u5xx_hal_pwr_ex.o
                0x00000000080039dc                HAL_PWREx_ConfigSupply
 .text.HAL_PWREx_EnableVddUSB
                0x0000000008003a7c       0x20 ./Drivers/STM32U5xx_HAL_Driver/Src/stm32u5xx_hal_pwr_ex.o
                0x0000000008003a7c                HAL_PWREx_EnableVddUSB
 .text.HAL_PWREx_EnableVddIO2
                0x0000000008003a9c       0x20 ./Drivers/STM32U5xx_HAL_Driver/Src/stm32u5xx_hal_pwr_ex.o
                0x0000000008003a9c                HAL_PWREx_EnableVddIO2
 .text.HAL_RCC_OscConfig
                0x0000000008003abc      0xdac ./Drivers/STM32U5xx_HAL_Driver/Src/stm32u5xx_hal_rcc.o
                0x0000000008003abc                HAL_RCC_OscConfig
 .text.HAL_RCC_ClockConfig
                0x0000000008004868      0x3e4 ./Drivers/STM32U5xx_HAL_Driver/Src/stm32u5xx_hal_rcc.o
                0x0000000008004868                HAL_RCC_ClockConfig
 .text.HAL_RCC_GetSysClockFreq
                0x0000000008004c4c      0x210 ./Drivers/STM32U5xx_HAL_Driver/Src/stm32u5xx_hal_rcc.o
                0x0000000008004c4c                HAL_RCC_GetSysClockFreq
 .text.HAL_RCC_GetHCLKFreq
                0x0000000008004e5c       0x34 ./Drivers/STM32U5xx_HAL_Driver/Src/stm32u5xx_hal_rcc.o
                0x0000000008004e5c                HAL_RCC_GetHCLKFreq
 .text.HAL_RCC_GetPCLK1Freq
                0x0000000008004e90       0x28 ./Drivers/STM32U5xx_HAL_Driver/Src/stm32u5xx_hal_rcc.o
                0x0000000008004e90                HAL_RCC_GetPCLK1Freq
 .text.HAL_RCC_GetPCLK2Freq
                0x0000000008004eb8       0x28 ./Drivers/STM32U5xx_HAL_Driver/Src/stm32u5xx_hal_rcc.o
                0x0000000008004eb8                HAL_RCC_GetPCLK2Freq
 .text.HAL_RCC_GetPCLK3Freq
                0x0000000008004ee0       0x28 ./Drivers/STM32U5xx_HAL_Driver/Src/stm32u5xx_hal_rcc.o
                0x0000000008004ee0                HAL_RCC_GetPCLK3Freq
 .text.RCC_SetFlashLatencyFromMSIRange
                0x0000000008004f08      0x10c ./Drivers/STM32U5xx_HAL_Driver/Src/stm32u5xx_hal_rcc.o
 .text.HAL_RCCEx_PeriphCLKConfig
                0x0000000008005014      0xb80 ./Drivers/STM32U5xx_HAL_Driver/Src/stm32u5xx_hal_rcc_ex.o
                0x0000000008005014                HAL_RCCEx_PeriphCLKConfig
 .text.HAL_RCCEx_GetPLL1ClockFreq
                0x0000000008005b94      0x2cc ./Drivers/STM32U5xx_HAL_Driver/Src/stm32u5xx_hal_rcc_ex.o
                0x0000000008005b94                HAL_RCCEx_GetPLL1ClockFreq
 .text.HAL_RCCEx_GetPLL2ClockFreq
                0x0000000008005e60      0x2cc ./Drivers/STM32U5xx_HAL_Driver/Src/stm32u5xx_hal_rcc_ex.o
                0x0000000008005e60                HAL_RCCEx_GetPLL2ClockFreq
 .text.HAL_RCCEx_GetPLL3ClockFreq
                0x000000000800612c      0x2cc ./Drivers/STM32U5xx_HAL_Driver/Src/stm32u5xx_hal_rcc_ex.o
                0x000000000800612c                HAL_RCCEx_GetPLL3ClockFreq
 .text.HAL_RCCEx_GetPeriphCLKFreq
                0x00000000080063f8     0x1250 ./Drivers/STM32U5xx_HAL_Driver/Src/stm32u5xx_hal_rcc_ex.o
                0x00000000080063f8                HAL_RCCEx_GetPeriphCLKFreq
 .text.RCCEx_PLL2_Config
                0x0000000008007648      0x130 ./Drivers/STM32U5xx_HAL_Driver/Src/stm32u5xx_hal_rcc_ex.o
 .text.RCCEx_PLL3_Config
                0x0000000008007778      0x130 ./Drivers/STM32U5xx_HAL_Driver/Src/stm32u5xx_hal_rcc_ex.o
 .text.HAL_SRAM_Init
                0x00000000080078a8       0xa0 ./Drivers/STM32U5xx_HAL_Driver/Src/stm32u5xx_hal_sram.o
                0x00000000080078a8                HAL_SRAM_Init
 .text.HAL_UART_Init
                0x0000000008007948       0xa0 ./Drivers/STM32U5xx_HAL_Driver/Src/stm32u5xx_hal_uart.o
                0x0000000008007948                HAL_UART_Init
 .text.UART_SetConfig
                0x00000000080079e8      0x344 ./Drivers/STM32U5xx_HAL_Driver/Src/stm32u5xx_hal_uart.o
                0x00000000080079e8                UART_SetConfig
 .text.UART_AdvFeatureConfig
                0x0000000008007d2c      0x144 ./Drivers/STM32U5xx_HAL_Driver/Src/stm32u5xx_hal_uart.o
                0x0000000008007d2c                UART_AdvFeatureConfig
 .text.UART_CheckIdleState
                0x0000000008007e70       0x96 ./Drivers/STM32U5xx_HAL_Driver/Src/stm32u5xx_hal_uart.o
                0x0000000008007e70                UART_CheckIdleState
 .text.UART_WaitOnFlagUntilTimeout
                0x0000000008007f06      0x190 ./Drivers/STM32U5xx_HAL_Driver/Src/stm32u5xx_hal_uart.o
                0x0000000008007f06                UART_WaitOnFlagUntilTimeout
 .text.HAL_UARTEx_DisableFifoMode
                0x0000000008008096       0x72 ./Drivers/STM32U5xx_HAL_Driver/Src/stm32u5xx_hal_uart_ex.o
                0x0000000008008096                HAL_UARTEx_DisableFifoMode
 .text.HAL_UARTEx_SetTxFifoThreshold
                0x0000000008008108       0x7c ./Drivers/STM32U5xx_HAL_Driver/Src/stm32u5xx_hal_uart_ex.o
                0x0000000008008108                HAL_UARTEx_SetTxFifoThreshold
 .text.HAL_UARTEx_SetRxFifoThreshold
                0x0000000008008184       0x7c ./Drivers/STM32U5xx_HAL_Driver/Src/stm32u5xx_hal_uart_ex.o
                0x0000000008008184                HAL_UARTEx_SetRxFifoThreshold
 .text.UARTEx_SetNbDataToProcess
                0x0000000008008200       0x9c ./Drivers/STM32U5xx_HAL_Driver/Src/stm32u5xx_hal_uart_ex.o
 .text.FMC_NORSRAM_Init
                0x000000000800829c      0x1a0 ./Drivers/STM32U5xx_HAL_Driver/Src/stm32u5xx_ll_fmc.o
                0x000000000800829c                FMC_NORSRAM_Init
 .text.FMC_NORSRAM_Timing_Init
                0x000000000800843c       0xa4 ./Drivers/STM32U5xx_HAL_Driver/Src/stm32u5xx_ll_fmc.o
                0x000000000800843c                FMC_NORSRAM_Timing_Init
 .text.FMC_NORSRAM_Extended_Timing_Init
                0x00000000080084e0       0x74 ./Drivers/STM32U5xx_HAL_Driver/Src/stm32u5xx_ll_fmc.o
                0x00000000080084e0                FMC_NORSRAM_Extended_Timing_Init
 .text.LL_GPIO_SetPinMode
                0x0000000008008554       0x7a ./Drivers/STM32U5xx_HAL_Driver/Src/stm32u5xx_ll_gpio.o
 .text.LL_GPIO_SetPinOutputType
                0x00000000080085ce       0x30 ./Drivers/STM32U5xx_HAL_Driver/Src/stm32u5xx_ll_gpio.o
 .text.LL_GPIO_SetPinSpeed
                0x00000000080085fe       0x7a ./Drivers/STM32U5xx_HAL_Driver/Src/stm32u5xx_ll_gpio.o
 .text.LL_GPIO_SetPinPull
                0x0000000008008678       0x7a ./Drivers/STM32U5xx_HAL_Driver/Src/stm32u5xx_ll_gpio.o
 .text.LL_GPIO_SetAFPin_0_7
                0x00000000080086f2       0x7a ./Drivers/STM32U5xx_HAL_Driver/Src/stm32u5xx_ll_gpio.o
 .text.LL_GPIO_SetAFPin_8_15
                0x000000000800876c       0x7e ./Drivers/STM32U5xx_HAL_Driver/Src/stm32u5xx_ll_gpio.o
 .text.LL_GPIO_Init
                0x00000000080087ea      0x10c ./Drivers/STM32U5xx_HAL_Driver/Src/stm32u5xx_ll_gpio.o
                0x00000000080087ea                LL_GPIO_Init
 .text.USB_CoreInit
                0x00000000080088f6       0x58 ./Drivers/STM32U5xx_HAL_Driver/Src/stm32u5xx_ll_usb.o
                0x00000000080088f6                USB_CoreInit
 *fill*         0x000000000800894e        0x2 
 .text.USB_SetTurnaroundTime
                0x0000000008008950      0x144 ./Drivers/STM32U5xx_HAL_Driver/Src/stm32u5xx_ll_usb.o
                0x0000000008008950                USB_SetTurnaroundTime
 .text.USB_DisableGlobalInt
                0x0000000008008a94       0x22 ./Drivers/STM32U5xx_HAL_Driver/Src/stm32u5xx_ll_usb.o
                0x0000000008008a94                USB_DisableGlobalInt
 .text.USB_SetCurrentMode
                0x0000000008008ab6       0x98 ./Drivers/STM32U5xx_HAL_Driver/Src/stm32u5xx_ll_usb.o
                0x0000000008008ab6                USB_SetCurrentMode
 *fill*         0x0000000008008b4e        0x2 
 .text.USB_DevInit
                0x0000000008008b50      0x29c ./Drivers/STM32U5xx_HAL_Driver/Src/stm32u5xx_ll_usb.o
                0x0000000008008b50                USB_DevInit
 .text.USB_FlushTxFifo
                0x0000000008008dec       0x68 ./Drivers/STM32U5xx_HAL_Driver/Src/stm32u5xx_ll_usb.o
                0x0000000008008dec                USB_FlushTxFifo
 .text.USB_FlushRxFifo
                0x0000000008008e54       0x60 ./Drivers/STM32U5xx_HAL_Driver/Src/stm32u5xx_ll_usb.o
                0x0000000008008e54                USB_FlushRxFifo
 .text.USB_SetDevSpeed
                0x0000000008008eb4       0x32 ./Drivers/STM32U5xx_HAL_Driver/Src/stm32u5xx_ll_usb.o
                0x0000000008008eb4                USB_SetDevSpeed
 .text.USB_GetDevSpeed
                0x0000000008008ee6       0x4a ./Drivers/STM32U5xx_HAL_Driver/Src/stm32u5xx_ll_usb.o
                0x0000000008008ee6                USB_GetDevSpeed
 .text.USB_EPStopXfer
                0x0000000008008f30      0x154 ./Drivers/STM32U5xx_HAL_Driver/Src/stm32u5xx_ll_usb.o
                0x0000000008008f30                USB_EPStopXfer
 .text.USB_WritePacket
                0x0000000008009084       0x7c ./Drivers/STM32U5xx_HAL_Driver/Src/stm32u5xx_ll_usb.o
                0x0000000008009084                USB_WritePacket
 .text.USB_ReadPacket
                0x0000000008009100       0xb0 ./Drivers/STM32U5xx_HAL_Driver/Src/stm32u5xx_ll_usb.o
                0x0000000008009100                USB_ReadPacket
 .text.USB_DevDisconnect
                0x00000000080091b0       0x42 ./Drivers/STM32U5xx_HAL_Driver/Src/stm32u5xx_ll_usb.o
                0x00000000080091b0                USB_DevDisconnect
 .text.USB_ReadInterrupts
                0x00000000080091f2       0x26 ./Drivers/STM32U5xx_HAL_Driver/Src/stm32u5xx_ll_usb.o
                0x00000000080091f2                USB_ReadInterrupts
 .text.USB_ReadDevAllOutEpInterrupt
                0x0000000008009218       0x34 ./Drivers/STM32U5xx_HAL_Driver/Src/stm32u5xx_ll_usb.o
                0x0000000008009218                USB_ReadDevAllOutEpInterrupt
 .text.USB_ReadDevAllInEpInterrupt
                0x000000000800924c       0x34 ./Drivers/STM32U5xx_HAL_Driver/Src/stm32u5xx_ll_usb.o
                0x000000000800924c                USB_ReadDevAllInEpInterrupt
 .text.USB_ReadDevOutEPInterrupt
                0x0000000008009280       0x3c ./Drivers/STM32U5xx_HAL_Driver/Src/stm32u5xx_ll_usb.o
                0x0000000008009280                USB_ReadDevOutEPInterrupt
 .text.USB_ReadDevInEPInterrupt
                0x00000000080092bc       0x5c ./Drivers/STM32U5xx_HAL_Driver/Src/stm32u5xx_ll_usb.o
                0x00000000080092bc                USB_ReadDevInEPInterrupt
 .text.USB_GetMode
                0x0000000008009318       0x1c ./Drivers/STM32U5xx_HAL_Driver/Src/stm32u5xx_ll_usb.o
                0x0000000008009318                USB_GetMode
 .text.USB_ActivateSetup
                0x0000000008009334       0x46 ./Drivers/STM32U5xx_HAL_Driver/Src/stm32u5xx_ll_usb.o
                0x0000000008009334                USB_ActivateSetup
 *fill*         0x000000000800937a        0x2 
 .text.USB_EP0_OutStart
                0x000000000800937c       0xbc ./Drivers/STM32U5xx_HAL_Driver/Src/stm32u5xx_ll_usb.o
                0x000000000800937c                USB_EP0_OutStart
 .text.USB_CoreReset
                0x0000000008009438       0x68 ./Drivers/STM32U5xx_HAL_Driver/Src/stm32u5xx_ll_usb.o
 .text.__libc_init_array
                0x00000000080094a0       0x48 c:/st/stm32cubeide_1.10.0/stm32cubeide/plugins/com.st.stm32cube.ide.mcu.externaltools.gnu-tools-for-stm32.10.3-2021.10.win32_1.0.0.202111181127/tools/bin/../lib/gcc/arm-none-eabi/10.3.1/../../../../arm-none-eabi/lib/thumb/v8-m.main+fp/hard\libc_nano.a(lib_a-init.o)
                0x00000000080094a0                __libc_init_array
 .text.memset   0x00000000080094e8       0x10 c:/st/stm32cubeide_1.10.0/stm32cubeide/plugins/com.st.stm32cube.ide.mcu.externaltools.gnu-tools-for-stm32.10.3-2021.10.win32_1.0.0.202111181127/tools/bin/../lib/gcc/arm-none-eabi/10.3.1/../../../../arm-none-eabi/lib/thumb/v8-m.main+fp/hard\libc_nano.a(lib_a-memset.o)
                0x00000000080094e8                memset
 *(.glue_7)
 .glue_7        0x00000000080094f8        0x0 linker stubs
 *(.glue_7t)
 .glue_7t       0x00000000080094f8        0x0 linker stubs
 *(.eh_frame)
 .eh_frame      0x00000000080094f8        0x0 c:/st/stm32cubeide_1.10.0/stm32cubeide/plugins/com.st.stm32cube.ide.mcu.externaltools.gnu-tools-for-stm32.10.3-2021.10.win32_1.0.0.202111181127/tools/bin/../lib/gcc/arm-none-eabi/10.3.1/thumb/v8-m.main+fp/hard/crtbegin.o
 *(.init)
 .init          0x00000000080094f8        0x4 c:/st/stm32cubeide_1.10.0/stm32cubeide/plugins/com.st.stm32cube.ide.mcu.externaltools.gnu-tools-for-stm32.10.3-2021.10.win32_1.0.0.202111181127/tools/bin/../lib/gcc/arm-none-eabi/10.3.1/thumb/v8-m.main+fp/hard/crti.o
                0x00000000080094f8                _init
 .init          0x00000000080094fc        0x8 c:/st/stm32cubeide_1.10.0/stm32cubeide/plugins/com.st.stm32cube.ide.mcu.externaltools.gnu-tools-for-stm32.10.3-2021.10.win32_1.0.0.202111181127/tools/bin/../lib/gcc/arm-none-eabi/10.3.1/thumb/v8-m.main+fp/hard/crtn.o
 *(.fini)
 .fini          0x0000000008009504        0x4 c:/st/stm32cubeide_1.10.0/stm32cubeide/plugins/com.st.stm32cube.ide.mcu.externaltools.gnu-tools-for-stm32.10.3-2021.10.win32_1.0.0.202111181127/tools/bin/../lib/gcc/arm-none-eabi/10.3.1/thumb/v8-m.main+fp/hard/crti.o
                0x0000000008009504                _fini
 .fini          0x0000000008009508        0x8 c:/st/stm32cubeide_1.10.0/stm32cubeide/plugins/com.st.stm32cube.ide.mcu.externaltools.gnu-tools-for-stm32.10.3-2021.10.win32_1.0.0.202111181127/tools/bin/../lib/gcc/arm-none-eabi/10.3.1/thumb/v8-m.main+fp/hard/crtn.o
                0x0000000008009510                _etext = .

.vfp11_veneer   0x0000000008009510        0x0
 .vfp11_veneer  0x0000000008009510        0x0 linker stubs

.v4_bx          0x0000000008009510        0x0
 .v4_bx         0x0000000008009510        0x0 linker stubs

.iplt           0x0000000008009510        0x0
 .iplt          0x0000000008009510        0x0 c:/st/stm32cubeide_1.10.0/stm32cubeide/plugins/com.st.stm32cube.ide.mcu.externaltools.gnu-tools-for-stm32.10.3-2021.10.win32_1.0.0.202111181127/tools/bin/../lib/gcc/arm-none-eabi/10.3.1/thumb/v8-m.main+fp/hard/crtbegin.o

.rodata         0x0000000008009510      0x100
 *(.rodata)
 *(.rodata*)
 .rodata.AHBPrescTable
                0x0000000008009510       0x10 ./Core/Src/system_stm32u5xx.o
                0x0000000008009510                AHBPrescTable
 .rodata.APBPrescTable
                0x0000000008009520        0x8 ./Core/Src/system_stm32u5xx.o
                0x0000000008009520                APBPrescTable
 .rodata.MSIRangeTable
                0x0000000008009528       0x40 ./Core/Src/system_stm32u5xx.o
                0x0000000008009528                MSIRangeTable
 .rodata.LPGPIO_Map
                0x0000000008009568       0x80 ./Drivers/STM32U5xx_HAL_Driver/Src/stm32u5xx_hal_gpio.o
 .rodata.UARTPrescTable
                0x00000000080095e8       0x18 ./Drivers/STM32U5xx_HAL_Driver/Src/stm32u5xx_hal_uart.o
                0x00000000080095e8                UARTPrescTable
 .rodata.numerator.1
                0x0000000008009600        0x8 ./Drivers/STM32U5xx_HAL_Driver/Src/stm32u5xx_hal_uart_ex.o
 .rodata.denominator.0
                0x0000000008009608        0x8 ./Drivers/STM32U5xx_HAL_Driver/Src/stm32u5xx_hal_uart_ex.o

.ARM.extab
 *(.ARM.extab* .gnu.linkonce.armextab.*)

.ARM            0x0000000008009610        0x8
                0x0000000008009610                __exidx_start = .
 *(.ARM.exidx*)
 .ARM.exidx     0x0000000008009610        0x8 c:/st/stm32cubeide_1.10.0/stm32cubeide/plugins/com.st.stm32cube.ide.mcu.externaltools.gnu-tools-for-stm32.10.3-2021.10.win32_1.0.0.202111181127/tools/bin/../lib/gcc/arm-none-eabi/10.3.1/thumb/v8-m.main+fp/hard\libgcc.a(_udivmoddi4.o)
                0x0000000008009618                __exidx_end = .

.rel.dyn        0x0000000008009618        0x0
 .rel.iplt      0x0000000008009618        0x0 c:/st/stm32cubeide_1.10.0/stm32cubeide/plugins/com.st.stm32cube.ide.mcu.externaltools.gnu-tools-for-stm32.10.3-2021.10.win32_1.0.0.202111181127/tools/bin/../lib/gcc/arm-none-eabi/10.3.1/thumb/v8-m.main+fp/hard/crtbegin.o

.preinit_array  0x0000000008009618        0x0
                0x0000000008009618                PROVIDE (__preinit_array_start = .)
 *(.preinit_array*)
                0x0000000008009618                PROVIDE (__preinit_array_end = .)

.init_array     0x0000000008009618        0x4
                0x0000000008009618                PROVIDE (__init_array_start = .)
 *(SORT_BY_NAME(.init_array.*))
 *(.init_array*)
 .init_array    0x0000000008009618        0x4 c:/st/stm32cubeide_1.10.0/stm32cubeide/plugins/com.st.stm32cube.ide.mcu.externaltools.gnu-tools-for-stm32.10.3-2021.10.win32_1.0.0.202111181127/tools/bin/../lib/gcc/arm-none-eabi/10.3.1/thumb/v8-m.main+fp/hard/crtbegin.o
                0x000000000800961c                PROVIDE (__init_array_end = .)

.fini_array     0x000000000800961c        0x4
                [!provide]                        PROVIDE (__fini_array_start = .)
 *(SORT_BY_NAME(.fini_array.*))
 *(.fini_array*)
 .fini_array    0x000000000800961c        0x4 c:/st/stm32cubeide_1.10.0/stm32cubeide/plugins/com.st.stm32cube.ide.mcu.externaltools.gnu-tools-for-stm32.10.3-2021.10.win32_1.0.0.202111181127/tools/bin/../lib/gcc/arm-none-eabi/10.3.1/thumb/v8-m.main+fp/hard/crtbegin.o
                [!provide]                        PROVIDE (__fini_array_end = .)
                0x0000000008009620                _sidata = LOADADDR (.data)

.data           0x0000000020000000        0xd load address 0x0000000008009620
                0x0000000020000000                _sdata = .
 *(.data)
 *(.data*)
 .data._ZL11rotationNum
                0x0000000020000000        0x1 ./Core/Src/ST7789v.o
 *fill*         0x0000000020000001        0x3 
 .data.SystemCoreClock
                0x0000000020000004        0x4 ./Core/Src/system_stm32u5xx.o
                0x0000000020000004                SystemCoreClock
 .data.uwTickPrio
                0x0000000020000008        0x4 ./Drivers/STM32U5xx_HAL_Driver/Src/stm32u5xx_hal.o
                0x0000000020000008                uwTickPrio
 .data.uwTickFreq
                0x000000002000000c        0x1 ./Drivers/STM32U5xx_HAL_Driver/Src/stm32u5xx_hal.o
                0x000000002000000c                uwTickFreq
 *(.RamFunc)
 *(.RamFunc*)
                0x000000002000000d                _edata = .

.igot.plt       0x0000000020000010        0x0 load address 0x000000000800962d
 .igot.plt      0x0000000020000010        0x0 c:/st/stm32cubeide_1.10.0/stm32cubeide/plugins/com.st.stm32cube.ide.mcu.externaltools.gnu-tools-for-stm32.10.3-2021.10.win32_1.0.0.202111181127/tools/bin/../lib/gcc/arm-none-eabi/10.3.1/thumb/v8-m.main+fp/hard/crtbegin.o

.bss            0x0000000020000010      0x6a4 load address 0x000000000800962d
                0x0000000020000010                _sbss = .
                0x0000000020000010                __bss_start__ = _sbss
 *(.bss)
 .bss           0x0000000020000010       0x1c c:/st/stm32cubeide_1.10.0/stm32cubeide/plugins/com.st.stm32cube.ide.mcu.externaltools.gnu-tools-for-stm32.10.3-2021.10.win32_1.0.0.202111181127/tools/bin/../lib/gcc/arm-none-eabi/10.3.1/thumb/v8-m.main+fp/hard/crtbegin.o
 *(.bss*)
 .bss.hadc1     0x000000002000002c       0x8c ./Core/Src/main.o
                0x000000002000002c                hadc1
 .bss.huart1    0x00000000200000b8       0x90 ./Core/Src/main.o
                0x00000000200000b8                huart1
 .bss.hpcd_USB_OTG_FS
                0x0000000020000148      0x50c ./Core/Src/main.o
                0x0000000020000148                hpcd_USB_OTG_FS
 .bss.hsram1    0x0000000020000654       0x58 ./Core/Src/main.o
                0x0000000020000654                hsram1
 .bss.FMC_Initialized
                0x00000000200006ac        0x4 ./Core/Src/stm32u5xx_hal_msp.o
 .bss.uwTick    0x00000000200006b0        0x4 ./Drivers/STM32U5xx_HAL_Driver/Src/stm32u5xx_hal.o
                0x00000000200006b0                uwTick
 *(COMMON)
                0x00000000200006b4                _ebss = .
                0x00000000200006b4                __bss_end__ = _ebss

._user_heap_stack
                0x00000000200006b4      0x604 load address 0x000000000800962d
                0x00000000200006b8                . = ALIGN (0x8)
 *fill*         0x00000000200006b4        0x4 
                [!provide]                        PROVIDE (end = .)
                0x00000000200006b8                PROVIDE (_end = .)
                0x00000000200008b8                . = (. + _Min_Heap_Size)
 *fill*         0x00000000200006b8      0x200 
                0x0000000020000cb8                . = (. + _Min_Stack_Size)
 *fill*         0x00000000200008b8      0x400 
                0x0000000020000cb8                . = ALIGN (0x8)

/DISCARD/
 libc.a(*)
 libm.a(*)
 libgcc.a(*)

.ARM.attributes
                0x0000000000000000       0x36
 *(.ARM.attributes)
 .ARM.attributes
                0x0000000000000000       0x22 c:/st/stm32cubeide_1.10.0/stm32cubeide/plugins/com.st.stm32cube.ide.mcu.externaltools.gnu-tools-for-stm32.10.3-2021.10.win32_1.0.0.202111181127/tools/bin/../lib/gcc/arm-none-eabi/10.3.1/thumb/v8-m.main+fp/hard/crti.o
 .ARM.attributes
                0x0000000000000022       0x38 c:/st/stm32cubeide_1.10.0/stm32cubeide/plugins/com.st.stm32cube.ide.mcu.externaltools.gnu-tools-for-stm32.10.3-2021.10.win32_1.0.0.202111181127/tools/bin/../lib/gcc/arm-none-eabi/10.3.1/thumb/v8-m.main+fp/hard/crtbegin.o
 .ARM.attributes
                0x000000000000005a       0x3a ./Core/Src/ST7789v.o
 .ARM.attributes
                0x0000000000000094       0x3a ./Core/Src/fmc.o
 .ARM.attributes
                0x00000000000000ce       0x3a ./Core/Src/main.o
 .ARM.attributes
                0x0000000000000108       0x3a ./Core/Src/stm32u5xx_hal_msp.o
 .ARM.attributes
                0x0000000000000142       0x3a ./Core/Src/stm32u5xx_it.o
 .ARM.attributes
                0x000000000000017c       0x3a ./Core/Src/system_stm32u5xx.o
 .ARM.attributes
                0x00000000000001b6       0x24 ./Core/Startup/startup_stm32u575zitxq.o
 .ARM.attributes
                0x00000000000001da       0x3a ./Drivers/STM32U5xx_HAL_Driver/Src/stm32u5xx_hal.o
 .ARM.attributes
                0x0000000000000214       0x3a ./Drivers/STM32U5xx_HAL_Driver/Src/stm32u5xx_hal_adc.o
 .ARM.attributes
                0x000000000000024e       0x3a ./Drivers/STM32U5xx_HAL_Driver/Src/stm32u5xx_hal_cortex.o
 .ARM.attributes
                0x0000000000000288       0x3a ./Drivers/STM32U5xx_HAL_Driver/Src/stm32u5xx_hal_gpio.o
 .ARM.attributes
                0x00000000000002c2       0x3a ./Drivers/STM32U5xx_HAL_Driver/Src/stm32u5xx_hal_pcd.o
 .ARM.attributes
                0x00000000000002fc       0x3a ./Drivers/STM32U5xx_HAL_Driver/Src/stm32u5xx_hal_pcd_ex.o
 .ARM.attributes
                0x0000000000000336       0x3a ./Drivers/STM32U5xx_HAL_Driver/Src/stm32u5xx_hal_pwr_ex.o
 .ARM.attributes
                0x0000000000000370       0x3a ./Drivers/STM32U5xx_HAL_Driver/Src/stm32u5xx_hal_rcc.o
 .ARM.attributes
                0x00000000000003aa       0x3a ./Drivers/STM32U5xx_HAL_Driver/Src/stm32u5xx_hal_rcc_ex.o
 .ARM.attributes
                0x00000000000003e4       0x3a ./Drivers/STM32U5xx_HAL_Driver/Src/stm32u5xx_hal_sram.o
 .ARM.attributes
                0x000000000000041e       0x3a ./Drivers/STM32U5xx_HAL_Driver/Src/stm32u5xx_hal_uart.o
 .ARM.attributes
                0x0000000000000458       0x3a ./Drivers/STM32U5xx_HAL_Driver/Src/stm32u5xx_hal_uart_ex.o
 .ARM.attributes
                0x0000000000000492       0x3a ./Drivers/STM32U5xx_HAL_Driver/Src/stm32u5xx_ll_fmc.o
 .ARM.attributes
                0x00000000000004cc       0x3a ./Drivers/STM32U5xx_HAL_Driver/Src/stm32u5xx_ll_gpio.o
 .ARM.attributes
                0x0000000000000506       0x3a ./Drivers/STM32U5xx_HAL_Driver/Src/stm32u5xx_ll_usb.o
 .ARM.attributes
                0x0000000000000540       0x38 c:/st/stm32cubeide_1.10.0/stm32cubeide/plugins/com.st.stm32cube.ide.mcu.externaltools.gnu-tools-for-stm32.10.3-2021.10.win32_1.0.0.202111181127/tools/bin/../lib/gcc/arm-none-eabi/10.3.1/../../../../arm-none-eabi/lib/thumb/v8-m.main+fp/hard\libc_nano.a(lib_a-init.o)
 .ARM.attributes
                0x0000000000000578       0x38 c:/st/stm32cubeide_1.10.0/stm32cubeide/plugins/com.st.stm32cube.ide.mcu.externaltools.gnu-tools-for-stm32.10.3-2021.10.win32_1.0.0.202111181127/tools/bin/../lib/gcc/arm-none-eabi/10.3.1/../../../../arm-none-eabi/lib/thumb/v8-m.main+fp/hard\libc_nano.a(lib_a-memset.o)
 .ARM.attributes
                0x00000000000005b0       0x22 c:/st/stm32cubeide_1.10.0/stm32cubeide/plugins/com.st.stm32cube.ide.mcu.externaltools.gnu-tools-for-stm32.10.3-2021.10.win32_1.0.0.202111181127/tools/bin/../lib/gcc/arm-none-eabi/10.3.1/thumb/v8-m.main+fp/hard\libgcc.a(_aeabi_uldivmod.o)
 .ARM.attributes
                0x00000000000005d2       0x38 c:/st/stm32cubeide_1.10.0/stm32cubeide/plugins/com.st.stm32cube.ide.mcu.externaltools.gnu-tools-for-stm32.10.3-2021.10.win32_1.0.0.202111181127/tools/bin/../lib/gcc/arm-none-eabi/10.3.1/thumb/v8-m.main+fp/hard\libgcc.a(_udivmoddi4.o)
 .ARM.attributes
                0x000000000000060a       0x22 c:/st/stm32cubeide_1.10.0/stm32cubeide/plugins/com.st.stm32cube.ide.mcu.externaltools.gnu-tools-for-stm32.10.3-2021.10.win32_1.0.0.202111181127/tools/bin/../lib/gcc/arm-none-eabi/10.3.1/thumb/v8-m.main+fp/hard\libgcc.a(_dvmd_tls.o)
 .ARM.attributes
                0x000000000000062c       0x22 c:/st/stm32cubeide_1.10.0/stm32cubeide/plugins/com.st.stm32cube.ide.mcu.externaltools.gnu-tools-for-stm32.10.3-2021.10.win32_1.0.0.202111181127/tools/bin/../lib/gcc/arm-none-eabi/10.3.1/thumb/v8-m.main+fp/hard/crtn.o
OUTPUT(u575_tft16bit_cubeide.elf elf32-littlearm)
LOAD linker stubs
LOAD c:/st/stm32cubeide_1.10.0/stm32cubeide/plugins/com.st.stm32cube.ide.mcu.externaltools.gnu-tools-for-stm32.10.3-2021.10.win32_1.0.0.202111181127/tools/bin/../lib/gcc/arm-none-eabi/10.3.1/../../../../arm-none-eabi/lib/thumb/v8-m.main+fp/hard\libc.a
LOAD c:/st/stm32cubeide_1.10.0/stm32cubeide/plugins/com.st.stm32cube.ide.mcu.externaltools.gnu-tools-for-stm32.10.3-2021.10.win32_1.0.0.202111181127/tools/bin/../lib/gcc/arm-none-eabi/10.3.1/../../../../arm-none-eabi/lib/thumb/v8-m.main+fp/hard\libm.a
LOAD c:/st/stm32cubeide_1.10.0/stm32cubeide/plugins/com.st.stm32cube.ide.mcu.externaltools.gnu-tools-for-stm32.10.3-2021.10.win32_1.0.0.202111181127/tools/bin/../lib/gcc/arm-none-eabi/10.3.1/thumb/v8-m.main+fp/hard\libgcc.a

.debug_info     0x0000000000000000    0x1d123
 .debug_info    0x0000000000000000     0x30a4 ./Core/Src/ST7789v.o
 .debug_info    0x00000000000030a4      0x9cb ./Core/Src/fmc.o
 .debug_info    0x0000000000003a6f     0x2289 ./Core/Src/main.o
 .debug_info    0x0000000000005cf8     0x246b ./Core/Src/stm32u5xx_hal_msp.o
 .debug_info    0x0000000000008163      0x747 ./Core/Src/stm32u5xx_it.o
 .debug_info    0x00000000000088aa      0x8f2 ./Core/Src/system_stm32u5xx.o
 .debug_info    0x000000000000919c       0x22 ./Core/Startup/startup_stm32u575zitxq.o
 .debug_info    0x00000000000091be     0x11b5 ./Drivers/STM32U5xx_HAL_Driver/Src/stm32u5xx_hal.o
 .debug_info    0x000000000000a373     0x2407 ./Drivers/STM32U5xx_HAL_Driver/Src/stm32u5xx_hal_adc.o
 .debug_info    0x000000000000c77a     0x15b9 ./Drivers/STM32U5xx_HAL_Driver/Src/stm32u5xx_hal_cortex.o
 .debug_info    0x000000000000dd33      0x880 ./Drivers/STM32U5xx_HAL_Driver/Src/stm32u5xx_hal_gpio.o
 .debug_info    0x000000000000e5b3     0x16a5 ./Drivers/STM32U5xx_HAL_Driver/Src/stm32u5xx_hal_pcd.o
 .debug_info    0x000000000000fc58      0x908 ./Drivers/STM32U5xx_HAL_Driver/Src/stm32u5xx_hal_pcd_ex.o
 .debug_info    0x0000000000010560      0xe83 ./Drivers/STM32U5xx_HAL_Driver/Src/stm32u5xx_hal_pwr_ex.o
 .debug_info    0x00000000000113e3     0x1392 ./Drivers/STM32U5xx_HAL_Driver/Src/stm32u5xx_hal_rcc.o
 .debug_info    0x0000000000012775     0x163d ./Drivers/STM32U5xx_HAL_Driver/Src/stm32u5xx_hal_rcc_ex.o
 .debug_info    0x0000000000013db2     0x106c ./Drivers/STM32U5xx_HAL_Driver/Src/stm32u5xx_hal_sram.o
 .debug_info    0x0000000000014e1e     0x4112 ./Drivers/STM32U5xx_HAL_Driver/Src/stm32u5xx_hal_uart.o
 .debug_info    0x0000000000018f30     0x124a ./Drivers/STM32U5xx_HAL_Driver/Src/stm32u5xx_hal_uart_ex.o
 .debug_info    0x000000000001a17a      0x86a ./Drivers/STM32U5xx_HAL_Driver/Src/stm32u5xx_ll_fmc.o
 .debug_info    0x000000000001a9e4      0xbfa ./Drivers/STM32U5xx_HAL_Driver/Src/stm32u5xx_ll_gpio.o
 .debug_info    0x000000000001b5de     0x1b45 ./Drivers/STM32U5xx_HAL_Driver/Src/stm32u5xx_ll_usb.o

.debug_abbrev   0x0000000000000000     0x34d2
 .debug_abbrev  0x0000000000000000      0x578 ./Core/Src/ST7789v.o
 .debug_abbrev  0x0000000000000578      0x19a ./Core/Src/fmc.o
 .debug_abbrev  0x0000000000000712      0x301 ./Core/Src/main.o
 .debug_abbrev  0x0000000000000a13      0x2af ./Core/Src/stm32u5xx_hal_msp.o
 .debug_abbrev  0x0000000000000cc2      0x1ba ./Core/Src/stm32u5xx_it.o
 .debug_abbrev  0x0000000000000e7c      0x127 ./Core/Src/system_stm32u5xx.o
 .debug_abbrev  0x0000000000000fa3       0x12 ./Core/Startup/startup_stm32u575zitxq.o
 .debug_abbrev  0x0000000000000fb5      0x285 ./Drivers/STM32U5xx_HAL_Driver/Src/stm32u5xx_hal.o
 .debug_abbrev  0x000000000000123a      0x2b9 ./Drivers/STM32U5xx_HAL_Driver/Src/stm32u5xx_hal_adc.o
 .debug_abbrev  0x00000000000014f3      0x303 ./Drivers/STM32U5xx_HAL_Driver/Src/stm32u5xx_hal_cortex.o
 .debug_abbrev  0x00000000000017f6      0x246 ./Drivers/STM32U5xx_HAL_Driver/Src/stm32u5xx_hal_gpio.o
 .debug_abbrev  0x0000000000001a3c      0x2d2 ./Drivers/STM32U5xx_HAL_Driver/Src/stm32u5xx_hal_pcd.o
 .debug_abbrev  0x0000000000001d0e      0x24a ./Drivers/STM32U5xx_HAL_Driver/Src/stm32u5xx_hal_pcd_ex.o
 .debug_abbrev  0x0000000000001f58      0x20d ./Drivers/STM32U5xx_HAL_Driver/Src/stm32u5xx_hal_pwr_ex.o
 .debug_abbrev  0x0000000000002165      0x2b9 ./Drivers/STM32U5xx_HAL_Driver/Src/stm32u5xx_hal_rcc.o
 .debug_abbrev  0x000000000000241e      0x299 ./Drivers/STM32U5xx_HAL_Driver/Src/stm32u5xx_hal_rcc_ex.o
 .debug_abbrev  0x00000000000026b7      0x1ff ./Drivers/STM32U5xx_HAL_Driver/Src/stm32u5xx_hal_sram.o
 .debug_abbrev  0x00000000000028b6      0x2f0 ./Drivers/STM32U5xx_HAL_Driver/Src/stm32u5xx_hal_uart.o
 .debug_abbrev  0x0000000000002ba6      0x2bd ./Drivers/STM32U5xx_HAL_Driver/Src/stm32u5xx_hal_uart_ex.o
 .debug_abbrev  0x0000000000002e63      0x196 ./Drivers/STM32U5xx_HAL_Driver/Src/stm32u5xx_ll_fmc.o
 .debug_abbrev  0x0000000000002ff9      0x243 ./Drivers/STM32U5xx_HAL_Driver/Src/stm32u5xx_ll_gpio.o
 .debug_abbrev  0x000000000000323c      0x296 ./Drivers/STM32U5xx_HAL_Driver/Src/stm32u5xx_ll_usb.o

.debug_aranges  0x0000000000000000     0x1398
 .debug_aranges
                0x0000000000000000      0x108 ./Core/Src/ST7789v.o
 .debug_aranges
                0x0000000000000108       0x30 ./Core/Src/fmc.o
 .debug_aranges
                0x0000000000000138       0x78 ./Core/Src/main.o
 .debug_aranges
                0x00000000000001b0       0x70 ./Core/Src/stm32u5xx_hal_msp.o
 .debug_aranges
                0x0000000000000220       0x68 ./Core/Src/stm32u5xx_it.o
 .debug_aranges
                0x0000000000000288       0x28 ./Core/Src/system_stm32u5xx.o
 .debug_aranges
                0x00000000000002b0       0x28 ./Core/Startup/startup_stm32u575zitxq.o
 .debug_aranges
                0x00000000000002d8      0x120 ./Drivers/STM32U5xx_HAL_Driver/Src/stm32u5xx_hal.o
 .debug_aranges
                0x00000000000003f8      0x240 ./Drivers/STM32U5xx_HAL_Driver/Src/stm32u5xx_hal_adc.o
 .debug_aranges
                0x0000000000000638      0x130 ./Drivers/STM32U5xx_HAL_Driver/Src/stm32u5xx_hal_cortex.o
 .debug_aranges
                0x0000000000000768       0x70 ./Drivers/STM32U5xx_HAL_Driver/Src/stm32u5xx_hal_gpio.o
 .debug_aranges
                0x00000000000007d8      0x140 ./Drivers/STM32U5xx_HAL_Driver/Src/stm32u5xx_hal_pcd.o
 .debug_aranges
                0x0000000000000918       0x60 ./Drivers/STM32U5xx_HAL_Driver/Src/stm32u5xx_hal_pcd_ex.o
 .debug_aranges
                0x0000000000000978      0x200 ./Drivers/STM32U5xx_HAL_Driver/Src/stm32u5xx_hal_pwr_ex.o
 .debug_aranges
                0x0000000000000b78       0xa8 ./Drivers/STM32U5xx_HAL_Driver/Src/stm32u5xx_hal_rcc.o
 .debug_aranges
                0x0000000000000c20      0x138 ./Drivers/STM32U5xx_HAL_Driver/Src/stm32u5xx_hal_rcc_ex.o
 .debug_aranges
                0x0000000000000d58       0xb8 ./Drivers/STM32U5xx_HAL_Driver/Src/stm32u5xx_hal_sram.o
 .debug_aranges
                0x0000000000000e10      0x248 ./Drivers/STM32U5xx_HAL_Driver/Src/stm32u5xx_hal_uart.o
 .debug_aranges
                0x0000000000001058       0xb0 ./Drivers/STM32U5xx_HAL_Driver/Src/stm32u5xx_hal_uart_ex.o
 .debug_aranges
                0x0000000000001108       0x80 ./Drivers/STM32U5xx_HAL_Driver/Src/stm32u5xx_ll_fmc.o
 .debug_aranges
                0x0000000000001188       0x70 ./Drivers/STM32U5xx_HAL_Driver/Src/stm32u5xx_ll_gpio.o
 .debug_aranges
                0x00000000000011f8      0x1a0 ./Drivers/STM32U5xx_HAL_Driver/Src/stm32u5xx_ll_usb.o

.debug_ranges   0x0000000000000000     0x1270
 .debug_ranges  0x0000000000000000       0xf8 ./Core/Src/ST7789v.o
 .debug_ranges  0x00000000000000f8       0x20 ./Core/Src/fmc.o
 .debug_ranges  0x0000000000000118       0x68 ./Core/Src/main.o
 .debug_ranges  0x0000000000000180       0x60 ./Core/Src/stm32u5xx_hal_msp.o
 .debug_ranges  0x00000000000001e0       0x58 ./Core/Src/stm32u5xx_it.o
 .debug_ranges  0x0000000000000238       0x18 ./Core/Src/system_stm32u5xx.o
 .debug_ranges  0x0000000000000250       0x20 ./Core/Startup/startup_stm32u575zitxq.o
 .debug_ranges  0x0000000000000270      0x110 ./Drivers/STM32U5xx_HAL_Driver/Src/stm32u5xx_hal.o
 .debug_ranges  0x0000000000000380      0x230 ./Drivers/STM32U5xx_HAL_Driver/Src/stm32u5xx_hal_adc.o
 .debug_ranges  0x00000000000005b0      0x120 ./Drivers/STM32U5xx_HAL_Driver/Src/stm32u5xx_hal_cortex.o
 .debug_ranges  0x00000000000006d0       0x60 ./Drivers/STM32U5xx_HAL_Driver/Src/stm32u5xx_hal_gpio.o
 .debug_ranges  0x0000000000000730      0x130 ./Drivers/STM32U5xx_HAL_Driver/Src/stm32u5xx_hal_pcd.o
 .debug_ranges  0x0000000000000860       0x50 ./Drivers/STM32U5xx_HAL_Driver/Src/stm32u5xx_hal_pcd_ex.o
 .debug_ranges  0x00000000000008b0      0x1f0 ./Drivers/STM32U5xx_HAL_Driver/Src/stm32u5xx_hal_pwr_ex.o
 .debug_ranges  0x0000000000000aa0       0x98 ./Drivers/STM32U5xx_HAL_Driver/Src/stm32u5xx_hal_rcc.o
 .debug_ranges  0x0000000000000b38      0x128 ./Drivers/STM32U5xx_HAL_Driver/Src/stm32u5xx_hal_rcc_ex.o
 .debug_ranges  0x0000000000000c60       0xa8 ./Drivers/STM32U5xx_HAL_Driver/Src/stm32u5xx_hal_sram.o
 .debug_ranges  0x0000000000000d08      0x268 ./Drivers/STM32U5xx_HAL_Driver/Src/stm32u5xx_hal_uart.o
 .debug_ranges  0x0000000000000f70       0xa0 ./Drivers/STM32U5xx_HAL_Driver/Src/stm32u5xx_hal_uart_ex.o
 .debug_ranges  0x0000000000001010       0x70 ./Drivers/STM32U5xx_HAL_Driver/Src/stm32u5xx_ll_fmc.o
 .debug_ranges  0x0000000000001080       0x60 ./Drivers/STM32U5xx_HAL_Driver/Src/stm32u5xx_ll_gpio.o
 .debug_ranges  0x00000000000010e0      0x190 ./Drivers/STM32U5xx_HAL_Driver/Src/stm32u5xx_ll_usb.o

.debug_macro    0x0000000000000000    0x3aee3
 .debug_macro   0x0000000000000000      0x63f ./Core/Src/ST7789v.o
 .debug_macro   0x000000000000063f      0xb5c ./Core/Src/ST7789v.o
 .debug_macro   0x000000000000119b       0x16 ./Core/Src/ST7789v.o
 .debug_macro   0x00000000000011b1      0x1eb ./Core/Src/ST7789v.o
 .debug_macro   0x000000000000139c       0x2e ./Core/Src/ST7789v.o
 .debug_macro   0x00000000000013ca       0x42 ./Core/Src/ST7789v.o
 .debug_macro   0x000000000000140c       0x1c ./Core/Src/ST7789v.o
 .debug_macro   0x0000000000001428       0x22 ./Core/Src/ST7789v.o
 .debug_macro   0x000000000000144a       0x8e ./Core/Src/ST7789v.o
 .debug_macro   0x00000000000014d8       0x51 ./Core/Src/ST7789v.o
 .debug_macro   0x0000000000001529      0x103 ./Core/Src/ST7789v.o
 .debug_macro   0x000000000000162c       0x6a ./Core/Src/ST7789v.o
 .debug_macro   0x0000000000001696      0x1df ./Core/Src/ST7789v.o
 .debug_macro   0x0000000000001875       0x1c ./Core/Src/ST7789v.o
 .debug_macro   0x0000000000001891       0x29 ./Core/Src/ST7789v.o
 .debug_macro   0x00000000000018ba       0xfb ./Core/Src/ST7789v.o
 .debug_macro   0x00000000000019b5     0x1336 ./Core/Src/ST7789v.o
 .debug_macro   0x0000000000002ceb       0x5e ./Core/Src/ST7789v.o
 .debug_macro   0x0000000000002d49    0x226bd ./Core/Src/ST7789v.o
 .debug_macro   0x0000000000025406       0x6d ./Core/Src/ST7789v.o
 .debug_macro   0x0000000000025473     0x3794 ./Core/Src/ST7789v.o
 .debug_macro   0x0000000000028c07      0x17b ./Core/Src/ST7789v.o
 .debug_macro   0x0000000000028d82      0x18a ./Core/Src/ST7789v.o
 .debug_macro   0x0000000000028f0c       0x10 ./Core/Src/ST7789v.o
 .debug_macro   0x0000000000028f1c      0x3d1 ./Core/Src/ST7789v.o
 .debug_macro   0x00000000000292ed       0x18 ./Core/Src/ST7789v.o
 .debug_macro   0x0000000000029305       0x52 ./Core/Src/ST7789v.o
 .debug_macro   0x0000000000029357       0x1e ./Core/Src/ST7789v.o
 .debug_macro   0x0000000000029375       0x3c ./Core/Src/ST7789v.o
 .debug_macro   0x00000000000293b1       0x34 ./Core/Src/ST7789v.o
 .debug_macro   0x00000000000293e5       0x16 ./Core/Src/ST7789v.o
 .debug_macro   0x00000000000293fb       0x43 ./Core/Src/ST7789v.o
 .debug_macro   0x000000000002943e       0x34 ./Core/Src/ST7789v.o
 .debug_macro   0x0000000000029472       0x10 ./Core/Src/ST7789v.o
 .debug_macro   0x0000000000029482       0x58 ./Core/Src/ST7789v.o
 .debug_macro   0x00000000000294da       0x71 ./Core/Src/ST7789v.o
 .debug_macro   0x000000000002954b       0x16 ./Core/Src/ST7789v.o
 .debug_macro   0x0000000000029561      0x12a ./Core/Src/ST7789v.o
 .debug_macro   0x000000000002968b      0x364 ./Core/Src/ST7789v.o
 .debug_macro   0x00000000000299ef      0x194 ./Core/Src/ST7789v.o
 .debug_macro   0x0000000000029b83       0x10 ./Core/Src/ST7789v.o
 .debug_macro   0x0000000000029b93       0x16 ./Core/Src/ST7789v.o
 .debug_macro   0x0000000000029ba9       0x35 ./Core/Src/ST7789v.o
 .debug_macro   0x0000000000029bde       0x16 ./Core/Src/ST7789v.o
 .debug_macro   0x0000000000029bf4       0x29 ./Core/Src/ST7789v.o
 .debug_macro   0x0000000000029c1d       0x10 ./Core/Src/ST7789v.o
 .debug_macro   0x0000000000029c2d      0x3c7 ./Core/Src/ST7789v.o
 .debug_macro   0x0000000000029ff4       0x5d ./Core/Src/ST7789v.o
 .debug_macro   0x000000000002a051     0x1bb7 ./Core/Src/ST7789v.o
 .debug_macro   0x000000000002bc08      0x7ff ./Core/Src/ST7789v.o
 .debug_macro   0x000000000002c407      0x158 ./Core/Src/ST7789v.o
 .debug_macro   0x000000000002c55f      0x2aa ./Core/Src/ST7789v.o
 .debug_macro   0x000000000002c809      0x5a5 ./Core/Src/ST7789v.o
 .debug_macro   0x000000000002cdae      0x432 ./Core/Src/ST7789v.o
 .debug_macro   0x000000000002d1e0       0xd6 ./Core/Src/ST7789v.o
 .debug_macro   0x000000000002d2b6      0x1cd ./Core/Src/ST7789v.o
 .debug_macro   0x000000000002d483     0x1406 ./Core/Src/ST7789v.o
 .debug_macro   0x000000000002e889      0x92d ./Core/Src/ST7789v.o
 .debug_macro   0x000000000002f1b6      0x2bf ./Core/Src/ST7789v.o
 .debug_macro   0x000000000002f475      0x432 ./Core/Src/ST7789v.o
 .debug_macro   0x000000000002f8a7       0x95 ./Core/Src/ST7789v.o
 .debug_macro   0x000000000002f93c      0x11c ./Core/Src/ST7789v.o
 .debug_macro   0x000000000002fa58      0x340 ./Core/Src/ST7789v.o
 .debug_macro   0x000000000002fd98      0x517 ./Core/Src/ST7789v.o
 .debug_macro   0x00000000000302af      0x4d4 ./Core/Src/ST7789v.o
 .debug_macro   0x0000000000030783      0x662 ./Core/Src/ST7789v.o
 .debug_macro   0x0000000000030de5      0x1a1 ./Core/Src/ST7789v.o
 .debug_macro   0x0000000000030f86      0x248 ./Core/Src/ST7789v.o
 .debug_macro   0x00000000000311ce       0x90 ./Core/Src/ST7789v.o
 .debug_macro   0x000000000003125e      0x1b7 ./Core/Src/ST7789v.o
 .debug_macro   0x0000000000031415      0x361 ./Core/Src/ST7789v.o
 .debug_macro   0x0000000000031776       0xf0 ./Core/Src/ST7789v.o
 .debug_macro   0x0000000000031866       0x1c ./Core/Src/ST7789v.o
 .debug_macro   0x0000000000031882       0x10 ./Core/Src/ST7789v.o
 .debug_macro   0x0000000000031892       0x10 ./Core/Src/ST7789v.o
 .debug_macro   0x00000000000318a2       0x1c ./Core/Src/ST7789v.o
 .debug_macro   0x00000000000318be       0x52 ./Core/Src/ST7789v.o
 .debug_macro   0x0000000000031910       0x22 ./Core/Src/ST7789v.o
 .debug_macro   0x0000000000031932       0x10 ./Core/Src/ST7789v.o
 .debug_macro   0x0000000000031942       0x52 ./Core/Src/ST7789v.o
 .debug_macro   0x0000000000031994       0xd5 ./Core/Src/ST7789v.o
 .debug_macro   0x0000000000031a69       0x1c ./Core/Src/ST7789v.o
 .debug_macro   0x0000000000031a85       0x3d ./Core/Src/ST7789v.o
 .debug_macro   0x0000000000031ac2       0x16 ./Core/Src/ST7789v.o
 .debug_macro   0x0000000000031ad8      0x137 ./Core/Src/ST7789v.o
 .debug_macro   0x0000000000031c0f       0x3a ./Core/Src/ST7789v.o
 .debug_macro   0x0000000000031c49      0x346 ./Core/Src/ST7789v.o
 .debug_macro   0x0000000000031f8f      0x2b6 ./Core/Src/ST7789v.o
 .debug_macro   0x0000000000032245      0x2f8 ./Core/Src/ST7789v.o
 .debug_macro   0x000000000003253d      0x157 ./Core/Src/ST7789v.o
 .debug_macro   0x0000000000032694      0xaaf ./Core/Src/ST7789v.o
 .debug_macro   0x0000000000033143      0x284 ./Core/Src/ST7789v.o
 .debug_macro   0x00000000000333c7       0xca ./Core/Src/ST7789v.o
 .debug_macro   0x0000000000033491      0x44e ./Core/Src/ST7789v.o
 .debug_macro   0x00000000000338df      0x167 ./Core/Src/ST7789v.o
 .debug_macro   0x0000000000033a46      0x8cf ./Core/Src/ST7789v.o
 .debug_macro   0x0000000000034315      0x18c ./Core/Src/ST7789v.o
 .debug_macro   0x00000000000344a1       0xac ./Core/Src/ST7789v.o
 .debug_macro   0x000000000003454d       0x41 ./Core/Src/ST7789v.o
 .debug_macro   0x000000000003458e       0x12 ./Core/Src/ST7789v.o
 .debug_macro   0x00000000000345a0       0x27 ./Core/Src/ST7789v.o
 .debug_macro   0x00000000000345c7       0x1c ./Core/Src/ST7789v.o
 .debug_macro   0x00000000000345e3       0x4f ./Core/Src/ST7789v.o
 .debug_macro   0x0000000000034632       0x28 ./Core/Src/ST7789v.o
 .debug_macro   0x000000000003465a       0x2e ./Core/Src/ST7789v.o
 .debug_macro   0x0000000000034688       0x19 ./Core/Src/ST7789v.o
 .debug_macro   0x00000000000346a1       0x88 ./Core/Src/ST7789v.o
 .debug_macro   0x0000000000034729       0x19 ./Core/Src/ST7789v.o
 .debug_macro   0x0000000000034742       0x10 ./Core/Src/ST7789v.o
 .debug_macro   0x0000000000034752      0x120 ./Core/Src/ST7789v.o
 .debug_macro   0x0000000000034872      0x2c9 ./Core/Src/fmc.o
 .debug_macro   0x0000000000034b3b      0xa84 ./Core/Src/fmc.o
 .debug_macro   0x00000000000355bf     0x1336 ./Core/Src/fmc.o
 .debug_macro   0x00000000000368f5      0x174 ./Core/Src/fmc.o
 .debug_macro   0x0000000000036a69       0x34 ./Core/Src/fmc.o
 .debug_macro   0x0000000000036a9d       0x43 ./Core/Src/fmc.o
 .debug_macro   0x0000000000036ae0       0x1c ./Core/Src/fmc.o
 .debug_macro   0x0000000000036afc      0x341 ./Core/Src/fmc.o
 .debug_macro   0x0000000000036e3d      0x19b ./Core/Src/fmc.o
 .debug_macro   0x0000000000036fd8       0x34 ./Core/Src/fmc.o
 .debug_macro   0x000000000003700c      0x439 ./Core/Src/main.o
 .debug_macro   0x0000000000037445       0x22 ./Core/Src/main.o
 .debug_macro   0x0000000000037467       0x35 ./Core/Src/main.o
 .debug_macro   0x000000000003749c      0x145 ./Core/Src/main.o
 .debug_macro   0x00000000000375e1      0x439 ./Core/Src/stm32u5xx_hal_msp.o
 .debug_macro   0x0000000000037a1a      0x443 ./Core/Src/stm32u5xx_it.o
 .debug_macro   0x0000000000037e5d      0x2c1 ./Core/Src/system_stm32u5xx.o
 .debug_macro   0x000000000003811e      0x2de ./Drivers/STM32U5xx_HAL_Driver/Src/stm32u5xx_hal.o
 .debug_macro   0x00000000000383fc      0x2de ./Drivers/STM32U5xx_HAL_Driver/Src/stm32u5xx_hal_adc.o
 .debug_macro   0x00000000000386da      0x2ba ./Drivers/STM32U5xx_HAL_Driver/Src/stm32u5xx_hal_cortex.o
 .debug_macro   0x0000000000038994      0x2ec ./Drivers/STM32U5xx_HAL_Driver/Src/stm32u5xx_hal_gpio.o
 .debug_macro   0x0000000000038c80      0x2c6 ./Drivers/STM32U5xx_HAL_Driver/Src/stm32u5xx_hal_pcd.o
 .debug_macro   0x0000000000038f46      0x2ba ./Drivers/STM32U5xx_HAL_Driver/Src/stm32u5xx_hal_pcd_ex.o
 .debug_macro   0x0000000000039200      0x2e5 ./Drivers/STM32U5xx_HAL_Driver/Src/stm32u5xx_hal_pwr_ex.o
 .debug_macro   0x00000000000394e5      0x3ba ./Drivers/STM32U5xx_HAL_Driver/Src/stm32u5xx_hal_rcc.o
 .debug_macro   0x000000000003989f      0x3f0 ./Drivers/STM32U5xx_HAL_Driver/Src/stm32u5xx_hal_rcc_ex.o
 .debug_macro   0x0000000000039c8f      0x2ba ./Drivers/STM32U5xx_HAL_Driver/Src/stm32u5xx_hal_sram.o
 .debug_macro   0x0000000000039f49      0x2e5 ./Drivers/STM32U5xx_HAL_Driver/Src/stm32u5xx_hal_uart.o
 .debug_macro   0x000000000003a22e      0x2c6 ./Drivers/STM32U5xx_HAL_Driver/Src/stm32u5xx_hal_uart_ex.o
 .debug_macro   0x000000000003a4f4      0x2d8 ./Drivers/STM32U5xx_HAL_Driver/Src/stm32u5xx_ll_fmc.o
 .debug_macro   0x000000000003a7cc      0x2fc ./Drivers/STM32U5xx_HAL_Driver/Src/stm32u5xx_ll_gpio.o
 .debug_macro   0x000000000003aac8      0x161 ./Drivers/STM32U5xx_HAL_Driver/Src/stm32u5xx_ll_gpio.o
 .debug_macro   0x000000000003ac29      0x2ba ./Drivers/STM32U5xx_HAL_Driver/Src/stm32u5xx_ll_usb.o

.debug_line     0x0000000000000000    0x196f0
 .debug_line    0x0000000000000000     0x1a99 ./Core/Src/ST7789v.o
 .debug_line    0x0000000000001a99      0x948 ./Core/Src/fmc.o
 .debug_line    0x00000000000023e1      0xd7b ./Core/Src/main.o
 .debug_line    0x000000000000315c      0xc28 ./Core/Src/stm32u5xx_hal_msp.o
 .debug_line    0x0000000000003d84      0xb32 ./Core/Src/stm32u5xx_it.o
 .debug_line    0x00000000000048b6      0x96f ./Core/Src/system_stm32u5xx.o
 .debug_line    0x0000000000005225       0x86 ./Core/Startup/startup_stm32u575zitxq.o
 .debug_line    0x00000000000052ab      0xc39 ./Drivers/STM32U5xx_HAL_Driver/Src/stm32u5xx_hal.o
 .debug_line    0x0000000000005ee4     0x25ba ./Drivers/STM32U5xx_HAL_Driver/Src/stm32u5xx_hal_adc.o
 .debug_line    0x000000000000849e      0xe7e ./Drivers/STM32U5xx_HAL_Driver/Src/stm32u5xx_hal_cortex.o
 .debug_line    0x000000000000931c      0xdc3 ./Drivers/STM32U5xx_HAL_Driver/Src/stm32u5xx_hal_gpio.o
 .debug_line    0x000000000000a0df     0x15c6 ./Drivers/STM32U5xx_HAL_Driver/Src/stm32u5xx_hal_pcd.o
 .debug_line    0x000000000000b6a5      0xa4a ./Drivers/STM32U5xx_HAL_Driver/Src/stm32u5xx_hal_pcd_ex.o
 .debug_line    0x000000000000c0ef     0x11fc ./Drivers/STM32U5xx_HAL_Driver/Src/stm32u5xx_hal_pwr_ex.o
 .debug_line    0x000000000000d2eb     0x1611 ./Drivers/STM32U5xx_HAL_Driver/Src/stm32u5xx_hal_rcc.o
 .debug_line    0x000000000000e8fc     0x2221 ./Drivers/STM32U5xx_HAL_Driver/Src/stm32u5xx_hal_rcc_ex.o
 .debug_line    0x0000000000010b1d      0xfc2 ./Drivers/STM32U5xx_HAL_Driver/Src/stm32u5xx_hal_sram.o
 .debug_line    0x0000000000011adf     0x3920 ./Drivers/STM32U5xx_HAL_Driver/Src/stm32u5xx_hal_uart.o
 .debug_line    0x00000000000153ff     0x1030 ./Drivers/STM32U5xx_HAL_Driver/Src/stm32u5xx_hal_uart_ex.o
 .debug_line    0x000000000001642f      0xb00 ./Drivers/STM32U5xx_HAL_Driver/Src/stm32u5xx_ll_fmc.o
 .debug_line    0x0000000000016f2f      0xbd5 ./Drivers/STM32U5xx_HAL_Driver/Src/stm32u5xx_ll_gpio.o
 .debug_line    0x0000000000017b04     0x1bec ./Drivers/STM32U5xx_HAL_Driver/Src/stm32u5xx_ll_usb.o

.debug_str      0x0000000000000000   0x163dc0
 .debug_str     0x0000000000000000   0x159545 ./Core/Src/ST7789v.o
                                     0x15b471 (size before relaxing)
 .debug_str     0x0000000000159545      0x928 ./Core/Src/fmc.o
                                     0x14294c (size before relaxing)
 .debug_str     0x0000000000159e6d      0xeca ./Core/Src/main.o
                                     0x156d46 (size before relaxing)
 .debug_str     0x000000000015ad37      0xb8c ./Core/Src/stm32u5xx_hal_msp.o
                                     0x157409 (size before relaxing)
 .debug_str     0x000000000015b8c3       0xee ./Core/Src/stm32u5xx_it.o
                                     0x155b51 (size before relaxing)
 .debug_str     0x000000000015b9b1      0x1b0 ./Core/Src/system_stm32u5xx.o
                                     0x1424e0 (size before relaxing)
 .debug_str     0x000000000015bb61       0x37 ./Core/Startup/startup_stm32u575zitxq.o
                                         0x78 (size before relaxing)
 .debug_str     0x000000000015bb98      0x6a6 ./Drivers/STM32U5xx_HAL_Driver/Src/stm32u5xx_hal.o
                                     0x14328d (size before relaxing)
 .debug_str     0x000000000015c23e      0xdce ./Drivers/STM32U5xx_HAL_Driver/Src/stm32u5xx_hal_adc.o
                                     0x14372d (size before relaxing)
 .debug_str     0x000000000015d00c      0x398 ./Drivers/STM32U5xx_HAL_Driver/Src/stm32u5xx_hal_cortex.o
                                     0x1430b4 (size before relaxing)
 .debug_str     0x000000000015d3a4      0x2a8 ./Drivers/STM32U5xx_HAL_Driver/Src/stm32u5xx_hal_gpio.o
                                     0x1424e7 (size before relaxing)
 .debug_str     0x000000000015d64c      0x807 ./Drivers/STM32U5xx_HAL_Driver/Src/stm32u5xx_hal_pcd.o
                                     0x142dbe (size before relaxing)
 .debug_str     0x000000000015de53      0x174 ./Drivers/STM32U5xx_HAL_Driver/Src/stm32u5xx_hal_pcd_ex.o
                                     0x14275b (size before relaxing)
 .debug_str     0x000000000015dfc7      0x828 ./Drivers/STM32U5xx_HAL_Driver/Src/stm32u5xx_hal_pwr_ex.o
                                     0x142c16 (size before relaxing)
 .debug_str     0x000000000015e7ef     0x12b3 ./Drivers/STM32U5xx_HAL_Driver/Src/stm32u5xx_hal_rcc.o
                                     0x143bb7 (size before relaxing)
 .debug_str     0x000000000015faa2     0x253e ./Drivers/STM32U5xx_HAL_Driver/Src/stm32u5xx_hal_rcc_ex.o
                                     0x144e5e (size before relaxing)
 .debug_str     0x0000000000161fe0      0x29c ./Drivers/STM32U5xx_HAL_Driver/Src/stm32u5xx_hal_sram.o
                                     0x142a94 (size before relaxing)
 .debug_str     0x000000000016227c      0x95e ./Drivers/STM32U5xx_HAL_Driver/Src/stm32u5xx_hal_uart.o
                                     0x143190 (size before relaxing)
 .debug_str     0x0000000000162bda      0x2f9 ./Drivers/STM32U5xx_HAL_Driver/Src/stm32u5xx_hal_uart_ex.o
                                     0x142c28 (size before relaxing)
 .debug_str     0x0000000000162ed3      0x451 ./Drivers/STM32U5xx_HAL_Driver/Src/stm32u5xx_ll_fmc.o
                                     0x14286d (size before relaxing)
 .debug_str     0x0000000000163324      0x658 ./Drivers/STM32U5xx_HAL_Driver/Src/stm32u5xx_ll_gpio.o
                                     0x14469f (size before relaxing)
 .debug_str     0x000000000016397c      0x444 ./Drivers/STM32U5xx_HAL_Driver/Src/stm32u5xx_ll_usb.o
                                     0x142c45 (size before relaxing)

.comment        0x0000000000000000       0x50
 .comment       0x0000000000000000       0x50 ./Core/Src/ST7789v.o
                                         0x51 (size before relaxing)
 .comment       0x0000000000000050       0x51 ./Core/Src/fmc.o
 .comment       0x0000000000000050       0x51 ./Core/Src/main.o
 .comment       0x0000000000000050       0x51 ./Core/Src/stm32u5xx_hal_msp.o
 .comment       0x0000000000000050       0x51 ./Core/Src/stm32u5xx_it.o
 .comment       0x0000000000000050       0x51 ./Core/Src/system_stm32u5xx.o
 .comment       0x0000000000000050       0x51 ./Drivers/STM32U5xx_HAL_Driver/Src/stm32u5xx_hal.o
 .comment       0x0000000000000050       0x51 ./Drivers/STM32U5xx_HAL_Driver/Src/stm32u5xx_hal_adc.o
 .comment       0x0000000000000050       0x51 ./Drivers/STM32U5xx_HAL_Driver/Src/stm32u5xx_hal_cortex.o
 .comment       0x0000000000000050       0x51 ./Drivers/STM32U5xx_HAL_Driver/Src/stm32u5xx_hal_gpio.o
 .comment       0x0000000000000050       0x51 ./Drivers/STM32U5xx_HAL_Driver/Src/stm32u5xx_hal_pcd.o
 .comment       0x0000000000000050       0x51 ./Drivers/STM32U5xx_HAL_Driver/Src/stm32u5xx_hal_pcd_ex.o
 .comment       0x0000000000000050       0x51 ./Drivers/STM32U5xx_HAL_Driver/Src/stm32u5xx_hal_pwr_ex.o
 .comment       0x0000000000000050       0x51 ./Drivers/STM32U5xx_HAL_Driver/Src/stm32u5xx_hal_rcc.o
 .comment       0x0000000000000050       0x51 ./Drivers/STM32U5xx_HAL_Driver/Src/stm32u5xx_hal_rcc_ex.o
 .comment       0x0000000000000050       0x51 ./Drivers/STM32U5xx_HAL_Driver/Src/stm32u5xx_hal_sram.o
 .comment       0x0000000000000050       0x51 ./Drivers/STM32U5xx_HAL_Driver/Src/stm32u5xx_hal_uart.o
 .comment       0x0000000000000050       0x51 ./Drivers/STM32U5xx_HAL_Driver/Src/stm32u5xx_hal_uart_ex.o
 .comment       0x0000000000000050       0x51 ./Drivers/STM32U5xx_HAL_Driver/Src/stm32u5xx_ll_fmc.o
 .comment       0x0000000000000050       0x51 ./Drivers/STM32U5xx_HAL_Driver/Src/stm32u5xx_ll_gpio.o
 .comment       0x0000000000000050       0x51 ./Drivers/STM32U5xx_HAL_Driver/Src/stm32u5xx_ll_usb.o

.debug_frame    0x0000000000000000     0x537c
 .debug_frame   0x0000000000000000      0x49c ./Core/Src/ST7789v.o
 .debug_frame   0x000000000000049c       0x80 ./Core/Src/fmc.o
 .debug_frame   0x000000000000051c      0x19c ./Core/Src/main.o
 .debug_frame   0x00000000000006b8      0x1a0 ./Core/Src/stm32u5xx_hal_msp.o
 .debug_frame   0x0000000000000858      0x120 ./Core/Src/stm32u5xx_it.o
 .debug_frame   0x0000000000000978       0x58 ./Core/Src/system_stm32u5xx.o
 .debug_frame   0x00000000000009d0      0x460 ./Drivers/STM32U5xx_HAL_Driver/Src/stm32u5xx_hal.o
 .debug_frame   0x0000000000000e30      0xaa4 ./Drivers/STM32U5xx_HAL_Driver/Src/stm32u5xx_hal_adc.o
 .debug_frame   0x00000000000018d4      0x508 ./Drivers/STM32U5xx_HAL_Driver/Src/stm32u5xx_hal_cortex.o
 .debug_frame   0x0000000000001ddc      0x1c4 ./Drivers/STM32U5xx_HAL_Driver/Src/stm32u5xx_hal_gpio.o
 .debug_frame   0x0000000000001fa0      0x594 ./Drivers/STM32U5xx_HAL_Driver/Src/stm32u5xx_hal_pcd.o
 .debug_frame   0x0000000000002534      0x174 ./Drivers/STM32U5xx_HAL_Driver/Src/stm32u5xx_hal_pcd_ex.o
 .debug_frame   0x00000000000026a8      0x84c ./Drivers/STM32U5xx_HAL_Driver/Src/stm32u5xx_hal_pwr_ex.o
 .debug_frame   0x0000000000002ef4      0x28c ./Drivers/STM32U5xx_HAL_Driver/Src/stm32u5xx_hal_rcc.o
 .debug_frame   0x0000000000003180      0x53c ./Drivers/STM32U5xx_HAL_Driver/Src/stm32u5xx_hal_rcc_ex.o
 .debug_frame   0x00000000000036bc      0x30c ./Drivers/STM32U5xx_HAL_Driver/Src/stm32u5xx_hal_sram.o
 .debug_frame   0x00000000000039c8      0xa84 ./Drivers/STM32U5xx_HAL_Driver/Src/stm32u5xx_hal_uart.o
 .debug_frame   0x000000000000444c      0x2ec ./Drivers/STM32U5xx_HAL_Driver/Src/stm32u5xx_hal_uart_ex.o
 .debug_frame   0x0000000000004738      0x214 ./Drivers/STM32U5xx_HAL_Driver/Src/stm32u5xx_ll_fmc.o
 .debug_frame   0x000000000000494c      0x1c0 ./Drivers/STM32U5xx_HAL_Driver/Src/stm32u5xx_ll_gpio.o
 .debug_frame   0x0000000000004b0c      0x7c0 ./Drivers/STM32U5xx_HAL_Driver/Src/stm32u5xx_ll_usb.o
 .debug_frame   0x00000000000052cc       0x2c c:/st/stm32cubeide_1.10.0/stm32cubeide/plugins/com.st.stm32cube.ide.mcu.externaltools.gnu-tools-for-stm32.10.3-2021.10.win32_1.0.0.202111181127/tools/bin/../lib/gcc/arm-none-eabi/10.3.1/../../../../arm-none-eabi/lib/thumb/v8-m.main+fp/hard\libc_nano.a(lib_a-init.o)
 .debug_frame   0x00000000000052f8       0x20 c:/st/stm32cubeide_1.10.0/stm32cubeide/plugins/com.st.stm32cube.ide.mcu.externaltools.gnu-tools-for-stm32.10.3-2021.10.win32_1.0.0.202111181127/tools/bin/../lib/gcc/arm-none-eabi/10.3.1/../../../../arm-none-eabi/lib/thumb/v8-m.main+fp/hard\libc_nano.a(lib_a-memset.o)
 .debug_frame   0x0000000000005318       0x2c c:/st/stm32cubeide_1.10.0/stm32cubeide/plugins/com.st.stm32cube.ide.mcu.externaltools.gnu-tools-for-stm32.10.3-2021.10.win32_1.0.0.202111181127/tools/bin/../lib/gcc/arm-none-eabi/10.3.1/thumb/v8-m.main+fp/hard\libgcc.a(_aeabi_uldivmod.o)
 .debug_frame   0x0000000000005344       0x38 c:/st/stm32cubeide_1.10.0/stm32cubeide/plugins/com.st.stm32cube.ide.mcu.externaltools.gnu-tools-for-stm32.10.3-2021.10.win32_1.0.0.202111181127/tools/bin/../lib/gcc/arm-none-eabi/10.3.1/thumb/v8-m.main+fp/hard\libgcc.a(_udivmoddi4.o)
