../TouchGFX/target/generated/OSWrappers.cpp:48:6:static void touchgfx::OSWrappers::initialize()	24	static
../TouchGFX/target/generated/OSWrappers.cpp:83:6:static void touchgfx::OSWrappers::takeFrameBufferSemaphore()	8	static
../TouchGFX/target/generated/OSWrappers.cpp:94:6:static void touchgfx::OSWrappers::giveFrameBufferSemaphore()	8	static
../TouchGFX/target/generated/OSWrappers.cpp:112:6:static void touchgfx::OSWrappers::tryTakeFrameBufferSemaphore()	8	static
../TouchGFX/target/generated/OSWrappers.cpp:129:6:static void touchgfx::OSWrappers::giveFrameBufferSemaphoreFromISR()	24	static,ignoring_inline_asm
../TouchGFX/target/generated/OSWrappers.cpp:152:6:static void touchgfx::OSWrappers::signalVSync()	16	static
../TouchGFX/target/generated/OSWrappers.cpp:175:6:static void touchgfx::OSWrappers::signalRenderingDone()	4	static
../TouchGFX/target/generated/OSWrappers.cpp:186:6:static void touchgfx::OSWrappers::waitForVSync()	16	static
../TouchGFX/target/generated/OSWrappers.cpp:218:6:static void touchgfx::OSWrappers::taskDelay(uint16_t)	16	static
../TouchGFX/target/generated/OSWrappers.cpp:233:6:static void touchgfx::OSWrappers::taskYield()	16	static,ignoring_inline_asm
