../Drivers/STM32U5xx_HAL_Driver/Inc/stm32u5xx_ll_bus.h:727:22:LL_AHB2_GRP1_EnableClock	24	static
../Drivers/STM32U5xx_HAL_Driver/Inc/stm32u5xx_ll_bus.h:1693:22:LL_APB1_GRP2_EnableClock	24	static
../Core/Src/main.c:82:5:main	16	static
../Core/Src/main.c:264:6:SystemClock_Config	128	static
../Core/Src/main.c:322:13:SystemPower_Config	8	static
../Core/Src/main.c:340:13:MX_ADC1_Init	8	static
../Core/Src/main.c:384:13:MX_CRC_Init	8	static
../Core/Src/main.c:415:13:MX_ICACHE_Init	32	static
../Core/Src/main.c:465:13:MX_UCPD1_Init	32	static
../Core/Src/main.c:507:13:MX_USART1_UART_Init	8	static
../Core/Src/main.c:555:13:MX_USB_OTG_FS_PCD_Init	8	static
../Core/Src/main.c:585:13:MX_FMC_Init	40	static
../Core/Src/main.c:646:13:MX_GPIO_Init	56	static
../Core/Src/main.c:731:6:HAL_TIM_PeriodElapsedCallback	16	static
../Core/Src/main.c:748:6:Error_Handler	4	static,ignoring_inline_asm
