../Drivers/STM32U5xx_HAL_Driver/Inc/stm32u5xx_ll_bus.h:727:22:LL_AHB2_GRP1_EnableClock	24	static
../Drivers/STM32U5xx_HAL_Driver/Inc/stm32u5xx_ll_bus.h:1693:22:LL_APB1_GRP2_EnableClock	24	static
../Core/Inc/my_ST7789V.h:30:13:ST7789V_SEND_COMMAND	16	static
../Core/Inc/my_ST7789V.h:35:13:ST7789V_SEND_DATA	16	static
../Core/Inc/my_ST7789V.h:39:17:ST7789V_READ_DATA	16	static
../Core/Inc/my_ST7789V.h:46:13:ST7789V_SEND_DATA_BUFFERED	24	static
../Core/Src/main.c:76:5:main	40	static
../Core/Src/main.c:484:6:SystemClock_Config	128	static
../Core/Src/main.c:542:13:SystemPower_Config	8	static
../Core/Src/main.c:560:13:MX_ADC1_Init	8	static
../Core/Src/main.c:604:13:MX_UCPD1_Init	32	static
../Core/Src/main.c:646:13:MX_USART1_UART_Init	8	static
../Core/Src/main.c:694:13:MX_USB_OTG_FS_PCD_Init	8	static
../Core/Src/main.c:724:13:MX_FMC_Init	40	static
../Core/Src/main.c:785:13:MX_GPIO_Init	56	static
../Core/Src/main.c:866:6:Error_Handler	4	static,ignoring_inline_asm
