../Core/Src/stm32u5xx_hal_msp.c:63:6:HAL_MspInit	16	static
../Core/Src/stm32u5xx_hal_msp.c:86:6:HAL_ADC_MspInit	248	static
../Core/Src/stm32u5xx_hal_msp.c:130:6:HAL_ADC_MspDeInit	16	static
../Core/Src/stm32u5xx_hal_msp.c:158:6:HAL_UART_MspInit	248	static
../Core/Src/stm32u5xx_hal_msp.c:205:6:HAL_UART_MspDeInit	16	static
../Core/Src/stm32u5xx_hal_msp.c:234:6:HAL_PCD_MspInit	256	static
../Core/Src/stm32u5xx_hal_msp.c:295:6:HAL_PCD_MspDeInit	16	static
../Core/Src/stm32u5xx_hal_msp.c:322:13:HAL_FMC_MspInit	32	static
../Core/Src/stm32u5xx_hal_msp.c:380:6:HAL_SRAM_MspInit	16	static
../Core/Src/stm32u5xx_hal_msp.c:392:13:HAL_FMC_MspDeInit	8	static
../Core/Src/stm32u5xx_hal_msp.c:438:6:HAL_SRAM_MspDeInit	16	static
