../Core/Inc/my_ST7789V.h:30:13:ST7789V_SEND_COMMAND	16	static
../Core/Inc/my_ST7789V.h:35:13:ST7789V_SEND_DATA	16	static
../Core/Inc/my_ST7789V.h:39:17:ST7789V_READ_DATA	16	static
../Core/Inc/my_ST7789V.h:46:13:ST7789V_SEND_DATA_BUFFERED	24	static
../Core/Src/stm32u5xx_it.c:69:6:NMI_Handler	4	static
../Core/Src/stm32u5xx_it.c:84:6:HardFault_Handler	4	static
../Core/Src/stm32u5xx_it.c:99:6:MemManage_Handler	4	static
../Core/Src/stm32u5xx_it.c:114:6:BusFault_Handler	4	static
../Core/Src/stm32u5xx_it.c:129:6:UsageFault_Handler	4	static
../Core/Src/stm32u5xx_it.c:144:6:SVC_Handler	4	static
../Core/Src/stm32u5xx_it.c:157:6:DebugMon_Handler	4	static
../Core/Src/stm32u5xx_it.c:170:6:PendSV_Handler	4	static
../Core/Src/stm32u5xx_it.c:183:6:SysTick_Handler	8	static
../Core/Src/stm32u5xx_it.c:204:6:OTG_FS_IRQHandler	8	static
