../Drivers/STM32U5xx_HAL_Driver/Inc/stm32u5xx_ll_dma.h:1488:22:LL_DMA_ResetChannel	24	static
../Drivers/STM32U5xx_HAL_Driver/Inc/stm32u5xx_ll_dma.h:1518:22:LL_DMA_SuspendChannel	24	static
../Drivers/STM32U5xx_HAL_Driver/Inc/stm32u5xx_ll_dma.h:1611:22:LL_DMA_SetLinkedListBaseAddr	32	static
../Drivers/STM32U5xx_HAL_Driver/Inc/stm32u5xx_ll_dma.h:1680:22:LL_DMA_ConfigControl	32	static
../Drivers/STM32U5xx_HAL_Driver/Inc/stm32u5xx_ll_dma.h:1934:22:LL_DMA_ConfigTransfer	32	static
../Drivers/STM32U5xx_HAL_Driver/Inc/stm32u5xx_ll_dma.h:1969:22:LL_DMA_ConfigBurstLength	32	static
../Drivers/STM32U5xx_HAL_Driver/Inc/stm32u5xx_ll_dma.h:3032:22:LL_DMA_ConfigChannelTransfer	32	static
../Drivers/STM32U5xx_HAL_Driver/Inc/stm32u5xx_ll_dma.h:3069:22:LL_DMA_SetTransferEventMode	32	static
../Drivers/STM32U5xx_HAL_Driver/Inc/stm32u5xx_ll_dma.h:3207:22:LL_DMA_SetTriggerMode	32	static
../Drivers/STM32U5xx_HAL_Driver/Inc/stm32u5xx_ll_dma.h:3556:22:LL_DMA_SetPeriphRequest	32	static
../Drivers/STM32U5xx_HAL_Driver/Inc/stm32u5xx_ll_dma.h:3850:22:LL_DMA_SetHWTrigger	32	static
../Drivers/STM32U5xx_HAL_Driver/Inc/stm32u5xx_ll_dma.h:3996:22:LL_DMA_ConfigBlkRptAddrUpdate	32	static
../Drivers/STM32U5xx_HAL_Driver/Inc/stm32u5xx_ll_dma.h:4207:22:LL_DMA_SetBlkRptCount	32	static
../Drivers/STM32U5xx_HAL_Driver/Inc/stm32u5xx_ll_dma.h:4258:22:LL_DMA_SetBlkDataLength	32	static
../Drivers/STM32U5xx_HAL_Driver/Inc/stm32u5xx_ll_dma.h:4323:22:LL_DMA_ConfigAddresses	32	static
../Drivers/STM32U5xx_HAL_Driver/Inc/stm32u5xx_ll_dma.h:4469:22:LL_DMA_ConfigAddrUpdateValue	32	static
../Drivers/STM32U5xx_HAL_Driver/Inc/stm32u5xx_ll_dma.h:4570:22:LL_DMA_ConfigBlkRptAddrUpdateValue	32	static
../Drivers/STM32U5xx_HAL_Driver/Inc/stm32u5xx_ll_dma.h:5389:22:LL_DMA_SetLinkedListAddrOffset	32	static
../Drivers/STM32U5xx_HAL_Driver/Inc/stm32u5xx_ll_dma.h:5601:22:LL_DMA_DisableChannelPrivilege	16	static
../Drivers/STM32U5xx_HAL_Driver/Inc/stm32u5xx_ll_bus.h:480:22:LL_AHB1_GRP1_ForceReset	16	static
../Drivers/STM32U5xx_HAL_Driver/Inc/stm32u5xx_ll_bus.h:515:22:LL_AHB1_GRP1_ReleaseReset	16	static
../Drivers/STM32U5xx_HAL_Driver/Inc/stm32u5xx_ll_bus.h:1306:22:LL_AHB3_GRP1_ForceReset	16	static
../Drivers/STM32U5xx_HAL_Driver/Inc/stm32u5xx_ll_bus.h:1331:22:LL_AHB3_GRP1_ReleaseReset	16	static
../Drivers/STM32U5xx_HAL_Driver/Src/stm32u5xx_ll_dma.c:274:10:LL_DMA_DeInit	24	static
../Drivers/STM32U5xx_HAL_Driver/Src/stm32u5xx_ll_dma.c:392:10:LL_DMA_Init	24	static
../Drivers/STM32U5xx_HAL_Driver/Src/stm32u5xx_ll_dma.c:613:6:LL_DMA_StructInit	16	static
../Drivers/STM32U5xx_HAL_Driver/Src/stm32u5xx_ll_dma.c:660:6:LL_DMA_ListStructInit	16	static
../Drivers/STM32U5xx_HAL_Driver/Src/stm32u5xx_ll_dma.c:698:10:LL_DMA_List_DeInit	16	static
../Drivers/STM32U5xx_HAL_Driver/Src/stm32u5xx_ll_dma.c:735:10:LL_DMA_List_Init	24	static
../Drivers/STM32U5xx_HAL_Driver/Src/stm32u5xx_ll_dma.c:776:6:LL_DMA_NodeStructInit	16	static
../Drivers/STM32U5xx_HAL_Driver/Src/stm32u5xx_ll_dma.c:833:10:LL_DMA_CreateLinkNode	24	static
../Drivers/STM32U5xx_HAL_Driver/Src/stm32u5xx_ll_dma.c:1145:6:LL_DMA_ConnectLinkNode	24	static
../Drivers/STM32U5xx_HAL_Driver/Src/stm32u5xx_ll_dma.c:1160:6:LL_DMA_DisconnectNextLinkNode	16	static
