../Drivers/STM32U5xx_HAL_Driver/Src/stm32u5xx_hal_rcc_ex.c:418:19:HAL_RCCEx_PeriphCLKConfig	264	static
../Drivers/STM32U5xx_HAL_Driver/Src/stm32u5xx_hal_rcc_ex.c:1257:6:HAL_RCCEx_GetPeriphCLKConfig	16	static
../Drivers/STM32U5xx_HAL_Driver/Src/stm32u5xx_hal_rcc_ex.c:1459:6:HAL_RCCEx_GetPLL1ClockFreq	40	static
../Drivers/STM32U5xx_HAL_Driver/Src/stm32u5xx_hal_rcc_ex.c:1556:6:HAL_RCCEx_GetPLL2ClockFreq	40	static
../Drivers/STM32U5xx_HAL_Driver/Src/stm32u5xx_hal_rcc_ex.c:1652:6:HAL_RCCEx_GetPLL3ClockFreq	40	static
../Drivers/STM32U5xx_HAL_Driver/Src/stm32u5xx_hal_rcc_ex.c:1772:10:HAL_RCCEx_GetPeriphCLKFreq	64	static
../Drivers/STM32U5xx_HAL_Driver/Src/stm32u5xx_hal_rcc_ex.c:2892:19:HAL_RCCEx_EnablePLL2	24	static
../Drivers/STM32U5xx_HAL_Driver/Src/stm32u5xx_hal_rcc_ex.c:2974:19:HAL_RCCEx_DisablePLL2	16	static
../Drivers/STM32U5xx_HAL_Driver/Src/stm32u5xx_hal_rcc_ex.c:3008:19:HAL_RCCEx_EnablePLL3	24	static
../Drivers/STM32U5xx_HAL_Driver/Src/stm32u5xx_hal_rcc_ex.c:3088:19:HAL_RCCEx_DisablePLL3	16	static
../Drivers/STM32U5xx_HAL_Driver/Src/stm32u5xx_hal_rcc_ex.c:3127:19:HAL_RCCEx_EnableMSIPLLModeSelection	24	static
../Drivers/STM32U5xx_HAL_Driver/Src/stm32u5xx_hal_rcc_ex.c:3156:19:HAL_RCCEx_EnableMSIPLLFastStartup	16	static
../Drivers/STM32U5xx_HAL_Driver/Src/stm32u5xx_hal_rcc_ex.c:3175:19:HAL_RCCEx_DisableMSIPLLFastStartup	16	static
../Drivers/STM32U5xx_HAL_Driver/Src/stm32u5xx_hal_rcc_ex.c:3198:6:HAL_RCCEx_WakeUpStopCLKConfig	16	static
../Drivers/STM32U5xx_HAL_Driver/Src/stm32u5xx_hal_rcc_ex.c:3213:6:HAL_RCCEx_KerWakeUpStopCLKConfig	16	static
../Drivers/STM32U5xx_HAL_Driver/Src/stm32u5xx_hal_rcc_ex.c:3232:6:HAL_RCCEx_StandbyMSIRangeConfig	16	static
../Drivers/STM32U5xx_HAL_Driver/Src/stm32u5xx_hal_rcc_ex.c:3246:6:HAL_RCCEx_EnableLSECSS	4	static
../Drivers/STM32U5xx_HAL_Driver/Src/stm32u5xx_hal_rcc_ex.c:3256:6:HAL_RCCEx_DisableLSECSS	4	static
../Drivers/STM32U5xx_HAL_Driver/Src/stm32u5xx_hal_rcc_ex.c:3265:6:HAL_RCCEx_LSECSS_IRQHandler	8	static
../Drivers/STM32U5xx_HAL_Driver/Src/stm32u5xx_hal_rcc_ex.c:3278:13:HAL_RCCEx_LSECSS_Callback	4	static
../Drivers/STM32U5xx_HAL_Driver/Src/stm32u5xx_hal_rcc_ex.c:3293:6:HAL_RCCEx_EnableLSCO	48	static
../Drivers/STM32U5xx_HAL_Driver/Src/stm32u5xx_hal_rcc_ex.c:3340:6:HAL_RCCEx_DisableLSCO	16	static
../Drivers/STM32U5xx_HAL_Driver/Src/stm32u5xx_hal_rcc_ex.c:3378:6:HAL_RCCEx_EnableMSIPLLMode	4	static
../Drivers/STM32U5xx_HAL_Driver/Src/stm32u5xx_hal_rcc_ex.c:3388:6:HAL_RCCEx_DisableMSIPLLMode	4	static
../Drivers/STM32U5xx_HAL_Driver/Src/stm32u5xx_hal_rcc_ex.c:3467:6:HAL_RCCEx_CRSConfig	24	static
../Drivers/STM32U5xx_HAL_Driver/Src/stm32u5xx_hal_rcc_ex.c:3509:6:HAL_RCCEx_CRSSoftwareSynchronizationGenerate	4	static
../Drivers/STM32U5xx_HAL_Driver/Src/stm32u5xx_hal_rcc_ex.c:3519:6:HAL_RCCEx_CRSGetSynchronizationInfo	16	static
../Drivers/STM32U5xx_HAL_Driver/Src/stm32u5xx_hal_rcc_ex.c:3552:10:HAL_RCCEx_CRSWaitSynchronization	24	static
../Drivers/STM32U5xx_HAL_Driver/Src/stm32u5xx_hal_rcc_ex.c:3635:6:HAL_RCCEx_CRS_IRQHandler	24	static
../Drivers/STM32U5xx_HAL_Driver/Src/stm32u5xx_hal_rcc_ex.c:3700:13:HAL_RCCEx_CRS_SyncOkCallback	4	static
../Drivers/STM32U5xx_HAL_Driver/Src/stm32u5xx_hal_rcc_ex.c:3711:13:HAL_RCCEx_CRS_SyncWarnCallback	4	static
../Drivers/STM32U5xx_HAL_Driver/Src/stm32u5xx_hal_rcc_ex.c:3722:13:HAL_RCCEx_CRS_ExpectedSyncCallback	4	static
../Drivers/STM32U5xx_HAL_Driver/Src/stm32u5xx_hal_rcc_ex.c:3738:13:HAL_RCCEx_CRS_ErrorCallback	16	static
../Drivers/STM32U5xx_HAL_Driver/Src/stm32u5xx_hal_rcc_ex.c:3771:26:RCCEx_PLLSource_Enable	24	static
../Drivers/STM32U5xx_HAL_Driver/Src/stm32u5xx_hal_rcc_ex.c:3860:26:RCCEx_PLL2_Config	24	static
../Drivers/STM32U5xx_HAL_Driver/Src/stm32u5xx_hal_rcc_ex.c:3934:26:RCCEx_PLL3_Config	24	static
