../Drivers/STM32U5xx_HAL_Driver/Src/stm32u5xx_hal_rcc.c:358:19:HAL_RCC_DeInit	16	static
../Drivers/STM32U5xx_HAL_Driver/Src/stm32u5xx_hal_rcc.c:540:19:HAL_RCC_OscConfig	64	static
../Drivers/STM32U5xx_HAL_Driver/Src/stm32u5xx_hal_rcc.c:1342:19:HAL_RCC_ClockConfig	32	static
../Drivers/STM32U5xx_HAL_Driver/Src/stm32u5xx_hal_rcc.c:1647:6:HAL_RCC_MCOConfig	48	static
../Drivers/STM32U5xx_HAL_Driver/Src/stm32u5xx_hal_rcc.c:1696:10:HAL_RCC_GetSysClockFreq	48	static
../Drivers/STM32U5xx_HAL_Driver/Src/stm32u5xx_hal_rcc.c:1805:10:HAL_RCC_GetHCLKFreq	8	static
../Drivers/STM32U5xx_HAL_Driver/Src/stm32u5xx_hal_rcc.c:1817:10:HAL_RCC_GetPCLK1Freq	8	static
../Drivers/STM32U5xx_HAL_Driver/Src/stm32u5xx_hal_rcc.c:1829:10:HAL_RCC_GetPCLK2Freq	8	static
../Drivers/STM32U5xx_HAL_Driver/Src/stm32u5xx_hal_rcc.c:1841:10:HAL_RCC_GetPCLK3Freq	8	static
../Drivers/STM32U5xx_HAL_Driver/Src/stm32u5xx_hal_rcc.c:1853:6:HAL_RCC_GetOscConfig	16	static
../Drivers/STM32U5xx_HAL_Driver/Src/stm32u5xx_hal_rcc.c:1988:6:HAL_RCC_GetClockConfig	16	static
../Drivers/STM32U5xx_HAL_Driver/Src/stm32u5xx_hal_rcc.c:2023:10:HAL_RCC_GetResetSource	16	static
../Drivers/STM32U5xx_HAL_Driver/Src/stm32u5xx_hal_rcc.c:2046:6:HAL_RCC_EnableCSS	4	static
../Drivers/STM32U5xx_HAL_Driver/Src/stm32u5xx_hal_rcc.c:2056:6:HAL_RCC_NMI_IRQHandler	8	static
../Drivers/STM32U5xx_HAL_Driver/Src/stm32u5xx_hal_rcc.c:2073:13:HAL_RCC_CSSCallback	4	static
../Drivers/STM32U5xx_HAL_Driver/Src/stm32u5xx_hal_rcc.c:2102:6:HAL_RCC_ConfigAttributes	16	static
../Drivers/STM32U5xx_HAL_Driver/Src/stm32u5xx_hal_rcc.c:2159:19:HAL_RCC_GetConfigAttributes	24	static
../Drivers/STM32U5xx_HAL_Driver/Src/stm32u5xx_hal_rcc.c:2209:26:RCC_SetFlashLatencyFromMSIRange	32	static
