../Drivers/STM32U5xx_HAL_Driver/Inc/stm32u5xx_ll_adc.h:3141:22:LL_ADC_SetCommonClock	16	static
../Drivers/STM32U5xx_HAL_Driver/Inc/stm32u5xx_ll_adc.h:3277:22:LL_ADC_SetCommonPathInternalCh	16	static
../Drivers/STM32U5xx_HAL_Driver/Inc/stm32u5xx_ll_adc.h:3299:26:LL_ADC_GetCommonPathInternalCh	16	static
../Drivers/STM32U5xx_HAL_Driver/Inc/stm32u5xx_ll_adc.h:3774:22:LL_ADC_SetOffset	32	static
../Drivers/STM32U5xx_HAL_Driver/Inc/stm32u5xx_ll_adc.h:3903:22:LL_ADC_SetOffsetSign	32	static
../Drivers/STM32U5xx_HAL_Driver/Inc/stm32u5xx_ll_adc.h:3952:22:LL_ADC_SetOffsetSignedSaturation	32	static
../Drivers/STM32U5xx_HAL_Driver/Inc/stm32u5xx_ll_adc.h:4050:22:LL_ADC_SetGainCompensation	16	static
../Drivers/STM32U5xx_HAL_Driver/Inc/stm32u5xx_ll_adc.h:4120:22:LL_ADC_SetSamplingTimeCommonChannels	24	static
../Drivers/STM32U5xx_HAL_Driver/Inc/stm32u5xx_ll_adc.h:4299:26:LL_ADC_REG_IsTriggerSourceSWStart	16	static
../Drivers/STM32U5xx_HAL_Driver/Inc/stm32u5xx_ll_adc.h:4826:22:LL_ADC_REG_SetSequencerRanks	40	static,ignoring_inline_asm
../Drivers/STM32U5xx_HAL_Driver/Inc/stm32u5xx_ll_adc.h:5165:22:LL_ADC_REG_SetSequencerChAdd	32	static,ignoring_inline_asm
../Drivers/STM32U5xx_HAL_Driver/Inc/stm32u5xx_ll_adc.h:5249:22:LL_ADC_REG_SetSequencerChRem	16	static
../Drivers/STM32U5xx_HAL_Driver/Inc/stm32u5xx_ll_adc.h:5688:26:LL_ADC_REG_GetDMATransfer	16	static
../Drivers/STM32U5xx_HAL_Driver/Inc/stm32u5xx_ll_adc.h:5851:26:LL_ADC_INJ_IsTriggerSourceSWStart	16	static
../Drivers/STM32U5xx_HAL_Driver/Inc/stm32u5xx_ll_adc.h:6504:22:LL_ADC_SetChannelSamplingTime	56	static,ignoring_inline_asm
../Drivers/STM32U5xx_HAL_Driver/Inc/stm32u5xx_ll_adc.h:6692:22:LL_ADC_SetChannelSingleDiff	24	static
../Drivers/STM32U5xx_HAL_Driver/Inc/stm32u5xx_ll_adc.h:6886:22:LL_ADC_SetAnalogWDMonitChannels	32	static
../Drivers/STM32U5xx_HAL_Driver/Inc/stm32u5xx_ll_adc.h:7343:22:LL_ADC_ConfigAnalogWDThresholds	32	static
../Drivers/STM32U5xx_HAL_Driver/Inc/stm32u5xx_ll_adc.h:7414:22:LL_ADC_SetAWDFilteringConfiguration	24	static
../Drivers/STM32U5xx_HAL_Driver/Inc/stm32u5xx_ll_adc.h:7943:22:LL_ADC_DisableDeepPowerDown	16	static
../Drivers/STM32U5xx_HAL_Driver/Inc/stm32u5xx_ll_adc.h:7957:26:LL_ADC_IsDeepPowerDownEnabled	16	static
../Drivers/STM32U5xx_HAL_Driver/Inc/stm32u5xx_ll_adc.h:7976:22:LL_ADC_EnableInternalRegulator	16	static
../Drivers/STM32U5xx_HAL_Driver/Inc/stm32u5xx_ll_adc.h:8004:26:LL_ADC_IsInternalRegulatorEnabled	16	static
../Drivers/STM32U5xx_HAL_Driver/Inc/stm32u5xx_ll_adc.h:8025:22:LL_ADC_Enable	16	static
../Drivers/STM32U5xx_HAL_Driver/Inc/stm32u5xx_ll_adc.h:8043:22:LL_ADC_Disable	16	static
../Drivers/STM32U5xx_HAL_Driver/Inc/stm32u5xx_ll_adc.h:8060:26:LL_ADC_IsEnabled	16	static
../Drivers/STM32U5xx_HAL_Driver/Inc/stm32u5xx_ll_adc.h:8071:26:LL_ADC_IsDisableOngoing	16	static
../Drivers/STM32U5xx_HAL_Driver/Inc/stm32u5xx_ll_adc.h:8160:22:LL_ADC_REG_StartConversion	16	static
../Drivers/STM32U5xx_HAL_Driver/Inc/stm32u5xx_ll_adc.h:8178:22:LL_ADC_REG_StopConversion	16	static
../Drivers/STM32U5xx_HAL_Driver/Inc/stm32u5xx_ll_adc.h:8194:26:LL_ADC_REG_IsConversionOngoing	16	static
../Drivers/STM32U5xx_HAL_Driver/Inc/stm32u5xx_ll_adc.h:8370:22:LL_ADC_INJ_StopConversion	16	static
../Drivers/STM32U5xx_HAL_Driver/Inc/stm32u5xx_ll_adc.h:8384:26:LL_ADC_INJ_IsConversionOngoing	16	static
../Drivers/STM32U5xx_HAL_Driver/Inc/stm32u5xx_ll_adc.h:8762:22:LL_ADC_ClearFlag_AWD1	16	static
../Drivers/STM32U5xx_HAL_Driver/Inc/stm32u5xx_ll_adc.h:8773:22:LL_ADC_ClearFlag_AWD2	16	static
../Drivers/STM32U5xx_HAL_Driver/Inc/stm32u5xx_ll_adc.h:8784:22:LL_ADC_ClearFlag_AWD3	16	static
../Drivers/STM32U5xx_HAL_Driver/Inc/stm32u5xx_ll_adc.h:8881:22:LL_ADC_EnableIT_AWD1	16	static
../Drivers/STM32U5xx_HAL_Driver/Inc/stm32u5xx_ll_adc.h:8892:22:LL_ADC_EnableIT_AWD2	16	static
../Drivers/STM32U5xx_HAL_Driver/Inc/stm32u5xx_ll_adc.h:8903:22:LL_ADC_EnableIT_AWD3	16	static
../Drivers/STM32U5xx_HAL_Driver/Inc/stm32u5xx_ll_adc.h:9002:22:LL_ADC_DisableIT_AWD1	16	static
../Drivers/STM32U5xx_HAL_Driver/Inc/stm32u5xx_ll_adc.h:9013:22:LL_ADC_DisableIT_AWD2	16	static
../Drivers/STM32U5xx_HAL_Driver/Inc/stm32u5xx_ll_adc.h:9024:22:LL_ADC_DisableIT_AWD3	16	static
../Drivers/STM32U5xx_HAL_Driver/Src/stm32u5xx_hal_adc.c:406:19:HAL_ADC_Init	48	static
../Drivers/STM32U5xx_HAL_Driver/Src/stm32u5xx_hal_adc.c:967:19:HAL_ADC_DeInit	24	static
../Drivers/STM32U5xx_HAL_Driver/Src/stm32u5xx_hal_adc.c:1227:13:HAL_ADC_MspInit	16	static
../Drivers/STM32U5xx_HAL_Driver/Src/stm32u5xx_hal_adc.c:1244:13:HAL_ADC_MspDeInit	16	static
../Drivers/STM32U5xx_HAL_Driver/Src/stm32u5xx_hal_adc.c:1516:19:HAL_ADC_Start	24	static
../Drivers/STM32U5xx_HAL_Driver/Src/stm32u5xx_hal_adc.c:1660:19:HAL_ADC_Stop	24	static
../Drivers/STM32U5xx_HAL_Driver/Src/stm32u5xx_hal_adc.c:1711:19:HAL_ADC_PollForConversion	32	static
../Drivers/STM32U5xx_HAL_Driver/Src/stm32u5xx_hal_adc.c:1953:19:HAL_ADC_PollForEvent	32	static
../Drivers/STM32U5xx_HAL_Driver/Src/stm32u5xx_hal_adc.c:2088:19:HAL_ADC_Start_IT	24	static
../Drivers/STM32U5xx_HAL_Driver/Src/stm32u5xx_hal_adc.c:2294:19:HAL_ADC_Stop_IT	24	static
../Drivers/STM32U5xx_HAL_Driver/Src/stm32u5xx_hal_adc.c:2344:19:HAL_ADC_Start_DMA	144	static
../Drivers/STM32U5xx_HAL_Driver/Src/stm32u5xx_hal_adc.c:2551:19:HAL_ADC_Stop_DMA	24	static
../Drivers/STM32U5xx_HAL_Driver/Src/stm32u5xx_hal_adc.c:2646:10:HAL_ADC_GetValue	16	static
../Drivers/STM32U5xx_HAL_Driver/Src/stm32u5xx_hal_adc.c:2663:6:HAL_ADC_IRQHandler	40	static
../Drivers/STM32U5xx_HAL_Driver/Src/stm32u5xx_hal_adc.c:3067:13:HAL_ADC_ConvCpltCallback	16	static
../Drivers/STM32U5xx_HAL_Driver/Src/stm32u5xx_hal_adc.c:3082:13:HAL_ADC_ConvHalfCpltCallback	16	static
../Drivers/STM32U5xx_HAL_Driver/Src/stm32u5xx_hal_adc.c:3097:13:HAL_ADC_LevelOutOfWindowCallback	16	static
../Drivers/STM32U5xx_HAL_Driver/Src/stm32u5xx_hal_adc.c:3119:13:HAL_ADC_ErrorCallback	16	static
../Drivers/STM32U5xx_HAL_Driver/Src/stm32u5xx_hal_adc.c:3165:19:HAL_ADC_ConfigChannel	152	static,ignoring_inline_asm
../Drivers/STM32U5xx_HAL_Driver/Src/stm32u5xx_hal_adc.c:3661:19:HAL_ADC_AnalogWDGConfig	64	static,ignoring_inline_asm
../Drivers/STM32U5xx_HAL_Driver/Src/stm32u5xx_hal_adc.c:3954:10:HAL_ADC_GetState	16	static
../Drivers/STM32U5xx_HAL_Driver/Src/stm32u5xx_hal_adc.c:3968:10:HAL_ADC_GetError	16	static
../Drivers/STM32U5xx_HAL_Driver/Src/stm32u5xx_hal_adc.c:3998:19:ADC_ConversionStop	40	static
../Drivers/STM32U5xx_HAL_Driver/Src/stm32u5xx_hal_adc.c:4126:19:ADC_Enable	24	static
../Drivers/STM32U5xx_HAL_Driver/Src/stm32u5xx_hal_adc.c:4210:19:ADC_Disable	24	static
../Drivers/STM32U5xx_HAL_Driver/Src/stm32u5xx_hal_adc.c:4271:6:ADC_DMAConvCplt	24	static
../Drivers/STM32U5xx_HAL_Driver/Src/stm32u5xx_hal_adc.c:4349:6:ADC_DMAHalfConvCplt	24	static
../Drivers/STM32U5xx_HAL_Driver/Src/stm32u5xx_hal_adc.c:4367:6:ADC_DMAError	24	static
