../Drivers/STM32U5xx_HAL_Driver/Src/stm32u5xx_hal_tim.c:281:19:HAL_TIM_Base_Init	16	static
../Drivers/STM32U5xx_HAL_Driver/Src/stm32u5xx_hal_tim.c:341:19:HAL_TIM_Base_DeInit	16	static
../Drivers/STM32U5xx_HAL_Driver/Src/stm32u5xx_hal_tim.c:384:13:HAL_TIM_Base_MspInit	16	static
../Drivers/STM32U5xx_HAL_Driver/Src/stm32u5xx_hal_tim.c:399:13:HAL_TIM_Base_MspDeInit	16	static
../Drivers/STM32U5xx_HAL_Driver/Src/stm32u5xx_hal_tim.c:415:19:HAL_TIM_Base_Start	24	static
../Drivers/STM32U5xx_HAL_Driver/Src/stm32u5xx_hal_tim.c:454:19:HAL_TIM_Base_Stop	16	static
../Drivers/STM32U5xx_HAL_Driver/Src/stm32u5xx_hal_tim.c:474:19:HAL_TIM_Base_Start_IT	24	static
../Drivers/STM32U5xx_HAL_Driver/Src/stm32u5xx_hal_tim.c:516:19:HAL_TIM_Base_Stop_IT	16	static
../Drivers/STM32U5xx_HAL_Driver/Src/stm32u5xx_hal_tim.c:541:19:HAL_TIM_Base_Start_DMA	32	static
../Drivers/STM32U5xx_HAL_Driver/Src/stm32u5xx_hal_tim.c:610:19:HAL_TIM_Base_Stop_DMA	16	static
../Drivers/STM32U5xx_HAL_Driver/Src/stm32u5xx_hal_tim.c:665:19:HAL_TIM_OC_Init	16	static
../Drivers/STM32U5xx_HAL_Driver/Src/stm32u5xx_hal_tim.c:725:19:HAL_TIM_OC_DeInit	16	static
../Drivers/STM32U5xx_HAL_Driver/Src/stm32u5xx_hal_tim.c:768:13:HAL_TIM_OC_MspInit	16	static
../Drivers/STM32U5xx_HAL_Driver/Src/stm32u5xx_hal_tim.c:783:13:HAL_TIM_OC_MspDeInit	16	static
../Drivers/STM32U5xx_HAL_Driver/Src/stm32u5xx_hal_tim.c:806:19:HAL_TIM_OC_Start	24	static
../Drivers/STM32U5xx_HAL_Driver/Src/stm32u5xx_hal_tim.c:862:19:HAL_TIM_OC_Stop	16	static
../Drivers/STM32U5xx_HAL_Driver/Src/stm32u5xx_hal_tim.c:897:19:HAL_TIM_OC_Start_IT	24	static
../Drivers/STM32U5xx_HAL_Driver/Src/stm32u5xx_hal_tim.c:990:19:HAL_TIM_OC_Stop_IT	24	static
../Drivers/STM32U5xx_HAL_Driver/Src/stm32u5xx_hal_tim.c:1067:19:HAL_TIM_OC_Start_DMA	32	static
../Drivers/STM32U5xx_HAL_Driver/Src/stm32u5xx_hal_tim.c:1230:19:HAL_TIM_OC_Stop_DMA	24	static
../Drivers/STM32U5xx_HAL_Driver/Src/stm32u5xx_hal_tim.c:1333:19:HAL_TIM_PWM_Init	16	static
../Drivers/STM32U5xx_HAL_Driver/Src/stm32u5xx_hal_tim.c:1393:19:HAL_TIM_PWM_DeInit	16	static
../Drivers/STM32U5xx_HAL_Driver/Src/stm32u5xx_hal_tim.c:1436:13:HAL_TIM_PWM_MspInit	16	static
../Drivers/STM32U5xx_HAL_Driver/Src/stm32u5xx_hal_tim.c:1451:13:HAL_TIM_PWM_MspDeInit	16	static
../Drivers/STM32U5xx_HAL_Driver/Src/stm32u5xx_hal_tim.c:1474:19:HAL_TIM_PWM_Start	24	static
../Drivers/STM32U5xx_HAL_Driver/Src/stm32u5xx_hal_tim.c:1530:19:HAL_TIM_PWM_Stop	16	static
../Drivers/STM32U5xx_HAL_Driver/Src/stm32u5xx_hal_tim.c:1565:19:HAL_TIM_PWM_Start_IT	24	static
../Drivers/STM32U5xx_HAL_Driver/Src/stm32u5xx_hal_tim.c:1658:19:HAL_TIM_PWM_Stop_IT	24	static
../Drivers/STM32U5xx_HAL_Driver/Src/stm32u5xx_hal_tim.c:1735:19:HAL_TIM_PWM_Start_DMA	32	static
../Drivers/STM32U5xx_HAL_Driver/Src/stm32u5xx_hal_tim.c:1897:19:HAL_TIM_PWM_Stop_DMA	24	static
../Drivers/STM32U5xx_HAL_Driver/Src/stm32u5xx_hal_tim.c:2000:19:HAL_TIM_IC_Init	16	static
../Drivers/STM32U5xx_HAL_Driver/Src/stm32u5xx_hal_tim.c:2060:19:HAL_TIM_IC_DeInit	16	static
../Drivers/STM32U5xx_HAL_Driver/Src/stm32u5xx_hal_tim.c:2103:13:HAL_TIM_IC_MspInit	16	static
../Drivers/STM32U5xx_HAL_Driver/Src/stm32u5xx_hal_tim.c:2118:13:HAL_TIM_IC_MspDeInit	16	static
../Drivers/STM32U5xx_HAL_Driver/Src/stm32u5xx_hal_tim.c:2139:19:HAL_TIM_IC_Start	24	static
../Drivers/STM32U5xx_HAL_Driver/Src/stm32u5xx_hal_tim.c:2191:19:HAL_TIM_IC_Stop	16	static
../Drivers/STM32U5xx_HAL_Driver/Src/stm32u5xx_hal_tim.c:2221:19:HAL_TIM_IC_Start_IT	24	static
../Drivers/STM32U5xx_HAL_Driver/Src/stm32u5xx_hal_tim.c:2313:19:HAL_TIM_IC_Stop_IT	24	static
../Drivers/STM32U5xx_HAL_Driver/Src/stm32u5xx_hal_tim.c:2385:19:HAL_TIM_IC_Start_DMA	32	static
../Drivers/STM32U5xx_HAL_Driver/Src/stm32u5xx_hal_tim.c:2544:19:HAL_TIM_IC_Stop_DMA	24	static
../Drivers/STM32U5xx_HAL_Driver/Src/stm32u5xx_hal_tim.c:2649:19:HAL_TIM_OnePulse_Init	16	static
../Drivers/STM32U5xx_HAL_Driver/Src/stm32u5xx_hal_tim.c:2718:19:HAL_TIM_OnePulse_DeInit	16	static
../Drivers/STM32U5xx_HAL_Driver/Src/stm32u5xx_hal_tim.c:2763:13:HAL_TIM_OnePulse_MspInit	16	static
../Drivers/STM32U5xx_HAL_Driver/Src/stm32u5xx_hal_tim.c:2778:13:HAL_TIM_OnePulse_MspDeInit	16	static
../Drivers/STM32U5xx_HAL_Driver/Src/stm32u5xx_hal_tim.c:2798:19:HAL_TIM_OnePulse_Start	24	static
../Drivers/STM32U5xx_HAL_Driver/Src/stm32u5xx_hal_tim.c:2855:19:HAL_TIM_OnePulse_Stop	16	static
../Drivers/STM32U5xx_HAL_Driver/Src/stm32u5xx_hal_tim.c:2898:19:HAL_TIM_OnePulse_Start_IT	24	static
../Drivers/STM32U5xx_HAL_Driver/Src/stm32u5xx_hal_tim.c:2961:19:HAL_TIM_OnePulse_Stop_IT	16	static
../Drivers/STM32U5xx_HAL_Driver/Src/stm32u5xx_hal_tim.c:3040:19:HAL_TIM_Encoder_Init	32	static
../Drivers/STM32U5xx_HAL_Driver/Src/stm32u5xx_hal_tim.c:3155:19:HAL_TIM_Encoder_DeInit	16	static
../Drivers/STM32U5xx_HAL_Driver/Src/stm32u5xx_hal_tim.c:3200:13:HAL_TIM_Encoder_MspInit	16	static
../Drivers/STM32U5xx_HAL_Driver/Src/stm32u5xx_hal_tim.c:3215:13:HAL_TIM_Encoder_MspDeInit	16	static
../Drivers/STM32U5xx_HAL_Driver/Src/stm32u5xx_hal_tim.c:3235:19:HAL_TIM_Encoder_Start	24	static
../Drivers/STM32U5xx_HAL_Driver/Src/stm32u5xx_hal_tim.c:3329:19:HAL_TIM_Encoder_Stop	16	static
../Drivers/STM32U5xx_HAL_Driver/Src/stm32u5xx_hal_tim.c:3389:19:HAL_TIM_Encoder_Start_IT	24	static
../Drivers/STM32U5xx_HAL_Driver/Src/stm32u5xx_hal_tim.c:3489:19:HAL_TIM_Encoder_Stop_IT	16	static
../Drivers/STM32U5xx_HAL_Driver/Src/stm32u5xx_hal_tim.c:3554:19:HAL_TIM_Encoder_Start_DMA	32	static
../Drivers/STM32U5xx_HAL_Driver/Src/stm32u5xx_hal_tim.c:3767:19:HAL_TIM_Encoder_Stop_DMA	16	static
../Drivers/STM32U5xx_HAL_Driver/Src/stm32u5xx_hal_tim.c:3844:6:HAL_TIM_IRQHandler	16	static
../Drivers/STM32U5xx_HAL_Driver/Src/stm32u5xx_hal_tim.c:4126:19:HAL_TIM_OC_ConfigChannel	32	static
../Drivers/STM32U5xx_HAL_Driver/Src/stm32u5xx_hal_tim.c:4225:19:HAL_TIM_IC_ConfigChannel	32	static
../Drivers/STM32U5xx_HAL_Driver/Src/stm32u5xx_hal_tim.c:4326:19:HAL_TIM_PWM_ConfigChannel	32	static
../Drivers/STM32U5xx_HAL_Driver/Src/stm32u5xx_hal_tim.c:4474:19:HAL_TIM_OnePulse_ConfigChannel	56	static
../Drivers/STM32U5xx_HAL_Driver/Src/stm32u5xx_hal_tim.c:4631:19:HAL_TIM_DMABurst_WriteStart	48	static
../Drivers/STM32U5xx_HAL_Driver/Src/stm32u5xx_hal_tim.c:4777:19:HAL_TIM_DMABurst_MultiWriteStart	32	static
../Drivers/STM32U5xx_HAL_Driver/Src/stm32u5xx_hal_tim.c:4976:19:HAL_TIM_DMABurst_WriteStop	24	static
../Drivers/STM32U5xx_HAL_Driver/Src/stm32u5xx_hal_tim.c:5086:19:HAL_TIM_DMABurst_ReadStart	48	static
../Drivers/STM32U5xx_HAL_Driver/Src/stm32u5xx_hal_tim.c:5232:19:HAL_TIM_DMABurst_MultiReadStart	32	static
../Drivers/STM32U5xx_HAL_Driver/Src/stm32u5xx_hal_tim.c:5431:19:HAL_TIM_DMABurst_ReadStop	24	static
../Drivers/STM32U5xx_HAL_Driver/Src/stm32u5xx_hal_tim.c:5515:19:HAL_TIM_GenerateEvent	16	static
../Drivers/STM32U5xx_HAL_Driver/Src/stm32u5xx_hal_tim.c:5554:19:HAL_TIM_ConfigOCrefClear	32	static
../Drivers/STM32U5xx_HAL_Driver/Src/stm32u5xx_hal_tim.c:5729:19:HAL_TIM_ConfigClockSource	24	static
../Drivers/STM32U5xx_HAL_Driver/Src/stm32u5xx_hal_tim.c:5889:19:HAL_TIM_ConfigTI1Input	24	static
../Drivers/STM32U5xx_HAL_Driver/Src/stm32u5xx_hal_tim.c:5921:19:HAL_TIM_SlaveConfigSynchro	16	static
../Drivers/STM32U5xx_HAL_Driver/Src/stm32u5xx_hal_tim.c:5961:19:HAL_TIM_SlaveConfigSynchro_IT	16	static
../Drivers/STM32U5xx_HAL_Driver/Src/stm32u5xx_hal_tim.c:6004:10:HAL_TIM_ReadCapturedValue	24	static
../Drivers/STM32U5xx_HAL_Driver/Src/stm32u5xx_hal_tim.c:6068:19:TIM_DMA_Start_IT	32	static
../Drivers/STM32U5xx_HAL_Driver/Src/stm32u5xx_hal_tim.c:6130:13:HAL_TIM_PeriodElapsedCallback	16	static
../Drivers/STM32U5xx_HAL_Driver/Src/stm32u5xx_hal_tim.c:6145:13:HAL_TIM_PeriodElapsedHalfCpltCallback	16	static
../Drivers/STM32U5xx_HAL_Driver/Src/stm32u5xx_hal_tim.c:6160:13:HAL_TIM_OC_DelayElapsedCallback	16	static
../Drivers/STM32U5xx_HAL_Driver/Src/stm32u5xx_hal_tim.c:6175:13:HAL_TIM_IC_CaptureCallback	16	static
../Drivers/STM32U5xx_HAL_Driver/Src/stm32u5xx_hal_tim.c:6190:13:HAL_TIM_IC_CaptureHalfCpltCallback	16	static
../Drivers/STM32U5xx_HAL_Driver/Src/stm32u5xx_hal_tim.c:6205:13:HAL_TIM_PWM_PulseFinishedCallback	16	static
../Drivers/STM32U5xx_HAL_Driver/Src/stm32u5xx_hal_tim.c:6220:13:HAL_TIM_PWM_PulseFinishedHalfCpltCallback	16	static
../Drivers/STM32U5xx_HAL_Driver/Src/stm32u5xx_hal_tim.c:6235:13:HAL_TIM_TriggerCallback	16	static
../Drivers/STM32U5xx_HAL_Driver/Src/stm32u5xx_hal_tim.c:6250:13:HAL_TIM_TriggerHalfCpltCallback	16	static
../Drivers/STM32U5xx_HAL_Driver/Src/stm32u5xx_hal_tim.c:6265:13:HAL_TIM_ErrorCallback	16	static
../Drivers/STM32U5xx_HAL_Driver/Src/stm32u5xx_hal_tim.c:6878:22:HAL_TIM_Base_GetState	16	static
../Drivers/STM32U5xx_HAL_Driver/Src/stm32u5xx_hal_tim.c:6888:22:HAL_TIM_OC_GetState	16	static
../Drivers/STM32U5xx_HAL_Driver/Src/stm32u5xx_hal_tim.c:6898:22:HAL_TIM_PWM_GetState	16	static
../Drivers/STM32U5xx_HAL_Driver/Src/stm32u5xx_hal_tim.c:6908:22:HAL_TIM_IC_GetState	16	static
../Drivers/STM32U5xx_HAL_Driver/Src/stm32u5xx_hal_tim.c:6918:22:HAL_TIM_OnePulse_GetState	16	static
../Drivers/STM32U5xx_HAL_Driver/Src/stm32u5xx_hal_tim.c:6928:22:HAL_TIM_Encoder_GetState	16	static
../Drivers/STM32U5xx_HAL_Driver/Src/stm32u5xx_hal_tim.c:6938:23:HAL_TIM_GetActiveChannel	16	static
../Drivers/STM32U5xx_HAL_Driver/Src/stm32u5xx_hal_tim.c:6956:29:HAL_TIM_GetChannelState	24	static
../Drivers/STM32U5xx_HAL_Driver/Src/stm32u5xx_hal_tim.c:6973:30:HAL_TIM_DMABurstState	16	static
../Drivers/STM32U5xx_HAL_Driver/Src/stm32u5xx_hal_tim.c:6998:6:TIM_DMAError	24	static
../Drivers/STM32U5xx_HAL_Driver/Src/stm32u5xx_hal_tim.c:7041:13:TIM_DMADelayPulseCplt	24	static
../Drivers/STM32U5xx_HAL_Driver/Src/stm32u5xx_hal_tim.c:7080:6:TIM_DMADelayPulseHalfCplt	24	static
../Drivers/STM32U5xx_HAL_Driver/Src/stm32u5xx_hal_tim.c:7119:6:TIM_DMACaptureCplt	24	static
../Drivers/STM32U5xx_HAL_Driver/Src/stm32u5xx_hal_tim.c:7158:6:TIM_DMACaptureHalfCplt	24	static
../Drivers/STM32U5xx_HAL_Driver/Src/stm32u5xx_hal_tim.c:7197:13:TIM_DMAPeriodElapsedCplt	24	static
../Drivers/STM32U5xx_HAL_Driver/Src/stm32u5xx_hal_tim.c:7213:13:TIM_DMAPeriodElapsedHalfCplt	24	static
../Drivers/STM32U5xx_HAL_Driver/Src/stm32u5xx_hal_tim.c:7229:13:TIM_DMATriggerCplt	24	static
../Drivers/STM32U5xx_HAL_Driver/Src/stm32u5xx_hal_tim.c:7245:13:TIM_DMATriggerHalfCplt	24	static
../Drivers/STM32U5xx_HAL_Driver/Src/stm32u5xx_hal_tim.c:7262:6:TIM_Base_SetConfig	24	static
../Drivers/STM32U5xx_HAL_Driver/Src/stm32u5xx_hal_tim.c:7310:13:TIM_OC1_SetConfig	32	static
../Drivers/STM32U5xx_HAL_Driver/Src/stm32u5xx_hal_tim.c:7385:6:TIM_OC2_SetConfig	32	static
../Drivers/STM32U5xx_HAL_Driver/Src/stm32u5xx_hal_tim.c:7461:13:TIM_OC3_SetConfig	32	static
../Drivers/STM32U5xx_HAL_Driver/Src/stm32u5xx_hal_tim.c:7535:13:TIM_OC4_SetConfig	32	static
../Drivers/STM32U5xx_HAL_Driver/Src/stm32u5xx_hal_tim.c:7612:13:TIM_OC5_SetConfig	32	static
../Drivers/STM32U5xx_HAL_Driver/Src/stm32u5xx_hal_tim.c:7665:13:TIM_OC6_SetConfig	32	static
../Drivers/STM32U5xx_HAL_Driver/Src/stm32u5xx_hal_tim.c:7719:26:TIM_SlaveTimer_SetConfig	32	static
../Drivers/STM32U5xx_HAL_Driver/Src/stm32u5xx_hal_tim.c:7860:6:TIM_TI1_SetConfig	32	static
../Drivers/STM32U5xx_HAL_Driver/Src/stm32u5xx_hal_tim.c:7907:13:TIM_TI1_ConfigInputStage	32	static
../Drivers/STM32U5xx_HAL_Driver/Src/stm32u5xx_hal_tim.c:7950:13:TIM_TI2_SetConfig	32	static
../Drivers/STM32U5xx_HAL_Driver/Src/stm32u5xx_hal_tim.c:7990:13:TIM_TI2_ConfigInputStage	32	static
../Drivers/STM32U5xx_HAL_Driver/Src/stm32u5xx_hal_tim.c:8033:13:TIM_TI3_SetConfig	32	static
../Drivers/STM32U5xx_HAL_Driver/Src/stm32u5xx_hal_tim.c:8081:13:TIM_TI4_SetConfig	32	static
../Drivers/STM32U5xx_HAL_Driver/Src/stm32u5xx_hal_tim.c:8130:13:TIM_ITRx_SetConfig	24	static
../Drivers/STM32U5xx_HAL_Driver/Src/stm32u5xx_hal_tim.c:8160:6:TIM_ETR_SetConfig	32	static
../Drivers/STM32U5xx_HAL_Driver/Src/stm32u5xx_hal_tim.c:8192:6:TIM_CCxChannelCmd	32	static
