../Drivers/STM32U5xx_HAL_Driver/Src/stm32u5xx_hal_pwr_ex.c:316:19:HAL_PWREx_ControlVoltageScaling	24	static
../Drivers/STM32U5xx_HAL_Driver/Src/stm32u5xx_hal_pwr_ex.c:378:10:HAL_PWREx_GetVoltageRange	4	static
../Drivers/STM32U5xx_HAL_Driver/Src/stm32u5xx_hal_pwr_ex.c:392:19:HAL_PWREx_ConfigSupply	24	static
../Drivers/STM32U5xx_HAL_Driver/Src/stm32u5xx_hal_pwr_ex.c:440:11:HAL_PWREx_GetSupplyConfig	4	static
../Drivers/STM32U5xx_HAL_Driver/Src/stm32u5xx_hal_pwr_ex.c:449:6:HAL_PWREx_EnableFastSoftStart	4	static
../Drivers/STM32U5xx_HAL_Driver/Src/stm32u5xx_hal_pwr_ex.c:458:6:HAL_PWREx_DisableFastSoftStart	4	static
../Drivers/STM32U5xx_HAL_Driver/Src/stm32u5xx_hal_pwr_ex.c:622:6:HAL_PWREx_EnterSTOP1Mode	16	static,ignoring_inline_asm
../Drivers/STM32U5xx_HAL_Driver/Src/stm32u5xx_hal_pwr_ex.c:671:6:HAL_PWREx_EnterSTOP2Mode	16	static,ignoring_inline_asm
../Drivers/STM32U5xx_HAL_Driver/Src/stm32u5xx_hal_pwr_ex.c:721:6:HAL_PWREx_EnterSTOP3Mode	16	static,ignoring_inline_asm
../Drivers/STM32U5xx_HAL_Driver/Src/stm32u5xx_hal_pwr_ex.c:762:6:HAL_PWREx_EnterSHUTDOWNMode	4	static,ignoring_inline_asm
../Drivers/STM32U5xx_HAL_Driver/Src/stm32u5xx_hal_pwr_ex.c:788:6:HAL_PWREx_ConfigSRDDomain	16	static
../Drivers/STM32U5xx_HAL_Driver/Src/stm32u5xx_hal_pwr_ex.c:804:6:HAL_PWREx_EnableUltraLowPowerMode	4	static
../Drivers/STM32U5xx_HAL_Driver/Src/stm32u5xx_hal_pwr_ex.c:813:6:HAL_PWREx_DisableUltraLowPowerMode	4	static
../Drivers/STM32U5xx_HAL_Driver/Src/stm32u5xx_hal_pwr_ex.c:825:6:HAL_PWREx_S3WU_IRQHandler	16	static
../Drivers/STM32U5xx_HAL_Driver/Src/stm32u5xx_hal_pwr_ex.c:938:13:HAL_PWREx_S3WUCallback	16	static
../Drivers/STM32U5xx_HAL_Driver/Src/stm32u5xx_hal_pwr_ex.c:1043:19:HAL_PWREx_ConfigPVM	16	static
../Drivers/STM32U5xx_HAL_Driver/Src/stm32u5xx_hal_pwr_ex.c:1208:6:HAL_PWREx_EnableVddUSB	4	static
../Drivers/STM32U5xx_HAL_Driver/Src/stm32u5xx_hal_pwr_ex.c:1217:6:HAL_PWREx_DisableVddUSB	4	static
../Drivers/STM32U5xx_HAL_Driver/Src/stm32u5xx_hal_pwr_ex.c:1228:6:HAL_PWREx_EnableVddIO2	4	static
../Drivers/STM32U5xx_HAL_Driver/Src/stm32u5xx_hal_pwr_ex.c:1237:6:HAL_PWREx_DisableVddIO2	4	static
../Drivers/STM32U5xx_HAL_Driver/Src/stm32u5xx_hal_pwr_ex.c:1248:6:HAL_PWREx_EnableVddA	4	static
../Drivers/STM32U5xx_HAL_Driver/Src/stm32u5xx_hal_pwr_ex.c:1257:6:HAL_PWREx_DisableVddA	4	static
../Drivers/STM32U5xx_HAL_Driver/Src/stm32u5xx_hal_pwr_ex.c:1266:6:HAL_PWREx_EnableUVM	4	static
../Drivers/STM32U5xx_HAL_Driver/Src/stm32u5xx_hal_pwr_ex.c:1275:6:HAL_PWREx_DisableUVM	4	static
../Drivers/STM32U5xx_HAL_Driver/Src/stm32u5xx_hal_pwr_ex.c:1284:6:HAL_PWREx_EnableIO2VM	4	static
../Drivers/STM32U5xx_HAL_Driver/Src/stm32u5xx_hal_pwr_ex.c:1293:6:HAL_PWREx_DisableIO2VM	4	static
../Drivers/STM32U5xx_HAL_Driver/Src/stm32u5xx_hal_pwr_ex.c:1302:6:HAL_PWREx_EnableAVM1	4	static
../Drivers/STM32U5xx_HAL_Driver/Src/stm32u5xx_hal_pwr_ex.c:1311:6:HAL_PWREx_DisableAVM1	4	static
../Drivers/STM32U5xx_HAL_Driver/Src/stm32u5xx_hal_pwr_ex.c:1320:6:HAL_PWREx_EnableAVM2	4	static
../Drivers/STM32U5xx_HAL_Driver/Src/stm32u5xx_hal_pwr_ex.c:1329:6:HAL_PWREx_DisableAVM2	4	static
../Drivers/STM32U5xx_HAL_Driver/Src/stm32u5xx_hal_pwr_ex.c:1338:6:HAL_PWREx_EnableMonitoring	4	static
../Drivers/STM32U5xx_HAL_Driver/Src/stm32u5xx_hal_pwr_ex.c:1347:6:HAL_PWREx_DisableMonitoring	4	static
../Drivers/STM32U5xx_HAL_Driver/Src/stm32u5xx_hal_pwr_ex.c:1391:6:HAL_PWREx_EnableUCPDStandbyMode	4	static
../Drivers/STM32U5xx_HAL_Driver/Src/stm32u5xx_hal_pwr_ex.c:1402:6:HAL_PWREx_DisableUCPDStandbyMode	4	static
../Drivers/STM32U5xx_HAL_Driver/Src/stm32u5xx_hal_pwr_ex.c:1416:6:HAL_PWREx_EnableUCPDDeadBattery	4	static
../Drivers/STM32U5xx_HAL_Driver/Src/stm32u5xx_hal_pwr_ex.c:1430:6:HAL_PWREx_DisableUCPDDeadBattery	4	static
../Drivers/STM32U5xx_HAL_Driver/Src/stm32u5xx_hal_pwr_ex.c:1445:6:HAL_PWREx_EnableBatteryCharging	16	static
../Drivers/STM32U5xx_HAL_Driver/Src/stm32u5xx_hal_pwr_ex.c:1461:6:HAL_PWREx_DisableBatteryCharging	4	static
../Drivers/STM32U5xx_HAL_Driver/Src/stm32u5xx_hal_pwr_ex.c:1471:6:HAL_PWREx_PVD_PVM_IRQHandler	16	static
../Drivers/STM32U5xx_HAL_Driver/Src/stm32u5xx_hal_pwr_ex.c:1540:13:HAL_PWREx_UVMCallback	4	static
../Drivers/STM32U5xx_HAL_Driver/Src/stm32u5xx_hal_pwr_ex.c:1551:13:HAL_PWREx_IO2VMCallback	4	static
../Drivers/STM32U5xx_HAL_Driver/Src/stm32u5xx_hal_pwr_ex.c:1562:13:HAL_PWREx_AVM1Callback	4	static
../Drivers/STM32U5xx_HAL_Driver/Src/stm32u5xx_hal_pwr_ex.c:1573:13:HAL_PWREx_AVM2Callback	4	static
../Drivers/STM32U5xx_HAL_Driver/Src/stm32u5xx_hal_pwr_ex.c:1638:6:HAL_PWREx_EnableSRAM2ContentStandbyRetention	16	static
../Drivers/STM32U5xx_HAL_Driver/Src/stm32u5xx_hal_pwr_ex.c:1658:6:HAL_PWREx_DisableSRAM2ContentStandbyRetention	16	static
../Drivers/STM32U5xx_HAL_Driver/Src/stm32u5xx_hal_pwr_ex.c:1676:6:HAL_PWREx_EnableRAMsContentStopRetention	24	static
../Drivers/STM32U5xx_HAL_Driver/Src/stm32u5xx_hal_pwr_ex.c:1891:6:HAL_PWREx_DisableRAMsContentStopRetention	24	static
../Drivers/STM32U5xx_HAL_Driver/Src/stm32u5xx_hal_pwr_ex.c:2108:6:HAL_PWREx_EnableRAMsContentRunRetention	16	static
../Drivers/STM32U5xx_HAL_Driver/Src/stm32u5xx_hal_pwr_ex.c:2129:6:HAL_PWREx_DisableRAMsContentRunRetention	16	static
../Drivers/STM32U5xx_HAL_Driver/Src/stm32u5xx_hal_pwr_ex.c:2147:19:HAL_PWREx_EnableBkupRAMRetention	8	static
../Drivers/STM32U5xx_HAL_Driver/Src/stm32u5xx_hal_pwr_ex.c:2173:6:HAL_PWREx_DisableBkupRAMRetention	4	static
../Drivers/STM32U5xx_HAL_Driver/Src/stm32u5xx_hal_pwr_ex.c:2187:6:HAL_PWREx_EnableFlashFastWakeUp	4	static
../Drivers/STM32U5xx_HAL_Driver/Src/stm32u5xx_hal_pwr_ex.c:2201:6:HAL_PWREx_DisableFlashFastWakeUp	4	static
../Drivers/STM32U5xx_HAL_Driver/Src/stm32u5xx_hal_pwr_ex.c:2214:6:HAL_PWREx_EnableSRAM4FastWakeUp	4	static
../Drivers/STM32U5xx_HAL_Driver/Src/stm32u5xx_hal_pwr_ex.c:2227:6:HAL_PWREx_DisableSRAM4FastWakeUp	4	static
../Drivers/STM32U5xx_HAL_Driver/Src/stm32u5xx_hal_pwr_ex.c:2274:6:HAL_PWREx_EnablePullUpPullDownConfig	4	static
../Drivers/STM32U5xx_HAL_Driver/Src/stm32u5xx_hal_pwr_ex.c:2286:6:HAL_PWREx_DisablePullUpPullDownConfig	4	static
../Drivers/STM32U5xx_HAL_Driver/Src/stm32u5xx_hal_pwr_ex.c:2312:19:HAL_PWREx_EnableGPIOPullUp	16	static
../Drivers/STM32U5xx_HAL_Driver/Src/stm32u5xx_hal_pwr_ex.c:2395:19:HAL_PWREx_DisableGPIOPullUp	16	static
../Drivers/STM32U5xx_HAL_Driver/Src/stm32u5xx_hal_pwr_ex.c:2475:19:HAL_PWREx_EnableGPIOPullDown	16	static
../Drivers/STM32U5xx_HAL_Driver/Src/stm32u5xx_hal_pwr_ex.c:2558:19:HAL_PWREx_DisableGPIOPullDown	16	static
