../Drivers/STM32U5xx_HAL_Driver/Inc/stm32u5xx_ll_adc.h:3277:22:LL_ADC_SetCommonPathInternalCh	16	static
../Drivers/STM32U5xx_HAL_Driver/Inc/stm32u5xx_ll_adc.h:3299:26:LL_ADC_GetCommonPathInternalCh	16	static
../Drivers/STM32U5xx_HAL_Driver/Inc/stm32u5xx_ll_adc.h:3344:22:LL_ADC_SetCalibrationOffsetFactor	24	static
../Drivers/STM32U5xx_HAL_Driver/Inc/stm32u5xx_ll_adc.h:3381:26:LL_ADC_GetCalibrationOffsetFactor	24	static
../Drivers/STM32U5xx_HAL_Driver/Inc/stm32u5xx_ll_adc.h:3774:22:LL_ADC_SetOffset	32	static
../Drivers/STM32U5xx_HAL_Driver/Inc/stm32u5xx_ll_adc.h:3848:26:LL_ADC_GetOffsetChannel	24	static
../Drivers/STM32U5xx_HAL_Driver/Inc/stm32u5xx_ll_adc.h:3903:22:LL_ADC_SetOffsetSign	32	static
../Drivers/STM32U5xx_HAL_Driver/Inc/stm32u5xx_ll_adc.h:3952:22:LL_ADC_SetOffsetSignedSaturation	32	static
../Drivers/STM32U5xx_HAL_Driver/Inc/stm32u5xx_ll_adc.h:4299:26:LL_ADC_REG_IsTriggerSourceSWStart	16	static
../Drivers/STM32U5xx_HAL_Driver/Inc/stm32u5xx_ll_adc.h:5851:26:LL_ADC_INJ_IsTriggerSourceSWStart	16	static
../Drivers/STM32U5xx_HAL_Driver/Inc/stm32u5xx_ll_adc.h:6159:26:LL_ADC_INJ_GetTrigAuto	16	static
../Drivers/STM32U5xx_HAL_Driver/Inc/stm32u5xx_ll_adc.h:6504:22:LL_ADC_SetChannelSamplingTime	56	static,ignoring_inline_asm
../Drivers/STM32U5xx_HAL_Driver/Inc/stm32u5xx_ll_adc.h:6692:22:LL_ADC_SetChannelSingleDiff	24	static
../Drivers/STM32U5xx_HAL_Driver/Inc/stm32u5xx_ll_adc.h:7922:22:LL_ADC_EnableDeepPowerDown	16	static
../Drivers/STM32U5xx_HAL_Driver/Inc/stm32u5xx_ll_adc.h:7993:22:LL_ADC_DisableInternalRegulator	16	static
../Drivers/STM32U5xx_HAL_Driver/Inc/stm32u5xx_ll_adc.h:8060:26:LL_ADC_IsEnabled	16	static
../Drivers/STM32U5xx_HAL_Driver/Inc/stm32u5xx_ll_adc.h:8106:22:LL_ADC_StartCalibration	16	static
../Drivers/STM32U5xx_HAL_Driver/Inc/stm32u5xx_ll_adc.h:8129:26:LL_ADC_IsCalibrationOnGoing	16	static
../Drivers/STM32U5xx_HAL_Driver/Inc/stm32u5xx_ll_adc.h:8194:26:LL_ADC_REG_IsConversionOngoing	16	static
../Drivers/STM32U5xx_HAL_Driver/Inc/stm32u5xx_ll_adc.h:8352:22:LL_ADC_INJ_StartConversion	16	static
../Drivers/STM32U5xx_HAL_Driver/Inc/stm32u5xx_ll_adc.h:8384:26:LL_ADC_INJ_IsConversionOngoing	16	static
../Drivers/STM32U5xx_HAL_Driver/Src/stm32u5xx_hal_adc_ex.c:134:19:HAL_ADCEx_Calibration_Start	32	static
../Drivers/STM32U5xx_HAL_Driver/Src/stm32u5xx_hal_adc_ex.c:201:10:HAL_ADCEx_Calibration_GetValue	24	static
../Drivers/STM32U5xx_HAL_Driver/Src/stm32u5xx_hal_adc_ex.c:235:19:HAL_ADCEx_LinearCalibration_GetValue	24	static
../Drivers/STM32U5xx_HAL_Driver/Src/stm32u5xx_hal_adc_ex.c:274:19:HAL_ADCEx_Calibration_SetValue	40	static
../Drivers/STM32U5xx_HAL_Driver/Src/stm32u5xx_hal_adc_ex.c:323:19:HAL_ADCEx_LinearCalibration_SetValue	24	static
../Drivers/STM32U5xx_HAL_Driver/Src/stm32u5xx_hal_adc_ex.c:406:19:HAL_ADCEx_InjectedStart	24	static
../Drivers/STM32U5xx_HAL_Driver/Src/stm32u5xx_hal_adc_ex.c:529:19:HAL_ADCEx_InjectedStop	24	static
../Drivers/STM32U5xx_HAL_Driver/Src/stm32u5xx_hal_adc_ex.c:579:19:HAL_ADCEx_InjectedPollForConversion	40	static
../Drivers/STM32U5xx_HAL_Driver/Src/stm32u5xx_hal_adc_ex.c:715:19:HAL_ADCEx_InjectedStart_IT	24	static
../Drivers/STM32U5xx_HAL_Driver/Src/stm32u5xx_hal_adc_ex.c:857:19:HAL_ADCEx_InjectedStop_IT	24	static
../Drivers/STM32U5xx_HAL_Driver/Src/stm32u5xx_hal_adc_ex.c:1429:10:HAL_ADCEx_InjectedGetValue	24	static
../Drivers/STM32U5xx_HAL_Driver/Src/stm32u5xx_hal_adc_ex.c:1463:13:HAL_ADCEx_InjectedConvCpltCallback	16	static
../Drivers/STM32U5xx_HAL_Driver/Src/stm32u5xx_hal_adc_ex.c:1482:13:HAL_ADCEx_InjectedQueueOverflowCallback	16	static
../Drivers/STM32U5xx_HAL_Driver/Src/stm32u5xx_hal_adc_ex.c:1497:13:HAL_ADCEx_LevelOutOfWindow2Callback	16	static
../Drivers/STM32U5xx_HAL_Driver/Src/stm32u5xx_hal_adc_ex.c:1512:13:HAL_ADCEx_LevelOutOfWindow3Callback	16	static
../Drivers/STM32U5xx_HAL_Driver/Src/stm32u5xx_hal_adc_ex.c:1528:13:HAL_ADCEx_EndOfSamplingCallback	16	static
../Drivers/STM32U5xx_HAL_Driver/Src/stm32u5xx_hal_adc_ex.c:1546:19:HAL_ADCEx_RegularStop	24	static
../Drivers/STM32U5xx_HAL_Driver/Src/stm32u5xx_hal_adc_ex.c:1599:19:HAL_ADCEx_RegularStop_IT	24	static
../Drivers/STM32U5xx_HAL_Driver/Src/stm32u5xx_hal_adc_ex.c:1654:19:HAL_ADCEx_RegularStop_DMA	24	static
../Drivers/STM32U5xx_HAL_Driver/Src/stm32u5xx_hal_adc_ex.c:1906:19:HAL_ADCEx_InjectedConfigChannel	216	static,ignoring_inline_asm
../Drivers/STM32U5xx_HAL_Driver/Src/stm32u5xx_hal_adc_ex.c:2471:19:HAL_ADCEx_DisableVoltageRegulator	24	static
../Drivers/STM32U5xx_HAL_Driver/Src/stm32u5xx_hal_adc_ex.c:2508:19:HAL_ADCEx_EnterADCDeepPowerDownMode	24	static
